Archive member included to satisfy reference by file (symbol)

d:/stmcube/gcc-arm-none-eabi/bin/../lib/gcc/arm-none-eabi/10.3.1/thumb/v7-m/nofp\libgcc.a(unwind-arm.o)
                              CMakeFiles/GD32F10x.elf.dir/UserApp/LEDControl/LEDCtrl.cpp.obj (__aeabi_unwind_cpp_pr0)
d:/stmcube/gcc-arm-none-eabi/bin/../lib/gcc/arm-none-eabi/10.3.1/thumb/v7-m/nofp\libgcc.a(libunwind.o)
                              d:/stmcube/gcc-arm-none-eabi/bin/../lib/gcc/arm-none-eabi/10.3.1/thumb/v7-m/nofp\libgcc.a(unwind-arm.o) (restore_core_regs)
d:/stmcube/gcc-arm-none-eabi/bin/../lib/gcc/arm-none-eabi/10.3.1/thumb/v7-m/nofp\libgcc.a(pr-support.o)
                              d:/stmcube/gcc-arm-none-eabi/bin/../lib/gcc/arm-none-eabi/10.3.1/thumb/v7-m/nofp\libgcc.a(unwind-arm.o) (__gnu_unwind_execute)
d:/stmcube/gcc-arm-none-eabi/bin/../lib/gcc/arm-none-eabi/10.3.1/../../../../arm-none-eabi/lib/thumb/v7-m/nofp\libg.a(lib_a-abort.o)
                              d:/stmcube/gcc-arm-none-eabi/bin/../lib/gcc/arm-none-eabi/10.3.1/thumb/v7-m/nofp\libgcc.a(unwind-arm.o) (abort)
d:/stmcube/gcc-arm-none-eabi/bin/../lib/gcc/arm-none-eabi/10.3.1/../../../../arm-none-eabi/lib/thumb/v7-m/nofp\libg.a(lib_a-exit.o)
                              d:/stmcube/gcc-arm-none-eabi/bin/../lib/gcc/arm-none-eabi/10.3.1/../../../../arm-none-eabi/lib/thumb/v7-m/nofp/crt0.o (exit)
d:/stmcube/gcc-arm-none-eabi/bin/../lib/gcc/arm-none-eabi/10.3.1/../../../../arm-none-eabi/lib/thumb/v7-m/nofp\libg.a(lib_a-impure.o)
                              d:/stmcube/gcc-arm-none-eabi/bin/../lib/gcc/arm-none-eabi/10.3.1/../../../../arm-none-eabi/lib/thumb/v7-m/nofp\libg.a(lib_a-exit.o) (_global_impure_ptr)
d:/stmcube/gcc-arm-none-eabi/bin/../lib/gcc/arm-none-eabi/10.3.1/../../../../arm-none-eabi/lib/thumb/v7-m/nofp\libg.a(lib_a-init.o)
                              d:/stmcube/gcc-arm-none-eabi/bin/../lib/gcc/arm-none-eabi/10.3.1/../../../../arm-none-eabi/lib/thumb/v7-m/nofp/crt0.o (__libc_init_array)
d:/stmcube/gcc-arm-none-eabi/bin/../lib/gcc/arm-none-eabi/10.3.1/../../../../arm-none-eabi/lib/thumb/v7-m/nofp\libg.a(lib_a-memcpy.o)
                              d:/stmcube/gcc-arm-none-eabi/bin/../lib/gcc/arm-none-eabi/10.3.1/thumb/v7-m/nofp\libgcc.a(unwind-arm.o) (memcpy)
d:/stmcube/gcc-arm-none-eabi/bin/../lib/gcc/arm-none-eabi/10.3.1/../../../../arm-none-eabi/lib/thumb/v7-m/nofp\libg.a(lib_a-memset.o)
                              d:/stmcube/gcc-arm-none-eabi/bin/../lib/gcc/arm-none-eabi/10.3.1/../../../../arm-none-eabi/lib/thumb/v7-m/nofp/crt0.o (memset)
d:/stmcube/gcc-arm-none-eabi/bin/../lib/gcc/arm-none-eabi/10.3.1/../../../../arm-none-eabi/lib/thumb/v7-m/nofp\libg.a(lib_a-printf.o)
                              CMakeFiles/GD32F10x.elf.dir/Core/Src/main.c.obj (printf)
d:/stmcube/gcc-arm-none-eabi/bin/../lib/gcc/arm-none-eabi/10.3.1/../../../../arm-none-eabi/lib/thumb/v7-m/nofp\libg.a(lib_a-signal.o)
                              d:/stmcube/gcc-arm-none-eabi/bin/../lib/gcc/arm-none-eabi/10.3.1/../../../../arm-none-eabi/lib/thumb/v7-m/nofp\libg.a(lib_a-abort.o) (raise)
d:/stmcube/gcc-arm-none-eabi/bin/../lib/gcc/arm-none-eabi/10.3.1/../../../../arm-none-eabi/lib/thumb/v7-m/nofp\libg.a(lib_a-signalr.o)
                              d:/stmcube/gcc-arm-none-eabi/bin/../lib/gcc/arm-none-eabi/10.3.1/../../../../arm-none-eabi/lib/thumb/v7-m/nofp\libg.a(lib_a-signal.o) (_kill_r)
d:/stmcube/gcc-arm-none-eabi/bin/../lib/gcc/arm-none-eabi/10.3.1/../../../../arm-none-eabi/lib/thumb/v7-m/nofp\libg.a(lib_a-vfprintf.o)
                              d:/stmcube/gcc-arm-none-eabi/bin/../lib/gcc/arm-none-eabi/10.3.1/../../../../arm-none-eabi/lib/thumb/v7-m/nofp\libg.a(lib_a-printf.o) (_vfprintf_r)
d:/stmcube/gcc-arm-none-eabi/bin/../lib/gcc/arm-none-eabi/10.3.1/../../../../arm-none-eabi/lib/thumb/v7-m/nofp\libg.a(lib_a-wsetup.o)
                              d:/stmcube/gcc-arm-none-eabi/bin/../lib/gcc/arm-none-eabi/10.3.1/../../../../arm-none-eabi/lib/thumb/v7-m/nofp\libg.a(lib_a-vfprintf.o) (__swsetup_r)
d:/stmcube/gcc-arm-none-eabi/bin/../lib/gcc/arm-none-eabi/10.3.1/../../../../arm-none-eabi/lib/thumb/v7-m/nofp\libg.a(lib_a-__call_atexit.o)
                              d:/stmcube/gcc-arm-none-eabi/bin/../lib/gcc/arm-none-eabi/10.3.1/../../../../arm-none-eabi/lib/thumb/v7-m/nofp\libg.a(lib_a-exit.o) (__call_exitprocs)
d:/stmcube/gcc-arm-none-eabi/bin/../lib/gcc/arm-none-eabi/10.3.1/../../../../arm-none-eabi/lib/thumb/v7-m/nofp\libg.a(lib_a-atexit.o)
                              d:/stmcube/gcc-arm-none-eabi/bin/../lib/gcc/arm-none-eabi/10.3.1/../../../../arm-none-eabi/lib/thumb/v7-m/nofp\libg.a(lib_a-__call_atexit.o) (atexit)
d:/stmcube/gcc-arm-none-eabi/bin/../lib/gcc/arm-none-eabi/10.3.1/../../../../arm-none-eabi/lib/thumb/v7-m/nofp\libg.a(lib_a-dtoa.o)
                              d:/stmcube/gcc-arm-none-eabi/bin/../lib/gcc/arm-none-eabi/10.3.1/../../../../arm-none-eabi/lib/thumb/v7-m/nofp\libg.a(lib_a-vfprintf.o) (_dtoa_r)
[...]
Memory Configuration

Name             Origin             Length             Attributes
FLASH            0x08000000         0x00040000         xr
RAM              0x20000000         0x00018000         xrw
MEMORY_B1        0x60000000         0x00000000         xr
*default*        0x00000000         0xffffffff

Linker script and memory map

LOAD d:/stmcube/gcc-arm-none-eabi/bin/../lib/gcc/arm-none-eabi/10.3.1/thumb/v7-m/nofp/crti.o
LOAD d:/stmcube/gcc-arm-none-eabi/bin/../lib/gcc/arm-none-eabi/10.3.1/thumb/v7-m/nofp/crtbegin.o
LOAD d:/stmcube/gcc-arm-none-eabi/bin/../lib/gcc/arm-none-eabi/10.3.1/../../../../arm-none-eabi/lib/thumb/v7-m/nofp/crt0.o
LOAD CMakeFiles/GD32F10x.elf.dir/Core/Src/gd32f10x_adc.c.obj
LOAD CMakeFiles/GD32F10x.elf.dir/Core/Src/gd32f10x_bkp.c.obj
LOAD CMakeFiles/GD32F10x.elf.dir/Core/Src/gd32f10x_can.c.obj
LOAD CMakeFiles/GD32F10x.elf.dir/Core/Src/gd32f10x_crc.c.obj
LOAD CMakeFiles/GD32F10x.elf.dir/Core/Src/gd32f10x_dac.c.obj
LOAD CMakeFiles/GD32F10x.elf.dir/Core/Src/gd32f10x_dbg.c.obj
LOAD CMakeFiles/GD32F10x.elf.dir/Core/Src/gd32f10x_dma.c.obj
LOAD CMakeFiles/GD32F10x.elf.dir/Core/Src/gd32f10x_enet.c.obj
LOAD CMakeFiles/GD32F10x.elf.dir/Core/Src/gd32f10x_eval.c.obj
LOAD CMakeFiles/GD32F10x.elf.dir/Core/Src/gd32f10x_exmc.c.obj
LOAD CMakeFiles/GD32F10x.elf.dir/Core/Src/gd32f10x_exti.c.obj
LOAD CMakeFiles/GD32F10x.elf.dir/Core/Src/gd32f10x_fmc.c.obj
LOAD CMakeFiles/GD32F10x.elf.dir/Core/Src/gd32f10x_fwdgt.c.obj
LOAD CMakeFiles/GD32F10x.elf.dir/Core/Src/gd32f10x_gpio.c.obj
LOAD CMakeFiles/GD32F10x.elf.dir/Core/Src/gd32f10x_i2c.c.obj
LOAD CMakeFiles/GD32F10x.elf.dir/Core/Src/gd32f10x_it.c.obj
LOAD CMakeFiles/GD32F10x.elf.dir/Core/Src/gd32f10x_misc.c.obj
LOAD CMakeFiles/GD32F10x.elf.dir/Core/Src/gd32f10x_pmu.c.obj
LOAD CMakeFiles/GD32F10x.elf.dir/Core/Src/gd32f10x_rcu.c.obj
LOAD CMakeFiles/GD32F10x.elf.dir/Core/Src/gd32f10x_rtc.c.obj
LOAD CMakeFiles/GD32F10x.elf.dir/Core/Src/gd32f10x_sdio.c.obj
LOAD CMakeFiles/GD32F10x.elf.dir/Core/Src/gd32f10x_spi.c.obj
LOAD CMakeFiles/GD32F10x.elf.dir/Core/Src/gd32f10x_timer.c.obj
LOAD CMakeFiles/GD32F10x.elf.dir/Core/Src/gd32f10x_usart.c.obj
LOAD CMakeFiles/GD32F10x.elf.dir/Core/Src/gd32f10x_wwdgt.c.obj
LOAD CMakeFiles/GD32F10x.elf.dir/Core/Src/main.c.obj
LOAD CMakeFiles/GD32F10x.elf.dir/Core/Src/systick.c.obj
LOAD CMakeFiles/GD32F10x.elf.dir/Drivers/CMSIS/system_gd32f10x.c.obj
LOAD CMakeFiles/GD32F10x.elf.dir/UserApp/LEDControl/LEDCtrl.cpp.obj
LOAD CMakeFiles/GD32F10x.elf.dir/UserApp/MainApp/MainApp.cpp.obj
LOAD CMakeFiles/GD32F10x.elf.dir/startup/startup_gd32f10x_md.S.obj
LOAD d:/stmcube/gcc-arm-none-eabi/bin/../lib/gcc/arm-none-eabi/10.3.1/../../../../arm-none-eabi/lib/thumb/v7-m/nofp\libstdc++.a
LOAD d:/stmcube/gcc-arm-none-eabi/bin/../lib/gcc/arm-none-eabi/10.3.1/../../../../arm-none-eabi/lib/thumb/v7-m/nofp\libm.a
START GROUP
LOAD d:/stmcube/gcc-arm-none-eabi/bin/../lib/gcc/arm-none-eabi/10.3.1/thumb/v7-m/nofp\libgcc.a
LOAD d:/stmcube/gcc-arm-none-eabi/bin/../lib/gcc/arm-none-eabi/10.3.1/../../../../arm-none-eabi/lib/thumb/v7-m/nofp\libg.a
LOAD d:/stmcube/gcc-arm-none-eabi/bin/../lib/gcc/arm-none-eabi/10.3.1/../../../../arm-none-eabi/lib/thumb/v7-m/nofp\libc.a
END GROUP
START GROUP
LOAD d:/stmcube/gcc-arm-none-eabi/bin/../lib/gcc/arm-none-eabi/10.3.1/thumb/v7-m/nofp\libgcc.a
LOAD d:/stmcube/gcc-arm-none-eabi/bin/../lib/gcc/arm-none-eabi/10.3.1/../../../../arm-none-eabi/lib/thumb/v7-m/nofp\libc.a
LOAD d:/stmcube/gcc-arm-none-eabi/bin/../lib/gcc/arm-none-eabi/10.3.1/../../../../arm-none-eabi/lib/thumb/v7-m/nofp\libnosys.a
END GROUP
LOAD d:/stmcube/gcc-arm-none-eabi/bin/../lib/gcc/arm-none-eabi/10.3.1/thumb/v7-m/nofp/crtend.o
LOAD d:/stmcube/gcc-arm-none-eabi/bin/../lib/gcc/arm-none-eabi/10.3.1/thumb/v7-m/nofp/crtn.o
                0x20010000                _estack = 0x20010000
                0x00000000                _Min_Heap_Size = 0x0
                0x00000200                _Min_Stack_Size = 0x200

.isr_vector     0x08000000      0x104
                0x08000000                . = ALIGN (0x4)
 *(.isr_vector)
 .isr_vector    0x08000000      0x104 CMakeFiles/GD32F10x.elf.dir/startup/startup_gd32f10x_md.S.obj
                0x08000000                g_pfnVectors
                0x08000104                . = ALIGN (0x4)

.text           0x08000108     0x8738
                0x08000108                . = ALIGN (0x4)
 *(.text)
 .text          0x08000108       0x40 d:/stmcube/gcc-arm-none-eabi/bin/../lib/gcc/arm-none-eabi/10.3.1/thumb/v7-m/nofp/crtbegin.o
 .text          0x08000148      0x9e4 d:/stmcube/gcc-arm-none-eabi/bin/../lib/gcc/arm-none-eabi/10.3.1/thumb/v7-m/nofp\libgcc.a(unwind-arm.o)
                0x08000408                _Unwind_GetCFA
                0x0800040c                __gnu_Unwind_RaiseException
                0x08000474                __gnu_Unwind_ForcedUnwind
                0x08000488                __gnu_Unwind_Resume
                0x080004cc                __gnu_Unwind_Resume_or_Rethrow
                0x080004e0                _Unwind_Complete
                0x080004e4                _Unwind_DeleteException
                0x080004f0                _Unwind_VRS_Get
                0x0800053c                _Unwind_VRS_Set
                0x08000584                __gnu_Unwind_Backtrace
                0x080008ac                __aeabi_unwind_cpp_pr0
                0x080008b0                __aeabi_unwind_cpp_pr1
                0x080008b4                __aeabi_unwind_cpp_pr2
                0x080008b8                _Unwind_VRS_Pop
 .text          0x08000b2c      0x1ac d:/stmcube/gcc-arm-none-eabi/bin/../lib/gcc/arm-none-eabi/10.3.1/thumb/v7-m/nofp\libgcc.a(libunwind.o)
                0x08000b2c                __restore_core_regs
                0x08000b2c                restore_core_regs
                0x08000b44                __gnu_Unwind_Restore_VFP
                0x08000b4c                __gnu_Unwind_Save_VFP
                0x08000b54                __gnu_Unwind_Restore_VFP_D
                0x08000b5c                __gnu_Unwind_Save_VFP_D
                0x08000b64                __gnu_Unwind_Restore_VFP_D_16_to_31
                0x08000b6c                __gnu_Unwind_Save_VFP_D_16_to_31
                0x08000b74                __gnu_Unwind_Restore_WMMXD
                0x08000bb8                __gnu_Unwind_Save_WMMXD
                0x08000bfc                __gnu_Unwind_Restore_WMMXC
                0x08000c10                __gnu_Unwind_Save_WMMXC
                0x08000c24                ___Unwind_RaiseException
                0x08000c24                _Unwind_RaiseException
                0x08000c48                _Unwind_Resume
                0x08000c48                ___Unwind_Resume
                0x08000c6c                _Unwind_Resume_or_Rethrow
                0x08000c6c                ___Unwind_Resume_or_Rethrow
                0x08000c90                _Unwind_ForcedUnwind
                0x08000c90                ___Unwind_ForcedUnwind
                0x08000cb4                ___Unwind_Backtrace
                0x08000cb4                _Unwind_Backtrace
 .text          0x08000cd8      0x38c d:/stmcube/gcc-arm-none-eabi/bin/../lib/gcc/arm-none-eabi/10.3.1/thumb/v7-m/nofp\libgcc.a(pr-support.o)
                0x08000d30                __gnu_unwind_execute
                0x08001014                __gnu_unwind_frame
                0x08001044                _Unwind_GetRegionStart
                0x08001050                _Unwind_GetLanguageSpecificData
 .text          0x08001064       0xec d:/stmcube/gcc-arm-none-eabi/bin/../lib/gcc/arm-none-eabi/10.3.1/../../../../arm-none-eabi/lib/thumb/v7-m/nofp\libg.a(lib_a-memcpy.o)
                0x08001064                memcpy
 .text          0x08001150      0x378 d:/stmcube/gcc-arm-none-eabi/bin/../lib/gcc/arm-none-eabi/10.3.1/thumb/v7-m/nofp\libgcc.a(_arm_addsubdf3.o)
                0x08001150                __aeabi_drsub
                0x08001158                __aeabi_dsub
                0x08001158                __subdf3
                0x0800115c                __aeabi_dadd
                0x0800115c                __adddf3
                0x080013d4                __floatunsidf
                0x080013d4                __aeabi_ui2d
                0x080013f4                __floatsidf
                0x080013f4                __aeabi_i2d
                0x08001418                __aeabi_f2d
                0x08001418                __extendsfdf2
                0x0800145c                __floatundidf
                0x0800145c                __aeabi_ul2d
                0x0800146c                __floatdidf
                0x0800146c                __aeabi_l2d
 .text          0x080014c8      0x424 d:/stmcube/gcc-arm-none-eabi/bin/../lib/gcc/arm-none-eabi/10.3.1/thumb/v7-m/nofp\libgcc.a(_arm_muldivdf3.o)
                0x080014c8                __aeabi_dmul
                0x080014c8                __muldf3
                0x0800171c                __divdf3
                0x0800171c                __aeabi_ddiv
 .text          0x080018ec      0x110 d:/stmcube/gcc-arm-none-eabi/bin/../lib/gcc/arm-none-eabi/10.3.1/thumb/v7-m/nofp\libgcc.a(_arm_cmpdf2.o)
                0x080018ec                __gtdf2
                0x080018ec                __gedf2
                0x080018f4                __ltdf2
                0x080018f4                __ledf2
                0x080018fc                __nedf2
                0x080018fc                __eqdf2
                0x080018fc                __cmpdf2
                0x08001978                __aeabi_cdrcmple
                0x08001988                __aeabi_cdcmpeq
                0x08001988                __aeabi_cdcmple
                0x08001998                __aeabi_dcmpeq
                0x080019ac                __aeabi_dcmplt
                0x080019c0                __aeabi_dcmple
                0x080019d4                __aeabi_dcmpge
                0x080019e8                __aeabi_dcmpgt
 .text          0x080019fc       0x2c d:/stmcube/gcc-arm-none-eabi/bin/../lib/gcc/arm-none-eabi/10.3.1/thumb/v7-m/nofp\libgcc.a(_arm_unorddf2.o)
                0x080019fc                __unorddf2
                0x080019fc                __aeabi_dcmpun
 .text          0x08001a28       0x50 d:/stmcube/gcc-arm-none-eabi/bin/../lib/gcc/arm-none-eabi/10.3.1/thumb/v7-m/nofp\libgcc.a(_arm_fixdfsi.o)
                0x08001a28                __aeabi_d2iz
                0x08001a28                __fixdfsi
 .text          0x08001a78       0x30 d:/stmcube/gcc-arm-none-eabi/bin/../lib/gcc/arm-none-eabi/10.3.1/thumb/v7-m/nofp\libgcc.a(_aeabi_uldivmod.o)
                0x08001a78                __aeabi_uldivmod
 .text          0x08001aa8      0x2d4 d:/stmcube/gcc-arm-none-eabi/bin/../lib/gcc/arm-none-eabi/10.3.1/thumb/v7-m/nofp\libgcc.a(_udivmoddi4.o)
                0x08001aa8                __udivmoddi4
 .text          0x08001d7c        0x4 d:/stmcube/gcc-arm-none-eabi/bin/../lib/gcc/arm-none-eabi/10.3.1/thumb/v7-m/nofp\libgcc.a(_dvmd_tls.o)
                0x08001d7c                __aeabi_idiv0
                0x08001d7c                __aeabi_ldiv0
 *(.text*)
 .text.gd_eval_led_on
                0x08001d80       0x18 CMakeFiles/GD32F10x.elf.dir/Core/Src/gd32f10x_eval.c.obj
                0x08001d80                gd_eval_led_on
 .text.gd_eval_led_off
                0x08001d98       0x18 CMakeFiles/GD32F10x.elf.dir/Core/Src/gd32f10x_eval.c.obj
                0x08001d98                gd_eval_led_off
 .text.gpio_init
                0x08001db0       0x92 CMakeFiles/GD32F10x.elf.dir/Core/Src/gd32f10x_gpio.c.obj
                0x08001db0                gpio_init
 .text.NMI_Handler
                0x08001e42        0x2 CMakeFiles/GD32F10x.elf.dir/Core/Src/gd32f10x_it.c.obj
                0x08001e42                NMI_Handler
 .text.HardFault_Handler
                0x08001e44        0x2 CMakeFiles/GD32F10x.elf.dir/Core/Src/gd32f10x_it.c.obj
                0x08001e44                HardFault_Handler
 .text.MemManage_Handler
                0x08001e46        0x2 CMakeFiles/GD32F10x.elf.dir/Core/Src/gd32f10x_it.c.obj
                0x08001e46                MemManage_Handler
 .text.BusFault_Handler
                0x08001e48        0x2 CMakeFiles/GD32F10x.elf.dir/Core/Src/gd32f10x_it.c.obj
                0x08001e48                BusFault_Handler
 .text.UsageFault_Handler
                0x08001e4a        0x2 CMakeFiles/GD32F10x.elf.dir/Core/Src/gd32f10x_it.c.obj
                0x08001e4a                UsageFault_Handler
 .text.SVC_Handler
                0x08001e4c        0x2 CMakeFiles/GD32F10x.elf.dir/Core/Src/gd32f10x_it.c.obj
                0x08001e4c                SVC_Handler
 .text.DebugMon_Handler
                0x08001e4e        0x2 CMakeFiles/GD32F10x.elf.dir/Core/Src/gd32f10x_it.c.obj
                0x08001e4e                DebugMon_Handler
 .text.PendSV_Handler
                0x08001e50        0x2 CMakeFiles/GD32F10x.elf.dir/Core/Src/gd32f10x_it.c.obj
                0x08001e50                PendSV_Handler
 .text.SysTick_Handler
                0x08001e52        0xc CMakeFiles/GD32F10x.elf.dir/Core/Src/gd32f10x_it.c.obj
                0x08001e52                SysTick_Handler
 *fill*         0x08001e5e        0x2 
 .text.nvic_vector_table_set
                0x08001e60       0x18 CMakeFiles/GD32F10x.elf.dir/Core/Src/gd32f10x_misc.c.obj
                0x08001e60                nvic_vector_table_set
 .text.rcu_periph_clock_enable
                0x08001e78       0x1c CMakeFiles/GD32F10x.elf.dir/Core/Src/gd32f10x_rcu.c.obj
                0x08001e78                rcu_periph_clock_enable
 .text.rcu_clock_freq_get
                0x08001e94       0xe0 CMakeFiles/GD32F10x.elf.dir/Core/Src/gd32f10x_rcu.c.obj
                0x08001e94                rcu_clock_freq_get
 .text.led_spark
                0x08001f74       0x38 CMakeFiles/GD32F10x.elf.dir/Core/Src/main.c.obj
                0x08001f74                led_spark
 .text.main     0x08001fac       0x5c CMakeFiles/GD32F10x.elf.dir/Core/Src/main.c.obj
                0x08001fac                main
 .text.systick_config
                0x08002008       0x40 CMakeFiles/GD32F10x.elf.dir/Core/Src/systick.c.obj
                0x08002008                systick_config
 .text.delay_1ms
                0x08002048       0x14 CMakeFiles/GD32F10x.elf.dir/Core/Src/systick.c.obj
                0x08002048                delay_1ms
 .text.delay_decrement
                0x0800205c       0x14 CMakeFiles/GD32F10x.elf.dir/Core/Src/systick.c.obj
                0x0800205c                delay_decrement
 .text.system_clock_108m_hxtal
                0x08002070       0x9c CMakeFiles/GD32F10x.elf.dir/Drivers/CMSIS/system_gd32f10x.c.obj
 .text.system_clock_config
                0x0800210c        0x8 CMakeFiles/GD32F10x.elf.dir/Drivers/CMSIS/system_gd32f10x.c.obj
 .text.SystemInit
                0x08002114       0xbc CMakeFiles/GD32F10x.elf.dir/Drivers/CMSIS/system_gd32f10x.c.obj
                0x08002114                SystemInit
 .text._ZN5U_LEDC2Ev
                0x080021d0        0x2 CMakeFiles/GD32F10x.elf.dir/UserApp/LEDControl/LEDCtrl.cpp.obj
                0x080021d0                U_LED::U_LED()
                0x080021d0                U_LED::U_LED()
 *fill*         0x080021d2        0x2 
 .text._ZN5U_LED4initE16led_typedef_enum
                0x080021d4       0x38 CMakeFiles/GD32F10x.elf.dir/UserApp/LEDControl/LEDCtrl.cpp.obj
                0x080021d4                U_LED::init(led_typedef_enum)
 .text._ZN5U_LED6TurnOnE16led_typedef_enum
                0x0800220c       0x18 CMakeFiles/GD32F10x.elf.dir/UserApp/LEDControl/LEDCtrl.cpp.obj
                0x0800220c                U_LED::TurnOn(led_typedef_enum)
 .text._ZN5U_LED7TurnOffE16led_typedef_enum
                0x08002224       0x18 CMakeFiles/GD32F10x.elf.dir/UserApp/LEDControl/LEDCtrl.cpp.obj
                0x08002224                U_LED::TurnOff(led_typedef_enum)
 .text._Z41__static_initialization_and_destruction_0ii
                0x0800223c       0x20 CMakeFiles/GD32F10x.elf.dir/UserApp/MainApp/MainApp.cpp.obj
 .text.Main     0x0800225c       0x34 CMakeFiles/GD32F10x.elf.dir/UserApp/MainApp/MainApp.cpp.obj
                0x0800225c                Main
 .text._GLOBAL__sub_I_Led_Blink
                0x08002290        0xe CMakeFiles/GD32F10x.elf.dir/UserApp/MainApp/MainApp.cpp.obj
 *fill*         0x0800229e        0x2 
 .text.Reset_Handler
                0x080022a0       0x44 CMakeFiles/GD32F10x.elf.dir/startup/startup_gd32f10x_md.S.obj
                0x080022a0                Reset_Handler
 .text.Default_Handler
                0x080022e4        0x2 CMakeFiles/GD32F10x.elf.dir/startup/startup_gd32f10x_md.S.obj
                0x080022e4                RTC_Alarm_IRQHandler
                0x080022e4                EXTI2_IRQHandler
                0x080022e4                TIMER2_IRQHandler
                0x080022e4                LVD_IRQHandler
                0x080022e4                TIMER0_BRK_IRQHandler
                0x080022e4                ADC0_1_IRQHandler
                0x080022e4                TIMER0_UP_IRQHandler
                0x080022e4                EXTI3_IRQHandler
                0x080022e4                TIMER3_IRQHandler
                0x080022e4                DMA0_Channel6_IRQHandler
                0x080022e4                I2C0_EV_IRQHandler
                0x080022e4                EXTI0_IRQHandler
                0x080022e4                SPI1_IRQHandler
                0x080022e4                DMA0_Channel0_IRQHandler
                0x080022e4                TAMPER_IRQHandler
                0x080022e4                DMA0_Channel3_IRQHandler
                0x080022e4                I2C0_ER_IRQHandler
                0x080022e4                RTC_IRQHandler
                0x080022e4                DMA0_Channel2_IRQHandler
                0x080022e4                USART0_IRQHandler
                0x080022e4                TIMER1_IRQHandler
                0x080022e4                TIMER0_TRG_CMT_IRQHandler
                0x080022e4                I2C1_EV_IRQHandler
                0x080022e4                EXTI10_15_IRQHandler
                0x080022e4                Default_Handler
                0x080022e4                WWDGT_IRQHandler
                0x080022e4                EXMC_IRQHandler
                0x080022e4                USBD_WKUP_IRQHandler
                0x080022e4                EXTI4_IRQHandler
                0x080022e4                USBD_HP_CAN0_TX_IRQHandler
                0x080022e4                CAN0_RX1_IRQHandler
                0x080022e4                DMA0_Channel5_IRQHandler
                0x080022e4                EXTI5_9_IRQHandler
                0x080022e4                RCU_IRQHandler
                0x080022e4                DMA0_Channel1_IRQHandler
                0x080022e4                TIMER0_Channel_IRQHandler
                0x080022e4                EXTI1_IRQHandler
                0x080022e4                SPI0_IRQHandler
                0x080022e4                USART2_IRQHandler
                0x080022e4                CAN0_EWMC_IRQHandler
                0x080022e4                USBD_LP_CAN0_RX0_IRQHandler
                0x080022e4                USART1_IRQHandler
                0x080022e4                I2C1_ER_IRQHandler
                0x080022e4                FMC_IRQHandler
                0x080022e4                DMA0_Channel4_IRQHandler
 *fill*         0x080022e6        0x2 
 .text.abort    0x080022e8       0x10 d:/stmcube/gcc-arm-none-eabi/bin/../lib/gcc/arm-none-eabi/10.3.1/../../../../arm-none-eabi/lib/thumb/v7-m/nofp\libg.a(lib_a-abort.o)
                0x080022e8                abort
 .text.memset   0x080022f8       0xa4 d:/stmcube/gcc-arm-none-eabi/bin/../lib/gcc/arm-none-eabi/10.3.1/../../../../arm-none-eabi/lib/thumb/v7-m/nofp\libg.a(lib_a-memset.o)
                0x080022f8                memset
 .text.printf   0x0800239c       0x28 d:/stmcube/gcc-arm-none-eabi/bin/../lib/gcc/arm-none-eabi/10.3.1/../../../../arm-none-eabi/lib/thumb/v7-m/nofp\libg.a(lib_a-printf.o)
                0x0800239c                printf
 .text.raise    0x080023c4       0x5c d:/stmcube/gcc-arm-none-eabi/bin/../lib/gcc/arm-none-eabi/10.3.1/../../../../arm-none-eabi/lib/thumb/v7-m/nofp\libg.a(lib_a-signal.o)
                0x080023c4                raise
 .text._kill_r  0x08002420       0x28 d:/stmcube/gcc-arm-none-eabi/bin/../lib/gcc/arm-none-eabi/10.3.1/../../../../arm-none-eabi/lib/thumb/v7-m/nofp\libg.a(lib_a-signalr.o)
                0x08002420                _kill_r
 .text._getpid_r
                0x08002448        0x4 d:/stmcube/gcc-arm-none-eabi/bin/../lib/gcc/arm-none-eabi/10.3.1/../../../../arm-none-eabi/lib/thumb/v7-m/nofp\libg.a(lib_a-signalr.o)
                0x08002448                _getpid_r
 .text._vfprintf_r
                0x0800244c     0x1b58 d:/stmcube/gcc-arm-none-eabi/bin/../lib/gcc/arm-none-eabi/10.3.1/../../../../arm-none-eabi/lib/thumb/v7-m/nofp\libg.a(lib_a-vfprintf.o)
                0x0800244c                _vfprintf_r
 .text.__sbprintf
                0x08003fa4       0x84 d:/stmcube/gcc-arm-none-eabi/bin/../lib/gcc/arm-none-eabi/10.3.1/../../../../arm-none-eabi/lib/thumb/v7-m/nofp\libg.a(lib_a-vfprintf.o)
 .text.__swsetup_r
                0x08004028       0xd4 d:/stmcube/gcc-arm-none-eabi/bin/../lib/gcc/arm-none-eabi/10.3.1/../../../../arm-none-eabi/lib/thumb/v7-m/nofp\libg.a(lib_a-wsetup.o)
                0x08004028                __swsetup_r
 .text.startup.register_fini
                0x080040fc       0x14 d:/stmcube/gcc-arm-none-eabi/bin/../lib/gcc/arm-none-eabi/10.3.1/../../../../arm-none-eabi/lib/thumb/v7-m/nofp\libg.a(lib_a-__call_atexit.o)
 .text.atexit   0x08004110        0xc d:/stmcube/gcc-arm-none-eabi/bin/../lib/gcc/arm-none-eabi/10.3.1/../../../../arm-none-eabi/lib/thumb/v7-m/nofp\libg.a(lib_a-atexit.o)
                0x08004110                atexit
 .text.quorem   0x0800411c      0x12c d:/stmcube/gcc-arm-none-eabi/bin/../lib/gcc/arm-none-eabi/10.3.1/../../../../arm-none-eabi/lib/thumb/v7-m/nofp\libg.a(lib_a-dtoa.o)
 .text._dtoa_r  0x08004248      0xecc d:/stmcube/gcc-arm-none-eabi/bin/../lib/gcc/arm-none-eabi/10.3.1/../../../../arm-none-eabi/lib/thumb/v7-m/nofp\libg.a(lib_a-dtoa.o)
                0x08004248                _dtoa_r
 .text.__sflush_r
                0x08005114      0x124 d:/stmcube/gcc-arm-none-eabi/bin/../lib/gcc/arm-none-eabi/10.3.1/../../../../arm-none-eabi/lib/thumb/v7-m/nofp\libg.a(lib_a-fflush.o)
                0x08005114                __sflush_r
 .text._fflush_r
                0x08005238       0x5c d:/stmcube/gcc-arm-none-eabi/bin/../lib/gcc/arm-none-eabi/10.3.1/../../../../arm-none-eabi/lib/thumb/v7-m/nofp\libg.a(lib_a-fflush.o)
                0x08005238                _fflush_r
 .text._cleanup_r
                0x08005294        0xc d:/stmcube/gcc-arm-none-eabi/bin/../lib/gcc/arm-none-eabi/10.3.1/../../../../arm-none-eabi/lib/thumb/v7-m/nofp\libg.a(lib_a-findfp.o)
                0x08005294                _cleanup_r
 .text.__sinit  0x080052a0      0x10c d:/stmcube/gcc-arm-none-eabi/bin/../lib/gcc/arm-none-eabi/10.3.1/../../../../arm-none-eabi/lib/thumb/v7-m/nofp\libg.a(lib_a-findfp.o)
                0x080052a0                __sinit
 .text.__sfp_lock_acquire
                0x080053ac        0xc d:/stmcube/gcc-arm-none-eabi/bin/../lib/gcc/arm-none-eabi/10.3.1/../../../../arm-none-eabi/lib/thumb/v7-m/nofp\libg.a(lib_a-findfp.o)
                0x080053ac                __sfp_lock_acquire
 .text.__sfp_lock_release
                0x080053b8        0xc d:/stmcube/gcc-arm-none-eabi/bin/../lib/gcc/arm-none-eabi/10.3.1/../../../../arm-none-eabi/lib/thumb/v7-m/nofp\libg.a(lib_a-findfp.o)
                0x080053b8                __sfp_lock_release
 .text.__libc_fini_array
                0x080053c4       0x2c d:/stmcube/gcc-arm-none-eabi/bin/../lib/gcc/arm-none-eabi/10.3.1/../../../../arm-none-eabi/lib/thumb/v7-m/nofp\libg.a(lib_a-fini.o)
                0x080053c4                __libc_fini_array
 .text._malloc_trim_r
                0x080053f0       0xa0 d:/stmcube/gcc-arm-none-eabi/bin/../lib/gcc/arm-none-eabi/10.3.1/../../../../arm-none-eabi/lib/thumb/v7-m/nofp\libg.a(lib_a-freer.o)
                0x080053f0                _malloc_trim_r
 .text._free_r  0x08005490      0x200 d:/stmcube/gcc-arm-none-eabi/bin/../lib/gcc/arm-none-eabi/10.3.1/../../../../arm-none-eabi/lib/thumb/v7-m/nofp\libg.a(lib_a-freer.o)
                0x08005490                _free_r
 .text._fwalk_reent
                0x08005690       0x48 d:/stmcube/gcc-arm-none-eabi/bin/../lib/gcc/arm-none-eabi/10.3.1/../../../../arm-none-eabi/lib/thumb/v7-m/nofp\libg.a(lib_a-fwalk.o)
                0x08005690                _fwalk_reent
 .text._localeconv_r
                0x080056d8        0x8 d:/stmcube/gcc-arm-none-eabi/bin/../lib/gcc/arm-none-eabi/10.3.1/../../../../arm-none-eabi/lib/thumb/v7-m/nofp\libg.a(lib_a-localeconv.o)
                0x080056d8                _localeconv_r
 .text.__retarget_lock_init_recursive
                0x080056e0        0x4 d:/stmcube/gcc-arm-none-eabi/bin/../lib/gcc/arm-none-eabi/10.3.1/../../../../arm-none-eabi/lib/thumb/v7-m/nofp\libg.a(lib_a-lock.o)
                0x080056e0                __retarget_lock_init_recursive
 .text.__retarget_lock_close_recursive
                0x080056e4        0x4 d:/stmcube/gcc-arm-none-eabi/bin/../lib/gcc/arm-none-eabi/10.3.1/../../../../arm-none-eabi/lib/thumb/v7-m/nofp\libg.a(lib_a-lock.o)
                0x080056e4                __retarget_lock_close_recursive
 .text.__retarget_lock_acquire_recursive
                0x080056e8        0x4 d:/stmcube/gcc-arm-none-eabi/bin/../lib/gcc/arm-none-eabi/10.3.1/../../../../arm-none-eabi/lib/thumb/v7-m/nofp\libg.a(lib_a-lock.o)
                0x080056e8                __retarget_lock_acquire_recursive
 .text.__retarget_lock_release_recursive
                0x080056ec        0x4 d:/stmcube/gcc-arm-none-eabi/bin/../lib/gcc/arm-none-eabi/10.3.1/../../../../arm-none-eabi/lib/thumb/v7-m/nofp\libg.a(lib_a-lock.o)
                0x080056ec                __retarget_lock_release_recursive
 .text.__smakebuf_r
                0x080056f0       0xe0 d:/stmcube/gcc-arm-none-eabi/bin/../lib/gcc/arm-none-eabi/10.3.1/../../../../arm-none-eabi/lib/thumb/v7-m/nofp\libg.a(lib_a-makebuf.o)
                0x080056f0                __smakebuf_r
 .text._malloc_r
                0x080057d0      0x558 d:/stmcube/gcc-arm-none-eabi/bin/../lib/gcc/arm-none-eabi/10.3.1/../../../../arm-none-eabi/lib/thumb/v7-m/nofp\libg.a(lib_a-mallocr.o)
                0x080057d0                _malloc_r
 .text.memchr   0x08005d28       0x90 d:/stmcube/gcc-arm-none-eabi/bin/../lib/gcc/arm-none-eabi/10.3.1/../../../../arm-none-eabi/lib/thumb/v7-m/nofp\libg.a(lib_a-memchr-stub.o)
                0x08005d28                memchr
 .text.__malloc_lock
                0x08005db8        0xc d:/stmcube/gcc-arm-none-eabi/bin/../lib/gcc/arm-none-eabi/10.3.1/../../../../arm-none-eabi/lib/thumb/v7-m/nofp\libg.a(lib_a-mlock.o)
                0x08005db8                __malloc_lock
 .text.__malloc_unlock
                0x08005dc4        0xc d:/stmcube/gcc-arm-none-eabi/bin/../lib/gcc/arm-none-eabi/10.3.1/../../../../arm-none-eabi/lib/thumb/v7-m/nofp\libg.a(lib_a-mlock.o)
                0x08005dc4                __malloc_unlock
 .text._Balloc  0x08005dd0       0x4c d:/stmcube/gcc-arm-none-eabi/bin/../lib/gcc/arm-none-eabi/10.3.1/../../../../arm-none-eabi/lib/thumb/v7-m/nofp\libg.a(lib_a-mprec.o)
                0x08005dd0                _Balloc
 .text._Bfree   0x08005e1c       0x14 d:/stmcube/gcc-arm-none-eabi/bin/../lib/gcc/arm-none-eabi/10.3.1/../../../../arm-none-eabi/lib/thumb/v7-m/nofp\libg.a(lib_a-mprec.o)
                0x08005e1c                _Bfree
 .text.__multadd
                0x08005e30       0xa4 d:/stmcube/gcc-arm-none-eabi/bin/../lib/gcc/arm-none-eabi/10.3.1/../../../../arm-none-eabi/lib/thumb/v7-m/nofp\libg.a(lib_a-mprec.o)
                0x08005e30                __multadd
 .text.__hi0bits
                0x08005ed4       0x40 d:/stmcube/gcc-arm-none-eabi/bin/../lib/gcc/arm-none-eabi/10.3.1/../../../../arm-none-eabi/lib/thumb/v7-m/nofp\libg.a(lib_a-mprec.o)
                0x08005ed4                __hi0bits
 .text.__lo0bits
                0x08005f14       0x58 d:/stmcube/gcc-arm-none-eabi/bin/../lib/gcc/arm-none-eabi/10.3.1/../../../../arm-none-eabi/lib/thumb/v7-m/nofp\libg.a(lib_a-mprec.o)
                0x08005f14                __lo0bits
 .text.__i2b    0x08005f6c       0x5c d:/stmcube/gcc-arm-none-eabi/bin/../lib/gcc/arm-none-eabi/10.3.1/../../../../arm-none-eabi/lib/thumb/v7-m/nofp\libg.a(lib_a-mprec.o)
                0x08005f6c                __i2b
 .text.__multiply
                0x08005fc8      0x15c d:/stmcube/gcc-arm-none-eabi/bin/../lib/gcc/arm-none-eabi/10.3.1/../../../../arm-none-eabi/lib/thumb/v7-m/nofp\libg.a(lib_a-mprec.o)
                0x08005fc8                __multiply
 .text.__pow5mult
                0x08006124       0xb8 d:/stmcube/gcc-arm-none-eabi/bin/../lib/gcc/arm-none-eabi/10.3.1/../../../../arm-none-eabi/lib/thumb/v7-m/nofp\libg.a(lib_a-mprec.o)
                0x08006124                __pow5mult
 .text.__lshift
                0x080061dc       0xec d:/stmcube/gcc-arm-none-eabi/bin/../lib/gcc/arm-none-eabi/10.3.1/../../../../arm-none-eabi/lib/thumb/v7-m/nofp\libg.a(lib_a-mprec.o)
                0x080061dc                __lshift
 .text.__mcmp   0x080062c8       0x40 d:/stmcube/gcc-arm-none-eabi/bin/../lib/gcc/arm-none-eabi/10.3.1/../../../../arm-none-eabi/lib/thumb/v7-m/nofp\libg.a(lib_a-mprec.o)
                0x080062c8                __mcmp
 .text.__mdiff  0x08006308      0x14c d:/stmcube/gcc-arm-none-eabi/bin/../lib/gcc/arm-none-eabi/10.3.1/../../../../arm-none-eabi/lib/thumb/v7-m/nofp\libg.a(lib_a-mprec.o)
                0x08006308                __mdiff
 .text.__d2b    0x08006454       0xc4 d:/stmcube/gcc-arm-none-eabi/bin/../lib/gcc/arm-none-eabi/10.3.1/../../../../arm-none-eabi/lib/thumb/v7-m/nofp\libg.a(lib_a-mprec.o)
                0x08006454                __d2b
 .text.frexp    0x08006518       0x70 d:/stmcube/gcc-arm-none-eabi/bin/../lib/gcc/arm-none-eabi/10.3.1/../../../../arm-none-eabi/lib/thumb/v7-m/nofp\libg.a(lib_a-s_frexp.o)
                0x08006518                frexp
 .text._sbrk_r  0x08006588       0x24 d:/stmcube/gcc-arm-none-eabi/bin/../lib/gcc/arm-none-eabi/10.3.1/../../../../arm-none-eabi/lib/thumb/v7-m/nofp\libg.a(lib_a-sbrkr.o)
                0x08006588                _sbrk_r
 .text.__sread  0x080065ac       0x24 d:/stmcube/gcc-arm-none-eabi/bin/../lib/gcc/arm-none-eabi/10.3.1/../../../../arm-none-eabi/lib/thumb/v7-m/nofp\libg.a(lib_a-stdio.o)
                0x080065ac                __sread
 .text.__swrite
                0x080065d0       0x40 d:/stmcube/gcc-arm-none-eabi/bin/../lib/gcc/arm-none-eabi/10.3.1/../../../../arm-none-eabi/lib/thumb/v7-m/nofp\libg.a(lib_a-stdio.o)
                0x080065d0                __swrite
 .text.__sseek  0x08006610       0x20 d:/stmcube/gcc-arm-none-eabi/bin/../lib/gcc/arm-none-eabi/10.3.1/../../../../arm-none-eabi/lib/thumb/v7-m/nofp\libg.a(lib_a-stdio.o)
                0x08006610                __sseek
 .text.__sclose
                0x08006630        0x8 d:/stmcube/gcc-arm-none-eabi/bin/../lib/gcc/arm-none-eabi/10.3.1/../../../../arm-none-eabi/lib/thumb/v7-m/nofp\libg.a(lib_a-stdio.o)
                0x08006630                __sclose
 .text.strlen   0x08006638       0x5c d:/stmcube/gcc-arm-none-eabi/bin/../lib/gcc/arm-none-eabi/10.3.1/../../../../arm-none-eabi/lib/thumb/v7-m/nofp\libg.a(lib_a-strlen-stub.o)
                0x08006638                strlen
 .text.strncpy  0x08006694       0x68 d:/stmcube/gcc-arm-none-eabi/bin/../lib/gcc/arm-none-eabi/10.3.1/../../../../arm-none-eabi/lib/thumb/v7-m/nofp\libg.a(lib_a-strncpy.o)
                0x08006694                strncpy
 .text.__sprint_r.part.0
                0x080066fc       0x78 d:/stmcube/gcc-arm-none-eabi/bin/../lib/gcc/arm-none-eabi/10.3.1/../../../../arm-none-eabi/lib/thumb/v7-m/nofp\libg.a(lib_a-vfiprintf.o)
 .text.__sprint_r
                0x08006774       0x14 d:/stmcube/gcc-arm-none-eabi/bin/../lib/gcc/arm-none-eabi/10.3.1/../../../../arm-none-eabi/lib/thumb/v7-m/nofp\libg.a(lib_a-vfiprintf.o)
                0x08006774                __sprint_r
 .text._vfiprintf_r
                0x08006788      0xd98 d:/stmcube/gcc-arm-none-eabi/bin/../lib/gcc/arm-none-eabi/10.3.1/../../../../arm-none-eabi/lib/thumb/v7-m/nofp\libg.a(lib_a-vfiprintf.o)
                0x08006788                _vfiprintf_r
 .text.__sbprintf
                0x08007520       0x84 d:/stmcube/gcc-arm-none-eabi/bin/../lib/gcc/arm-none-eabi/10.3.1/../../../../arm-none-eabi/lib/thumb/v7-m/nofp\libg.a(lib_a-vfiprintf.o)
 .text._write_r
                0x080075a4       0x2c d:/stmcube/gcc-arm-none-eabi/bin/../lib/gcc/arm-none-eabi/10.3.1/../../../../arm-none-eabi/lib/thumb/v7-m/nofp\libg.a(lib_a-writer.o)
                0x080075a4                _write_r
 .text.__register_exitproc
                0x080075d0       0x8c d:/stmcube/gcc-arm-none-eabi/bin/../lib/gcc/arm-none-eabi/10.3.1/../../../../arm-none-eabi/lib/thumb/v7-m/nofp\libg.a(lib_a-__atexit.o)
                0x080075d0                __register_exitproc
 .text.__assert_func
                0x0800765c       0x40 d:/stmcube/gcc-arm-none-eabi/bin/../lib/gcc/arm-none-eabi/10.3.1/../../../../arm-none-eabi/lib/thumb/v7-m/nofp\libg.a(lib_a-assert.o)
                0x0800765c                __assert_func
 .text._calloc_r
                0x0800769c       0x78 d:/stmcube/gcc-arm-none-eabi/bin/../lib/gcc/arm-none-eabi/10.3.1/../../../../arm-none-eabi/lib/thumb/v7-m/nofp\libg.a(lib_a-callocr.o)
                0x0800769c                _calloc_r
 .text._close_r
                0x08007714       0x24 d:/stmcube/gcc-arm-none-eabi/bin/../lib/gcc/arm-none-eabi/10.3.1/../../../../arm-none-eabi/lib/thumb/v7-m/nofp\libg.a(lib_a-closer.o)
                0x08007714                _close_r
 .text.__errno  0x08007738        0xc d:/stmcube/gcc-arm-none-eabi/bin/../lib/gcc/arm-none-eabi/10.3.1/../../../../arm-none-eabi/lib/thumb/v7-m/nofp\libg.a(lib_a-errno.o)
                0x08007738                __errno
 .text._fclose_r
                0x08007744       0xcc d:/stmcube/gcc-arm-none-eabi/bin/../lib/gcc/arm-none-eabi/10.3.1/../../../../arm-none-eabi/lib/thumb/v7-m/nofp\libg.a(lib_a-fclose.o)
                0x08007744                _fclose_r
 .text.fiprintf
                0x08007810       0x28 d:/stmcube/gcc-arm-none-eabi/bin/../lib/gcc/arm-none-eabi/10.3.1/../../../../arm-none-eabi/lib/thumb/v7-m/nofp\libg.a(lib_a-fiprintf.o)
                0x08007810                fiprintf
 .text.__fputwc
                0x08007838       0xa0 d:/stmcube/gcc-arm-none-eabi/bin/../lib/gcc/arm-none-eabi/10.3.1/../../../../arm-none-eabi/lib/thumb/v7-m/nofp\libg.a(lib_a-fputwc.o)
                0x08007838                __fputwc
 .text._fputwc_r
                0x080078d8       0x68 d:/stmcube/gcc-arm-none-eabi/bin/../lib/gcc/arm-none-eabi/10.3.1/../../../../arm-none-eabi/lib/thumb/v7-m/nofp\libg.a(lib_a-fputwc.o)
                0x080078d8                _fputwc_r
 .text._fstat_r
                0x08007940       0x28 d:/stmcube/gcc-arm-none-eabi/bin/../lib/gcc/arm-none-eabi/10.3.1/../../../../arm-none-eabi/lib/thumb/v7-m/nofp\libg.a(lib_a-fstatr.o)
                0x08007940                _fstat_r
 .text.__sfvwrite_r
                0x08007968      0x2f0 d:/stmcube/gcc-arm-none-eabi/bin/../lib/gcc/arm-none-eabi/10.3.1/../../../../arm-none-eabi/lib/thumb/v7-m/nofp\libg.a(lib_a-fvwrite.o)
                0x08007968                __sfvwrite_r
 .text._isatty_r
                0x08007c58       0x24 d:/stmcube/gcc-arm-none-eabi/bin/../lib/gcc/arm-none-eabi/10.3.1/../../../../arm-none-eabi/lib/thumb/v7-m/nofp\libg.a(lib_a-isattyr.o)
                0x08007c58                _isatty_r
 .text.__locale_mb_cur_max
                0x08007c7c        0xc d:/stmcube/gcc-arm-none-eabi/bin/../lib/gcc/arm-none-eabi/10.3.1/../../../../arm-none-eabi/lib/thumb/v7-m/nofp\libg.a(lib_a-locale.o)
                0x08007c7c                __locale_mb_cur_max
 .text._lseek_r
                0x08007c88       0x2c d:/stmcube/gcc-arm-none-eabi/bin/../lib/gcc/arm-none-eabi/10.3.1/../../../../arm-none-eabi/lib/thumb/v7-m/nofp\libg.a(lib_a-lseekr.o)
                0x08007c88                _lseek_r
 .text.__ascii_mbtowc
                0x08007cb4       0x2c d:/stmcube/gcc-arm-none-eabi/bin/../lib/gcc/arm-none-eabi/10.3.1/../../../../arm-none-eabi/lib/thumb/v7-m/nofp\libg.a(lib_a-mbtowc_r.o)
                0x08007cb4                __ascii_mbtowc
 .text.memmove  0x08007ce0       0xf8 d:/stmcube/gcc-arm-none-eabi/bin/../lib/gcc/arm-none-eabi/10.3.1/../../../../arm-none-eabi/lib/thumb/v7-m/nofp\libg.a(lib_a-memmove.o)
                0x08007ce0                memmove
 .text._read_r  0x08007dd8       0x2c d:/stmcube/gcc-arm-none-eabi/bin/../lib/gcc/arm-none-eabi/10.3.1/../../../../arm-none-eabi/lib/thumb/v7-m/nofp\libg.a(lib_a-readr.o)
                0x08007dd8                _read_r
 .text._realloc_r
                0x08007e04      0x3dc d:/stmcube/gcc-arm-none-eabi/bin/../lib/gcc/arm-none-eabi/10.3.1/../../../../arm-none-eabi/lib/thumb/v7-m/nofp\libg.a(lib_a-reallocr.o)
                0x08007e04                _realloc_r
 .text.__swbuf_r
                0x080081e0       0xb0 d:/stmcube/gcc-arm-none-eabi/bin/../lib/gcc/arm-none-eabi/10.3.1/../../../../arm-none-eabi/lib/thumb/v7-m/nofp\libg.a(lib_a-wbuf.o)
                0x080081e0                __swbuf_r
 .text._wcrtomb_r
                0x08008290       0x3c d:/stmcube/gcc-arm-none-eabi/bin/../lib/gcc/arm-none-eabi/10.3.1/../../../../arm-none-eabi/lib/thumb/v7-m/nofp\libg.a(lib_a-wcrtomb.o)
                0x08008290                _wcrtomb_r
 .text.__ascii_wctomb
                0x080082cc       0x1c d:/stmcube/gcc-arm-none-eabi/bin/../lib/gcc/arm-none-eabi/10.3.1/../../../../arm-none-eabi/lib/thumb/v7-m/nofp\libg.a(lib_a-wctomb_r.o)
                0x080082cc                __ascii_wctomb
 .text._close   0x080082e8       0x10 d:/stmcube/gcc-arm-none-eabi/bin/../lib/gcc/arm-none-eabi/10.3.1/../../../../arm-none-eabi/lib/thumb/v7-m/nofp\libnosys.a(close.o)
                0x080082e8                _close
 .text._fstat   0x080082f8       0x10 d:/stmcube/gcc-arm-none-eabi/bin/../lib/gcc/arm-none-eabi/10.3.1/../../../../arm-none-eabi/lib/thumb/v7-m/nofp\libnosys.a(fstat.o)
                0x080082f8                _fstat
 .text._getpid  0x08008308       0x10 d:/stmcube/gcc-arm-none-eabi/bin/../lib/gcc/arm-none-eabi/10.3.1/../../../../arm-none-eabi/lib/thumb/v7-m/nofp\libnosys.a(getpid.o)
                0x08008308                _getpid
 .text._isatty  0x08008318       0x10 d:/stmcube/gcc-arm-none-eabi/bin/../lib/gcc/arm-none-eabi/10.3.1/../../../../arm-none-eabi/lib/thumb/v7-m/nofp\libnosys.a(isatty.o)
                0x08008318                _isatty
 .text._kill    0x08008328       0x10 d:/stmcube/gcc-arm-none-eabi/bin/../lib/gcc/arm-none-eabi/10.3.1/../../../../arm-none-eabi/lib/thumb/v7-m/nofp\libnosys.a(kill.o)
                0x08008328                _kill
 .text._lseek   0x08008338       0x10 d:/stmcube/gcc-arm-none-eabi/bin/../lib/gcc/arm-none-eabi/10.3.1/../../../../arm-none-eabi/lib/thumb/v7-m/nofp\libnosys.a(lseek.o)
                0x08008338                _lseek
 .text._read    0x08008348       0x10 d:/stmcube/gcc-arm-none-eabi/bin/../lib/gcc/arm-none-eabi/10.3.1/../../../../arm-none-eabi/lib/thumb/v7-m/nofp\libnosys.a(read.o)
                0x08008348                _read
 .text._sbrk    0x08008358       0x1c d:/stmcube/gcc-arm-none-eabi/bin/../lib/gcc/arm-none-eabi/10.3.1/../../../../arm-none-eabi/lib/thumb/v7-m/nofp\libnosys.a(sbrk.o)
                0x08008358                _sbrk
 .text._write   0x08008374       0x10 d:/stmcube/gcc-arm-none-eabi/bin/../lib/gcc/arm-none-eabi/10.3.1/../../../../arm-none-eabi/lib/thumb/v7-m/nofp\libnosys.a(write.o)
                0x08008374                _write
 .text._exit    0x08008384        0x4 d:/stmcube/gcc-arm-none-eabi/bin/../lib/gcc/arm-none-eabi/10.3.1/../../../../arm-none-eabi/lib/thumb/v7-m/nofp\libnosys.a(_exit.o)
                0x08008384                _exit
 *(.rodata)
 .rodata        0x08008388       0x18 CMakeFiles/GD32F10x.elf.dir/Core/Src/gd32f10x_rcu.c.obj
 *(.rodata*)
 .rodata.GPIO_PIN
                0x080083a0       0x10 CMakeFiles/GD32F10x.elf.dir/Core/Src/gd32f10x_eval.c.obj
 .rodata.GPIO_PORT
                0x080083b0       0x10 CMakeFiles/GD32F10x.elf.dir/Core/Src/gd32f10x_eval.c.obj
 .rodata.main.str1.4
                0x080083c0       0x40 CMakeFiles/GD32F10x.elf.dir/Core/Src/main.c.obj
 .rodata._ZL8GPIO_CLK
                0x08008400        0x8 CMakeFiles/GD32F10x.elf.dir/UserApp/LEDControl/LEDCtrl.cpp.obj
 .rodata._ZL8GPIO_PIN
                0x08008408       0x10 CMakeFiles/GD32F10x.elf.dir/UserApp/LEDControl/LEDCtrl.cpp.obj
 .rodata._ZL9GPIO_PORT
                0x08008418       0x10 CMakeFiles/GD32F10x.elf.dir/UserApp/LEDControl/LEDCtrl.cpp.obj
 .rodata._global_impure_ptr
                0x08008428        0x4 d:/stmcube/gcc-arm-none-eabi/bin/../lib/gcc/arm-none-eabi/10.3.1/../../../../arm-none-eabi/lib/thumb/v7-m/nofp\libg.a(lib_a-impure.o)
                0x08008428                _global_impure_ptr
 .rodata._vfprintf_r.str1.4
                0x0800842c       0x42 d:/stmcube/gcc-arm-none-eabi/bin/../lib/gcc/arm-none-eabi/10.3.1/../../../../arm-none-eabi/lib/thumb/v7-m/nofp\libg.a(lib_a-vfprintf.o)
 *fill*         0x0800846e        0x2 
 .rodata.blanks.1
                0x08008470       0x10 d:/stmcube/gcc-arm-none-eabi/bin/../lib/gcc/arm-none-eabi/10.3.1/../../../../arm-none-eabi/lib/thumb/v7-m/nofp\libg.a(lib_a-vfprintf.o)
 .rodata.zeroes.0
                0x08008480       0x10 d:/stmcube/gcc-arm-none-eabi/bin/../lib/gcc/arm-none-eabi/10.3.1/../../../../arm-none-eabi/lib/thumb/v7-m/nofp\libg.a(lib_a-vfprintf.o)
 .rodata._dtoa_r.str1.4
                0x08008490       0xa2 d:/stmcube/gcc-arm-none-eabi/bin/../lib/gcc/arm-none-eabi/10.3.1/../../../../arm-none-eabi/lib/thumb/v7-m/nofp\libg.a(lib_a-dtoa.o)
                                 0xa6 (size before relaxing)
 *fill*         0x08008532        0x2 
 .rodata.__multadd.str1.4
                0x08008534       0x7f d:/stmcube/gcc-arm-none-eabi/bin/../lib/gcc/arm-none-eabi/10.3.1/../../../../arm-none-eabi/lib/thumb/v7-m/nofp\libg.a(lib_a-mprec.o)
                                 0x93 (size before relaxing)
 *fill*         0x080085b3        0x5 
 .rodata.__mprec_bigtens
                0x080085b8       0x28 d:/stmcube/gcc-arm-none-eabi/bin/../lib/gcc/arm-none-eabi/10.3.1/../../../../arm-none-eabi/lib/thumb/v7-m/nofp\libg.a(lib_a-mprec.o)
                0x080085b8                __mprec_bigtens
 .rodata.__mprec_tens
                0x080085e0       0xc8 d:/stmcube/gcc-arm-none-eabi/bin/../lib/gcc/arm-none-eabi/10.3.1/../../../../arm-none-eabi/lib/thumb/v7-m/nofp\libg.a(lib_a-mprec.o)
                0x080085e0                __mprec_tens
 .rodata.p05.0  0x080086a8        0xc d:/stmcube/gcc-arm-none-eabi/bin/../lib/gcc/arm-none-eabi/10.3.1/../../../../arm-none-eabi/lib/thumb/v7-m/nofp\libg.a(lib_a-mprec.o)
 .rodata._vfiprintf_r.str1.4
                0x080086b4       0x2f d:/stmcube/gcc-arm-none-eabi/bin/../lib/gcc/arm-none-eabi/10.3.1/../../../../arm-none-eabi/lib/thumb/v7-m/nofp\libg.a(lib_a-vfiprintf.o)
 .rodata.blanks.1
                0x080086b4       0x10 d:/stmcube/gcc-arm-none-eabi/bin/../lib/gcc/arm-none-eabi/10.3.1/../../../../arm-none-eabi/lib/thumb/v7-m/nofp\libg.a(lib_a-vfiprintf.o)
 .rodata.zeroes.0
                0x080086c4       0x10 d:/stmcube/gcc-arm-none-eabi/bin/../lib/gcc/arm-none-eabi/10.3.1/../../../../arm-none-eabi/lib/thumb/v7-m/nofp\libg.a(lib_a-vfiprintf.o)
 .rodata.__assert_func.str1.4
                0x080086d4       0x3f d:/stmcube/gcc-arm-none-eabi/bin/../lib/gcc/arm-none-eabi/10.3.1/../../../../arm-none-eabi/lib/thumb/v7-m/nofp\libg.a(lib_a-assert.o)
                                 0x43 (size before relaxing)
 *fill*         0x08008713        0x1 
 .rodata._setlocale_r.str1.4
                0x08008714        0xa d:/stmcube/gcc-arm-none-eabi/bin/../lib/gcc/arm-none-eabi/10.3.1/../../../../arm-none-eabi/lib/thumb/v7-m/nofp\libg.a(lib_a-locale.o)
                                  0xd (size before relaxing)
 *fill*         0x0800871e        0x2 
 .rodata.str1.4
                0x08008720        0x2 d:/stmcube/gcc-arm-none-eabi/bin/../lib/gcc/arm-none-eabi/10.3.1/../../../../arm-none-eabi/lib/thumb/v7-m/nofp\libg.a(lib_a-locale.o)
 *fill*         0x08008722        0x2 
 .rodata._ctype_
                0x08008724      0x101 d:/stmcube/gcc-arm-none-eabi/bin/../lib/gcc/arm-none-eabi/10.3.1/../../../../arm-none-eabi/lib/thumb/v7-m/nofp\libg.a(lib_a-ctype_.o)
                0x08008724                _ctype_
 *(.glue_7)
 .glue_7        0x08008825        0x0 linker stubs
 *(.glue_7t)
 .glue_7t       0x08008825        0x0 linker stubs
 *(.init)
 *fill*         0x08008825        0x3 
 .init          0x08008828        0x4 d:/stmcube/gcc-arm-none-eabi/bin/../lib/gcc/arm-none-eabi/10.3.1/thumb/v7-m/nofp/crti.o
                0x08008828                _init
 .init          0x0800882c        0x8 d:/stmcube/gcc-arm-none-eabi/bin/../lib/gcc/arm-none-eabi/10.3.1/thumb/v7-m/nofp/crtn.o
 *(.fini)
 .fini          0x08008834        0x4 d:/stmcube/gcc-arm-none-eabi/bin/../lib/gcc/arm-none-eabi/10.3.1/thumb/v7-m/nofp/crti.o
                0x08008834                _fini
 .fini          0x08008838        0x8 d:/stmcube/gcc-arm-none-eabi/bin/../lib/gcc/arm-none-eabi/10.3.1/thumb/v7-m/nofp/crtn.o
                0x08008840                . = ALIGN (0x4)
                0x08008840                _etext = .

.vfp11_veneer   0x08008840        0x0
 .vfp11_veneer  0x08008840        0x0 linker stubs

.v4_bx          0x08008840        0x0
 .v4_bx         0x08008840        0x0 linker stubs

.iplt           0x08008840        0x0
 .iplt          0x08008840        0x0 d:/stmcube/gcc-arm-none-eabi/bin/../lib/gcc/arm-none-eabi/10.3.1/thumb/v7-m/nofp/crtbegin.o

.ARM.extab      0x08008840       0x18
 *(.ARM.extab* .gnu.linkonce.armextab.*)
 .ARM.extab     0x08008840       0x18 d:/stmcube/gcc-arm-none-eabi/bin/../lib/gcc/arm-none-eabi/10.3.1/thumb/v7-m/nofp\libgcc.a(pr-support.o)

.eh_frame       0x08008858        0x0
 .eh_frame      0x08008858        0x0 d:/stmcube/gcc-arm-none-eabi/bin/../lib/gcc/arm-none-eabi/10.3.1/thumb/v7-m/nofp/crtbegin.o

.ARM            0x08008858       0xd8
                0x08008858                __exidx_start = .
 *(.ARM.exidx*)
 .ARM.exidx.text._ZN5U_LEDC2Ev
                0x08008910        0x0 CMakeFiles/GD32F10x.elf.dir/UserApp/LEDControl/LEDCtrl.cpp.obj
                                  0x8 (size before relaxing)
 .ARM.exidx.text._ZN5U_LED4initE16led_typedef_enum
                0x08008910        0x8 CMakeFiles/GD32F10x.elf.dir/UserApp/LEDControl/LEDCtrl.cpp.obj
 .ARM.exidx.text._ZN5U_LED6TurnOnE16led_typedef_enum
                0x08008918        0x8 CMakeFiles/GD32F10x.elf.dir/UserApp/LEDControl/LEDCtrl.cpp.obj
 .ARM.exidx.text._ZN5U_LED7TurnOffE16led_typedef_enum
                0x08008920        0x0 CMakeFiles/GD32F10x.elf.dir/UserApp/LEDControl/LEDCtrl.cpp.obj
                                  0x8 (size before relaxing)
 .ARM.exidx.text._Z41__static_initialization_and_destruction_0ii
                0x08008920        0x0 CMakeFiles/GD32F10x.elf.dir/UserApp/MainApp/MainApp.cpp.obj
                                  0x8 (size before relaxing)
 .ARM.exidx.text.Main
                0x08008920        0x8 CMakeFiles/GD32F10x.elf.dir/UserApp/MainApp/MainApp.cpp.obj
 .ARM.exidx.text._GLOBAL__sub_I_Led_Blink
                0x08008928        0x8 CMakeFiles/GD32F10x.elf.dir/UserApp/MainApp/MainApp.cpp.obj
 .ARM.exidx     0x08008858       0x80 d:/stmcube/gcc-arm-none-eabi/bin/../lib/gcc/arm-none-eabi/10.3.1/thumb/v7-m/nofp\libgcc.a(unwind-arm.o)
                                 0xd8 (size before relaxing)
 .ARM.exidx     0x080088d8       0x38 d:/stmcube/gcc-arm-none-eabi/bin/../lib/gcc/arm-none-eabi/10.3.1/thumb/v7-m/nofp\libgcc.a(pr-support.o)
 .ARM.exidx     0x08008910        0x0 d:/stmcube/gcc-arm-none-eabi/bin/../lib/gcc/arm-none-eabi/10.3.1/thumb/v7-m/nofp\libgcc.a(_udivmoddi4.o)
                                  0x8 (size before relaxing)
                0x08008930                __exidx_end = .

.rel.dyn        0x08008930        0x0
 .rel.iplt      0x08008930        0x0 d:/stmcube/gcc-arm-none-eabi/bin/../lib/gcc/arm-none-eabi/10.3.1/thumb/v7-m/nofp/crtbegin.o

.ARM.attributes
                0x08008930       0x29
 *(.ARM.attributes)
 .ARM.attributes
                0x08008930       0x1d d:/stmcube/gcc-arm-none-eabi/bin/../lib/gcc/arm-none-eabi/10.3.1/thumb/v7-m/nofp/crti.o
 .ARM.attributes
                0x0800894d       0x2d d:/stmcube/gcc-arm-none-eabi/bin/../lib/gcc/arm-none-eabi/10.3.1/thumb/v7-m/nofp/crtbegin.o
 .ARM.attributes
                0x0800897a       0x2d CMakeFiles/GD32F10x.elf.dir/Core/Src/gd32f10x_eval.c.obj
 .ARM.attributes
                0x080089a7       0x2d CMakeFiles/GD32F10x.elf.dir/Core/Src/gd32f10x_gpio.c.obj
 .ARM.attributes
                0x080089d4       0x2d CMakeFiles/GD32F10x.elf.dir/Core/Src/gd32f10x_it.c.obj
 .ARM.attributes
                0x08008a01       0x2d CMakeFiles/GD32F10x.elf.dir/Core/Src/gd32f10x_misc.c.obj
 .ARM.attributes
                0x08008a2e       0x2d CMakeFiles/GD32F10x.elf.dir/Core/Src/gd32f10x_rcu.c.obj
 .ARM.attributes
                0x08008a5b       0x2d CMakeFiles/GD32F10x.elf.dir/Core/Src/main.c.obj
 .ARM.attributes
                0x08008a88       0x2d CMakeFiles/GD32F10x.elf.dir/Core/Src/systick.c.obj
 .ARM.attributes
                0x08008ab5       0x2d CMakeFiles/GD32F10x.elf.dir/Drivers/CMSIS/system_gd32f10x.c.obj
 .ARM.attributes
                0x08008ae2       0x2d CMakeFiles/GD32F10x.elf.dir/UserApp/LEDControl/LEDCtrl.cpp.obj
 .ARM.attributes
                0x08008b0f       0x2d CMakeFiles/GD32F10x.elf.dir/UserApp/MainApp/MainApp.cpp.obj
 .ARM.attributes
                0x08008b3c       0x21 CMakeFiles/GD32F10x.elf.dir/startup/startup_gd32f10x_md.S.obj
 .ARM.attributes
                0x08008b5d       0x2d d:/stmcube/gcc-arm-none-eabi/bin/../lib/gcc/arm-none-eabi/10.3.1/thumb/v7-m/nofp\libgcc.a(unwind-arm.o)
 .ARM.attributes
                0x08008b8a       0x1d d:/stmcube/gcc-arm-none-eabi/bin/../lib/gcc/arm-none-eabi/10.3.1/thumb/v7-m/nofp\libgcc.a(libunwind.o)
 .ARM.attributes
                0x08008ba7       0x2d d:/stmcube/gcc-arm-none-eabi/bin/../lib/gcc/arm-none-eabi/10.3.1/thumb/v7-m/nofp\libgcc.a(pr-support.o)
 .ARM.attributes
                0x08008bd4       0x2d d:/stmcube/gcc-arm-none-eabi/bin/../lib/gcc/arm-none-eabi/10.3.1/../../../../arm-none-eabi/lib/thumb/v7-m/nofp\libg.a(lib_a-abort.o)
 .ARM.attributes
                0x08008c01       0x2d d:/stmcube/gcc-arm-none-eabi/bin/../lib/gcc/arm-none-eabi/10.3.1/../../../../arm-none-eabi/lib/thumb/v7-m/nofp\libg.a(lib_a-impure.o)
 .ARM.attributes
                0x08008c2e       0x1b d:/stmcube/gcc-arm-none-eabi/bin/../lib/gcc/arm-none-eabi/10.3.1/../../../../arm-none-eabi/lib/thumb/v7-m/nofp\libg.a(lib_a-memcpy.o)
 .ARM.attributes
                0x08008c49       0x2d d:/stmcube/gcc-arm-none-eabi/bin/../lib/gcc/arm-none-eabi/10.3.1/../../../../arm-none-eabi/lib/thumb/v7-m/nofp\libg.a(lib_a-memset.o)
 .ARM.attributes
                0x08008c76       0x2d d:/stmcube/gcc-arm-none-eabi/bin/../lib/gcc/arm-none-eabi/10.3.1/../../../../arm-none-eabi/lib/thumb/v7-m/nofp\libg.a(lib_a-printf.o)
 .ARM.attributes
                0x08008ca3       0x2d d:/stmcube/gcc-arm-none-eabi/bin/../lib/gcc/arm-none-eabi/10.3.1/../../../../arm-none-eabi/lib/thumb/v7-m/nofp\libg.a(lib_a-signal.o)
 .ARM.attributes
                0x08008cd0       0x2d d:/stmcube/gcc-arm-none-eabi/bin/../lib/gcc/arm-none-eabi/10.3.1/../../../../arm-none-eabi/lib/thumb/v7-m/nofp\libg.a(lib_a-signalr.o)
 .ARM.attributes
                0x08008cfd       0x2d d:/stmcube/gcc-arm-none-eabi/bin/../lib/gcc/arm-none-eabi/10.3.1/../../../../arm-none-eabi/lib/thumb/v7-m/nofp\libg.a(lib_a-vfprintf.o)
 .ARM.attributes
                0x08008d2a       0x2d d:/stmcube/gcc-arm-none-eabi/bin/../lib/gcc/arm-none-eabi/10.3.1/../../../../arm-none-eabi/lib/thumb/v7-m/nofp\libg.a(lib_a-wsetup.o)
 .ARM.attributes
                0x08008d57       0x2d d:/stmcube/gcc-arm-none-eabi/bin/../lib/gcc/arm-none-eabi/10.3.1/../../../../arm-none-eabi/lib/thumb/v7-m/nofp\libg.a(lib_a-__call_atexit.o)
 .ARM.attributes
                0x08008d84       0x2d d:/stmcube/gcc-arm-none-eabi/bin/../lib/gcc/arm-none-eabi/10.3.1/../../../../arm-none-eabi/lib/thumb/v7-m/nofp\libg.a(lib_a-atexit.o)
 .ARM.attributes
                0x08008db1       0x2d d:/stmcube/gcc-arm-none-eabi/bin/../lib/gcc/arm-none-eabi/10.3.1/../../../../arm-none-eabi/lib/thumb/v7-m/nofp\libg.a(lib_a-dtoa.o)
 .ARM.attributes
                0x08008dde       0x2d d:/stmcube/gcc-arm-none-eabi/bin/../lib/gcc/arm-none-eabi/10.3.1/../../../../arm-none-eabi/lib/thumb/v7-m/nofp\libg.a(lib_a-fflush.o)
 .ARM.attributes
                0x08008e0b       0x2d d:/stmcube/gcc-arm-none-eabi/bin/../lib/gcc/arm-none-eabi/10.3.1/../../../../arm-none-eabi/lib/thumb/v7-m/nofp\libg.a(lib_a-findfp.o)
 .ARM.attributes
                0x08008e38       0x2d d:/stmcube/gcc-arm-none-eabi/bin/../lib/gcc/arm-none-eabi/10.3.1/../../../../arm-none-eabi/lib/thumb/v7-m/nofp\libg.a(lib_a-fini.o)
 .ARM.attributes
                0x08008e65       0x2d d:/stmcube/gcc-arm-none-eabi/bin/../lib/gcc/arm-none-eabi/10.3.1/../../../../arm-none-eabi/lib/thumb/v7-m/nofp\libg.a(lib_a-freer.o)
 .ARM.attributes
                0x08008e92       0x2d d:/stmcube/gcc-arm-none-eabi/bin/../lib/gcc/arm-none-eabi/10.3.1/../../../../arm-none-eabi/lib/thumb/v7-m/nofp\libg.a(lib_a-fwalk.o)
 .ARM.attributes
                0x08008ebf       0x2d d:/stmcube/gcc-arm-none-eabi/bin/../lib/gcc/arm-none-eabi/10.3.1/../../../../arm-none-eabi/lib/thumb/v7-m/nofp\libg.a(lib_a-localeconv.o)
 .ARM.attributes
                0x08008eec       0x2d d:/stmcube/gcc-arm-none-eabi/bin/../lib/gcc/arm-none-eabi/10.3.1/../../../../arm-none-eabi/lib/thumb/v7-m/nofp\libg.a(lib_a-lock.o)
 .ARM.attributes
                0x08008f19       0x2d d:/stmcube/gcc-arm-none-eabi/bin/../lib/gcc/arm-none-eabi/10.3.1/../../../../arm-none-eabi/lib/thumb/v7-m/nofp\libg.a(lib_a-makebuf.o)
 .ARM.attributes
                0x08008f46       0x2d d:/stmcube/gcc-arm-none-eabi/bin/../lib/gcc/arm-none-eabi/10.3.1/../../../../arm-none-eabi/lib/thumb/v7-m/nofp\libg.a(lib_a-mallocr.o)
 .ARM.attributes
                0x08008f73       0x2d d:/stmcube/gcc-arm-none-eabi/bin/../lib/gcc/arm-none-eabi/10.3.1/../../../../arm-none-eabi/lib/thumb/v7-m/nofp\libg.a(lib_a-memchr-stub.o)
 .ARM.attributes
                0x08008fa0       0x2d d:/stmcube/gcc-arm-none-eabi/bin/../lib/gcc/arm-none-eabi/10.3.1/../../../../arm-none-eabi/lib/thumb/v7-m/nofp\libg.a(lib_a-mlock.o)
 .ARM.attributes
                0x08008fcd       0x2d d:/stmcube/gcc-arm-none-eabi/bin/../lib/gcc/arm-none-eabi/10.3.1/../../../../arm-none-eabi/lib/thumb/v7-m/nofp\libg.a(lib_a-mprec.o)
 .ARM.attributes
                0x08008ffa       0x2d d:/stmcube/gcc-arm-none-eabi/bin/../lib/gcc/arm-none-eabi/10.3.1/../../../../arm-none-eabi/lib/thumb/v7-m/nofp\libg.a(lib_a-reent.o)
 .ARM.attributes
                0x08009027       0x2d d:/stmcube/gcc-arm-none-eabi/bin/../lib/gcc/arm-none-eabi/10.3.1/../../../../arm-none-eabi/lib/thumb/v7-m/nofp\libg.a(lib_a-s_frexp.o)
 .ARM.attributes
                0x08009054       0x2d d:/stmcube/gcc-arm-none-eabi/bin/../lib/gcc/arm-none-eabi/10.3.1/../../../../arm-none-eabi/lib/thumb/v7-m/nofp\libg.a(lib_a-sbrkr.o)
 .ARM.attributes
                0x08009081       0x2d d:/stmcube/gcc-arm-none-eabi/bin/../lib/gcc/arm-none-eabi/10.3.1/../../../../arm-none-eabi/lib/thumb/v7-m/nofp\libg.a(lib_a-stdio.o)
 .ARM.attributes
                0x080090ae       0x2d d:/stmcube/gcc-arm-none-eabi/bin/../lib/gcc/arm-none-eabi/10.3.1/../../../../arm-none-eabi/lib/thumb/v7-m/nofp\libg.a(lib_a-strlen-stub.o)
 .ARM.attributes
                0x080090db       0x2d d:/stmcube/gcc-arm-none-eabi/bin/../lib/gcc/arm-none-eabi/10.3.1/../../../../arm-none-eabi/lib/thumb/v7-m/nofp\libg.a(lib_a-strncpy.o)
 .ARM.attributes
                0x08009108       0x2d d:/stmcube/gcc-arm-none-eabi/bin/../lib/gcc/arm-none-eabi/10.3.1/../../../../arm-none-eabi/lib/thumb/v7-m/nofp\libg.a(lib_a-vfiprintf.o)
 .ARM.attributes
                0x08009135       0x2d d:/stmcube/gcc-arm-none-eabi/bin/../lib/gcc/arm-none-eabi/10.3.1/../../../../arm-none-eabi/lib/thumb/v7-m/nofp\libg.a(lib_a-writer.o)
 .ARM.attributes
                0x08009162       0x2d d:/stmcube/gcc-arm-none-eabi/bin/../lib/gcc/arm-none-eabi/10.3.1/../../../../arm-none-eabi/lib/thumb/v7-m/nofp\libg.a(lib_a-__atexit.o)
 .ARM.attributes
                0x0800918f       0x2d d:/stmcube/gcc-arm-none-eabi/bin/../lib/gcc/arm-none-eabi/10.3.1/../../../../arm-none-eabi/lib/thumb/v7-m/nofp\libg.a(lib_a-assert.o)
 .ARM.attributes
                0x080091bc       0x2d d:/stmcube/gcc-arm-none-eabi/bin/../lib/gcc/arm-none-eabi/10.3.1/../../../../arm-none-eabi/lib/thumb/v7-m/nofp\libg.a(lib_a-callocr.o)
 .ARM.attributes
                0x080091e9       0x2d d:/stmcube/gcc-arm-none-eabi/bin/../lib/gcc/arm-none-eabi/10.3.1/../../../../arm-none-eabi/lib/thumb/v7-m/nofp\libg.a(lib_a-closer.o)
 .ARM.attributes
                0x08009216       0x2d d:/stmcube/gcc-arm-none-eabi/bin/../lib/gcc/arm-none-eabi/10.3.1/../../../../arm-none-eabi/lib/thumb/v7-m/nofp\libg.a(lib_a-errno.o)
 .ARM.attributes
                0x08009243       0x2d d:/stmcube/gcc-arm-none-eabi/bin/../lib/gcc/arm-none-eabi/10.3.1/../../../../arm-none-eabi/lib/thumb/v7-m/nofp\libg.a(lib_a-fclose.o)
 .ARM.attributes
                0x08009270       0x2d d:/stmcube/gcc-arm-none-eabi/bin/../lib/gcc/arm-none-eabi/10.3.1/../../../../arm-none-eabi/lib/thumb/v7-m/nofp\libg.a(lib_a-fiprintf.o)
 .ARM.attributes
                0x0800929d       0x2d d:/stmcube/gcc-arm-none-eabi/bin/../lib/gcc/arm-none-eabi/10.3.1/../../../../arm-none-eabi/lib/thumb/v7-m/nofp\libg.a(lib_a-fputwc.o)
 .ARM.attributes
                0x080092ca       0x2d d:/stmcube/gcc-arm-none-eabi/bin/../lib/gcc/arm-none-eabi/10.3.1/../../../../arm-none-eabi/lib/thumb/v7-m/nofp\libg.a(lib_a-fstatr.o)
 .ARM.attributes
                0x080092f7       0x2d d:/stmcube/gcc-arm-none-eabi/bin/../lib/gcc/arm-none-eabi/10.3.1/../../../../arm-none-eabi/lib/thumb/v7-m/nofp\libg.a(lib_a-fvwrite.o)
 .ARM.attributes
                0x08009324       0x2d d:/stmcube/gcc-arm-none-eabi/bin/../lib/gcc/arm-none-eabi/10.3.1/../../../../arm-none-eabi/lib/thumb/v7-m/nofp\libg.a(lib_a-isattyr.o)
 .ARM.attributes
                0x08009351       0x2d d:/stmcube/gcc-arm-none-eabi/bin/../lib/gcc/arm-none-eabi/10.3.1/../../../../arm-none-eabi/lib/thumb/v7-m/nofp\libg.a(lib_a-locale.o)
 .ARM.attributes
                0x0800937e       0x2d d:/stmcube/gcc-arm-none-eabi/bin/../lib/gcc/arm-none-eabi/10.3.1/../../../../arm-none-eabi/lib/thumb/v7-m/nofp\libg.a(lib_a-lseekr.o)
 .ARM.attributes
                0x080093ab       0x2d d:/stmcube/gcc-arm-none-eabi/bin/../lib/gcc/arm-none-eabi/10.3.1/../../../../arm-none-eabi/lib/thumb/v7-m/nofp\libg.a(lib_a-mbtowc_r.o)
 .ARM.attributes
                0x080093d8       0x2d d:/stmcube/gcc-arm-none-eabi/bin/../lib/gcc/arm-none-eabi/10.3.1/../../../../arm-none-eabi/lib/thumb/v7-m/nofp\libg.a(lib_a-memmove.o)
 .ARM.attributes
                0x08009405       0x2d d:/stmcube/gcc-arm-none-eabi/bin/../lib/gcc/arm-none-eabi/10.3.1/../../../../arm-none-eabi/lib/thumb/v7-m/nofp\libg.a(lib_a-readr.o)
 .ARM.attributes
                0x08009432       0x2d d:/stmcube/gcc-arm-none-eabi/bin/../lib/gcc/arm-none-eabi/10.3.1/../../../../arm-none-eabi/lib/thumb/v7-m/nofp\libg.a(lib_a-reallocr.o)
 .ARM.attributes
                0x0800945f       0x2d d:/stmcube/gcc-arm-none-eabi/bin/../lib/gcc/arm-none-eabi/10.3.1/../../../../arm-none-eabi/lib/thumb/v7-m/nofp\libg.a(lib_a-wbuf.o)
 .ARM.attributes
                0x0800948c       0x2d d:/stmcube/gcc-arm-none-eabi/bin/../lib/gcc/arm-none-eabi/10.3.1/../../../../arm-none-eabi/lib/thumb/v7-m/nofp\libg.a(lib_a-wcrtomb.o)
 .ARM.attributes
                0x080094b9       0x2d d:/stmcube/gcc-arm-none-eabi/bin/../lib/gcc/arm-none-eabi/10.3.1/../../../../arm-none-eabi/lib/thumb/v7-m/nofp\libg.a(lib_a-wctomb_r.o)
 .ARM.attributes
                0x080094e6       0x2d d:/stmcube/gcc-arm-none-eabi/bin/../lib/gcc/arm-none-eabi/10.3.1/../../../../arm-none-eabi/lib/thumb/v7-m/nofp\libg.a(lib_a-ctype_.o)
 .ARM.attributes
                0x08009513       0x1d d:/stmcube/gcc-arm-none-eabi/bin/../lib/gcc/arm-none-eabi/10.3.1/thumb/v7-m/nofp\libgcc.a(_arm_addsubdf3.o)
 .ARM.attributes
                0x08009530       0x1d d:/stmcube/gcc-arm-none-eabi/bin/../lib/gcc/arm-none-eabi/10.3.1/thumb/v7-m/nofp\libgcc.a(_arm_muldivdf3.o)
 .ARM.attributes
                0x0800954d       0x1d d:/stmcube/gcc-arm-none-eabi/bin/../lib/gcc/arm-none-eabi/10.3.1/thumb/v7-m/nofp\libgcc.a(_arm_cmpdf2.o)
 .ARM.attributes
                0x0800956a       0x1d d:/stmcube/gcc-arm-none-eabi/bin/../lib/gcc/arm-none-eabi/10.3.1/thumb/v7-m/nofp\libgcc.a(_arm_unorddf2.o)
 .ARM.attributes
                0x08009587       0x1d d:/stmcube/gcc-arm-none-eabi/bin/../lib/gcc/arm-none-eabi/10.3.1/thumb/v7-m/nofp\libgcc.a(_arm_fixdfsi.o)
 .ARM.attributes
                0x080095a4       0x1d d:/stmcube/gcc-arm-none-eabi/bin/../lib/gcc/arm-none-eabi/10.3.1/thumb/v7-m/nofp\libgcc.a(_aeabi_uldivmod.o)
 .ARM.attributes
                0x080095c1       0x2d d:/stmcube/gcc-arm-none-eabi/bin/../lib/gcc/arm-none-eabi/10.3.1/thumb/v7-m/nofp\libgcc.a(_udivmoddi4.o)
 .ARM.attributes
                0x080095ee       0x1d d:/stmcube/gcc-arm-none-eabi/bin/../lib/gcc/arm-none-eabi/10.3.1/thumb/v7-m/nofp\libgcc.a(_dvmd_tls.o)
 .ARM.attributes
                0x0800960b       0x2d d:/stmcube/gcc-arm-none-eabi/bin/../lib/gcc/arm-none-eabi/10.3.1/../../../../arm-none-eabi/lib/thumb/v7-m/nofp\libnosys.a(close.o)
 .ARM.attributes
                0x08009638       0x2d d:/stmcube/gcc-arm-none-eabi/bin/../lib/gcc/arm-none-eabi/10.3.1/../../../../arm-none-eabi/lib/thumb/v7-m/nofp\libnosys.a(fstat.o)
 .ARM.attributes
                0x08009665       0x2d d:/stmcube/gcc-arm-none-eabi/bin/../lib/gcc/arm-none-eabi/10.3.1/../../../../arm-none-eabi/lib/thumb/v7-m/nofp\libnosys.a(getpid.o)
 .ARM.attributes
                0x08009692       0x2d d:/stmcube/gcc-arm-none-eabi/bin/../lib/gcc/arm-none-eabi/10.3.1/../../../../arm-none-eabi/lib/thumb/v7-m/nofp\libnosys.a(isatty.o)
 .ARM.attributes
                0x080096bf       0x2d d:/stmcube/gcc-arm-none-eabi/bin/../lib/gcc/arm-none-eabi/10.3.1/../../../../arm-none-eabi/lib/thumb/v7-m/nofp\libnosys.a(kill.o)
 .ARM.attributes
                0x080096ec       0x2d d:/stmcube/gcc-arm-none-eabi/bin/../lib/gcc/arm-none-eabi/10.3.1/../../../../arm-none-eabi/lib/thumb/v7-m/nofp\libnosys.a(lseek.o)
 .ARM.attributes
                0x08009719       0x2d d:/stmcube/gcc-arm-none-eabi/bin/../lib/gcc/arm-none-eabi/10.3.1/../../../../arm-none-eabi/lib/thumb/v7-m/nofp\libnosys.a(read.o)
 .ARM.attributes
                0x08009746       0x2d d:/stmcube/gcc-arm-none-eabi/bin/../lib/gcc/arm-none-eabi/10.3.1/../../../../arm-none-eabi/lib/thumb/v7-m/nofp\libnosys.a(sbrk.o)
 .ARM.attributes
                0x08009773       0x2d d:/stmcube/gcc-arm-none-eabi/bin/../lib/gcc/arm-none-eabi/10.3.1/../../../../arm-none-eabi/lib/thumb/v7-m/nofp\libnosys.a(write.o)
 .ARM.attributes
                0x080097a0       0x2d d:/stmcube/gcc-arm-none-eabi/bin/../lib/gcc/arm-none-eabi/10.3.1/../../../../arm-none-eabi/lib/thumb/v7-m/nofp\libnosys.a(_exit.o)
 .ARM.attributes
                0x080097cd       0x1d d:/stmcube/gcc-arm-none-eabi/bin/../lib/gcc/arm-none-eabi/10.3.1/thumb/v7-m/nofp/crtn.o

.preinit_array  0x08008930        0x0
                0x08008930                PROVIDE (__preinit_array_start = .)
 *(.preinit_array*)
                0x08008930                PROVIDE (__preinit_array_end = .)

.init_array     0x08008930        0xc
                0x08008930                PROVIDE (__init_array_start = .)
 *(SORT_BY_NAME(.init_array.*))
 .init_array.00000
                0x08008930        0x4 d:/stmcube/gcc-arm-none-eabi/bin/../lib/gcc/arm-none-eabi/10.3.1/../../../../arm-none-eabi/lib/thumb/v7-m/nofp\libg.a(lib_a-__call_atexit.o)
 *(.init_array*)
 .init_array    0x08008934        0x4 d:/stmcube/gcc-arm-none-eabi/bin/../lib/gcc/arm-none-eabi/10.3.1/thumb/v7-m/nofp/crtbegin.o
 .init_array    0x08008938        0x4 CMakeFiles/GD32F10x.elf.dir/UserApp/MainApp/MainApp.cpp.obj
                0x0800893c                PROVIDE (__init_array_end = .)

.fini_array     0x0800893c        0x4
                0x0800893c                PROVIDE (__fini_array_start = .)
 *(.fini_array*)
 .fini_array    0x0800893c        0x4 d:/stmcube/gcc-arm-none-eabi/bin/../lib/gcc/arm-none-eabi/10.3.1/thumb/v7-m/nofp/crtbegin.o
 *(SORT_BY_NAME(.fini_array.*))
                0x08008940                PROVIDE (__fini_array_end = .)
                0x08008940                _sidata = .

.data           0x20000000      0x9b0 load address 0x08008940
                0x20000000                . = ALIGN (0x4)
                0x20000000                _sdata = .
 *(.data)
 *(.data*)
 .data.SystemCoreClock
                0x20000000        0x4 CMakeFiles/GD32F10x.elf.dir/Drivers/CMSIS/system_gd32f10x.c.obj
                0x20000000                SystemCoreClock
 .data._impure_ptr
                0x20000004        0x4 d:/stmcube/gcc-arm-none-eabi/bin/../lib/gcc/arm-none-eabi/10.3.1/../../../../arm-none-eabi/lib/thumb/v7-m/nofp\libg.a(lib_a-impure.o)
                0x20000004                _impure_ptr
 .data.impure_data
                0x20000008      0x428 d:/stmcube/gcc-arm-none-eabi/bin/../lib/gcc/arm-none-eabi/10.3.1/../../../../arm-none-eabi/lib/thumb/v7-m/nofp\libg.a(lib_a-impure.o)
 .data.__atexit_recursive_mutex
                0x20000430        0x4 d:/stmcube/gcc-arm-none-eabi/bin/../lib/gcc/arm-none-eabi/10.3.1/../../../../arm-none-eabi/lib/thumb/v7-m/nofp\libg.a(lib_a-__call_atexit.o)
                0x20000430                __atexit_recursive_mutex
 .data.__malloc_av_
                0x20000434      0x408 d:/stmcube/gcc-arm-none-eabi/bin/../lib/gcc/arm-none-eabi/10.3.1/../../../../arm-none-eabi/lib/thumb/v7-m/nofp\libg.a(lib_a-mallocr.o)
                0x20000434                __malloc_av_
 .data.__malloc_sbrk_base
                0x2000083c        0x4 d:/stmcube/gcc-arm-none-eabi/bin/../lib/gcc/arm-none-eabi/10.3.1/../../../../arm-none-eabi/lib/thumb/v7-m/nofp\libg.a(lib_a-mallocr.o)
                0x2000083c                __malloc_sbrk_base
 .data.__malloc_trim_threshold
                0x20000840        0x4 d:/stmcube/gcc-arm-none-eabi/bin/../lib/gcc/arm-none-eabi/10.3.1/../../../../arm-none-eabi/lib/thumb/v7-m/nofp\libg.a(lib_a-mallocr.o)
                0x20000840                __malloc_trim_threshold
 .data.__global_locale
                0x20000844      0x16c d:/stmcube/gcc-arm-none-eabi/bin/../lib/gcc/arm-none-eabi/10.3.1/../../../../arm-none-eabi/lib/thumb/v7-m/nofp\libg.a(lib_a-locale.o)
                0x20000844                __global_locale
                0x200009b0                . = ALIGN (0x4)
                0x200009b0                _edata = .

.igot.plt       0x200009b0        0x0 load address 0x080092f0
 .igot.plt      0x200009b0        0x0 d:/stmcube/gcc-arm-none-eabi/bin/../lib/gcc/arm-none-eabi/10.3.1/thumb/v7-m/nofp/crtbegin.o
                0x200009b0                . = ALIGN (0x4)

.bss            0x200009b0       0x74 load address 0x080092f0
                0x200009b0                _sbss = .
                0x200009b0                __bss_start__ = _sbss
 *(.bss)
 .bss           0x200009b0       0x1c d:/stmcube/gcc-arm-none-eabi/bin/../lib/gcc/arm-none-eabi/10.3.1/thumb/v7-m/nofp/crtbegin.o
 *(.bss*)
 .bss.timingdelaylocal.0
                0x200009cc        0x4 CMakeFiles/GD32F10x.elf.dir/Core/Src/main.c.obj
 .bss.delay     0x200009d0        0x4 CMakeFiles/GD32F10x.elf.dir/Core/Src/systick.c.obj
 .bss.Led_Blink
                0x200009d4        0x1 CMakeFiles/GD32F10x.elf.dir/UserApp/MainApp/MainApp.cpp.obj
                0x200009d4                Led_Blink
 *fill*         0x200009d5        0x3 
 .bss.__lock___atexit_recursive_mutex
                0x200009d8        0x1 d:/stmcube/gcc-arm-none-eabi/bin/../lib/gcc/arm-none-eabi/10.3.1/../../../../arm-none-eabi/lib/thumb/v7-m/nofp\libg.a(lib_a-lock.o)
                0x200009d8                __lock___atexit_recursive_mutex
 *fill*         0x200009d9        0x3 
 .bss.__lock___malloc_recursive_mutex
                0x200009dc        0x1 d:/stmcube/gcc-arm-none-eabi/bin/../lib/gcc/arm-none-eabi/10.3.1/../../../../arm-none-eabi/lib/thumb/v7-m/nofp\libg.a(lib_a-lock.o)
                0x200009dc                __lock___malloc_recursive_mutex
 *fill*         0x200009dd        0x3 
 .bss.__lock___sfp_recursive_mutex
                0x200009e0        0x1 d:/stmcube/gcc-arm-none-eabi/bin/../lib/gcc/arm-none-eabi/10.3.1/../../../../arm-none-eabi/lib/thumb/v7-m/nofp\libg.a(lib_a-lock.o)
                0x200009e0                __lock___sfp_recursive_mutex
 *fill*         0x200009e1        0x3 
 .bss.__lock___sinit_recursive_mutex
                0x200009e4        0x1 d:/stmcube/gcc-arm-none-eabi/bin/../lib/gcc/arm-none-eabi/10.3.1/../../../../arm-none-eabi/lib/thumb/v7-m/nofp\libg.a(lib_a-lock.o)
                0x200009e4                __lock___sinit_recursive_mutex
 *fill*         0x200009e5        0x3 
 .bss.__malloc_current_mallinfo
                0x200009e8       0x28 d:/stmcube/gcc-arm-none-eabi/bin/../lib/gcc/arm-none-eabi/10.3.1/../../../../arm-none-eabi/lib/thumb/v7-m/nofp\libg.a(lib_a-mallocr.o)
                0x200009e8                __malloc_current_mallinfo
 .bss.__malloc_max_sbrked_mem
                0x20000a10        0x4 d:/stmcube/gcc-arm-none-eabi/bin/../lib/gcc/arm-none-eabi/10.3.1/../../../../arm-none-eabi/lib/thumb/v7-m/nofp\libg.a(lib_a-mallocr.o)
                0x20000a10                __malloc_max_sbrked_mem
 .bss.__malloc_max_total_mem
                0x20000a14        0x4 d:/stmcube/gcc-arm-none-eabi/bin/../lib/gcc/arm-none-eabi/10.3.1/../../../../arm-none-eabi/lib/thumb/v7-m/nofp\libg.a(lib_a-mallocr.o)
                0x20000a14                __malloc_max_total_mem
 .bss.__malloc_top_pad
                0x20000a18        0x4 d:/stmcube/gcc-arm-none-eabi/bin/../lib/gcc/arm-none-eabi/10.3.1/../../../../arm-none-eabi/lib/thumb/v7-m/nofp\libg.a(lib_a-mallocr.o)
                0x20000a18                __malloc_top_pad
 .bss.errno     0x20000a1c        0x4 d:/stmcube/gcc-arm-none-eabi/bin/../lib/gcc/arm-none-eabi/10.3.1/../../../../arm-none-eabi/lib/thumb/v7-m/nofp\libg.a(lib_a-reent.o)
                0x20000a1c                errno
 .bss.heap_end.0
                0x20000a20        0x4 d:/stmcube/gcc-arm-none-eabi/bin/../lib/gcc/arm-none-eabi/10.3.1/../../../../arm-none-eabi/lib/thumb/v7-m/nofp\libnosys.a(sbrk.o)
 *(COMMON)
                0x20000a24                . = ALIGN (0x4)
                0x20000a24                _ebss = .
                0x20000a24                __bss_end__ = _ebss
                0x20000a24                PROVIDE (end = _ebss)
                [!provide]                PROVIDE (_end = _ebss)

._user_heap_stack
                0x20000a24      0x200 load address 0x08009364
                0x20000a24                . = ALIGN (0x4)
                0x20000a24                . = (. + _Min_Heap_Size)
                0x20000c24                . = (. + _Min_Stack_Size)
 *fill*         0x20000a24      0x200 
                0x20000c24                . = ALIGN (0x4)

.memory_b1_text
 *(.mb1text)
 *(.mb1text*)
 *(.mb1rodata)
 *(.mb1rodata*)

/DISCARD/
 libc.a(*)
 libm.a(*)
 libgcc.a(*)
OUTPUT(GD32F10x.elf elf32-littlearm)
LOAD linker stubs
LOAD d:/stmcube/gcc-arm-none-eabi/bin/../lib/gcc/arm-none-eabi/10.3.1/../../../../arm-none-eabi/lib/thumb/v7-m/nofp\libc.a
LOAD d:/stmcube/gcc-arm-none-eabi/bin/../lib/gcc/arm-none-eabi/10.3.1/../../../../arm-none-eabi/lib/thumb/v7-m/nofp\libm.a
LOAD d:/stmcube/gcc-arm-none-eabi/bin/../lib/gcc/arm-none-eabi/10.3.1/thumb/v7-m/nofp\libgcc.a

.debug_info     0x00000000     0x5561
 .debug_info    0x00000000      0xbf4 CMakeFiles/GD32F10x.elf.dir/Core/Src/gd32f10x_eval.c.obj
 .debug_info    0x00000bf4      0x7af CMakeFiles/GD32F10x.elf.dir/Core/Src/gd32f10x_gpio.c.obj
 .debug_info    0x000013a3      0x14b CMakeFiles/GD32F10x.elf.dir/Core/Src/gd32f10x_it.c.obj
 .debug_info    0x000014ee      0x5a9 CMakeFiles/GD32F10x.elf.dir/Core/Src/gd32f10x_misc.c.obj
 .debug_info    0x00001a97      0xe19 CMakeFiles/GD32F10x.elf.dir/Core/Src/gd32f10x_rcu.c.obj
 .debug_info    0x000028b0      0xc0b CMakeFiles/GD32F10x.elf.dir/Core/Src/main.c.obj
 .debug_info    0x000034bb      0x6f5 CMakeFiles/GD32F10x.elf.dir/Core/Src/systick.c.obj
 .debug_info    0x00003bb0      0x284 CMakeFiles/GD32F10x.elf.dir/Drivers/CMSIS/system_gd32f10x.c.obj
 .debug_info    0x00003e34      0xc00 CMakeFiles/GD32F10x.elf.dir/UserApp/LEDControl/LEDCtrl.cpp.obj
 .debug_info    0x00004a34      0xb0b CMakeFiles/GD32F10x.elf.dir/UserApp/MainApp/MainApp.cpp.obj
 .debug_info    0x0000553f       0x22 CMakeFiles/GD32F10x.elf.dir/startup/startup_gd32f10x_md.S.obj

.debug_abbrev   0x00000000     0x1342
 .debug_abbrev  0x00000000      0x1af CMakeFiles/GD32F10x.elf.dir/Core/Src/gd32f10x_eval.c.obj
 .debug_abbrev  0x000001af      0x1d9 CMakeFiles/GD32F10x.elf.dir/Core/Src/gd32f10x_gpio.c.obj
 .debug_abbrev  0x00000388       0x7e CMakeFiles/GD32F10x.elf.dir/Core/Src/gd32f10x_it.c.obj
 .debug_abbrev  0x00000406      0x166 CMakeFiles/GD32F10x.elf.dir/Core/Src/gd32f10x_misc.c.obj
 .debug_abbrev  0x0000056c      0x1de CMakeFiles/GD32F10x.elf.dir/Core/Src/gd32f10x_rcu.c.obj
 .debug_abbrev  0x0000074a      0x282 CMakeFiles/GD32F10x.elf.dir/Core/Src/main.c.obj
 .debug_abbrev  0x000009cc      0x1ea CMakeFiles/GD32F10x.elf.dir/Core/Src/systick.c.obj
 .debug_abbrev  0x00000bb6      0x169 CMakeFiles/GD32F10x.elf.dir/Drivers/CMSIS/system_gd32f10x.c.obj
 .debug_abbrev  0x00000d1f      0x32e CMakeFiles/GD32F10x.elf.dir/UserApp/LEDControl/LEDCtrl.cpp.obj
 .debug_abbrev  0x0000104d      0x2e3 CMakeFiles/GD32F10x.elf.dir/UserApp/MainApp/MainApp.cpp.obj
 .debug_abbrev  0x00001330       0x12 CMakeFiles/GD32F10x.elf.dir/startup/startup_gd32f10x_md.S.obj

.debug_loc      0x00000000     0x1518
 .debug_loc     0x00000000      0x119 CMakeFiles/GD32F10x.elf.dir/Core/Src/gd32f10x_eval.c.obj
 .debug_loc     0x00000119      0x518 CMakeFiles/GD32F10x.elf.dir/Core/Src/gd32f10x_gpio.c.obj
 .debug_loc     0x00000631      0x29b CMakeFiles/GD32F10x.elf.dir/Core/Src/gd32f10x_misc.c.obj
 .debug_loc     0x000008cc      0x915 CMakeFiles/GD32F10x.elf.dir/Core/Src/gd32f10x_rcu.c.obj
 .debug_loc     0x000011e1       0x54 CMakeFiles/GD32F10x.elf.dir/Core/Src/main.c.obj
 .debug_loc     0x00001235       0x90 CMakeFiles/GD32F10x.elf.dir/Core/Src/systick.c.obj
 .debug_loc     0x000012c5      0x185 CMakeFiles/GD32F10x.elf.dir/Drivers/CMSIS/system_gd32f10x.c.obj
 .debug_loc     0x0000144a       0x4a CMakeFiles/GD32F10x.elf.dir/UserApp/LEDControl/LEDCtrl.cpp.obj
 .debug_loc     0x00001494       0x84 CMakeFiles/GD32F10x.elf.dir/UserApp/MainApp/MainApp.cpp.obj

.debug_aranges  0x00000000      0x400
 .debug_aranges
                0x00000000       0x50 CMakeFiles/GD32F10x.elf.dir/Core/Src/gd32f10x_eval.c.obj
 .debug_aranges
                0x00000050       0xa0 CMakeFiles/GD32F10x.elf.dir/Core/Src/gd32f10x_gpio.c.obj
 .debug_aranges
                0x000000f0       0x60 CMakeFiles/GD32F10x.elf.dir/Core/Src/gd32f10x_it.c.obj
 .debug_aranges
                0x00000150       0x50 CMakeFiles/GD32F10x.elf.dir/Core/Src/gd32f10x_misc.c.obj
 .debug_aranges
                0x000001a0      0x138 CMakeFiles/GD32F10x.elf.dir/Core/Src/gd32f10x_rcu.c.obj
 .debug_aranges
                0x000002d8       0x30 CMakeFiles/GD32F10x.elf.dir/Core/Src/main.c.obj
 .debug_aranges
                0x00000308       0x30 CMakeFiles/GD32F10x.elf.dir/Core/Src/systick.c.obj
 .debug_aranges
                0x00000338       0x38 CMakeFiles/GD32F10x.elf.dir/Drivers/CMSIS/system_gd32f10x.c.obj
 .debug_aranges
                0x00000370       0x38 CMakeFiles/GD32F10x.elf.dir/UserApp/LEDControl/LEDCtrl.cpp.obj
 .debug_aranges
                0x000003a8       0x30 CMakeFiles/GD32F10x.elf.dir/UserApp/MainApp/MainApp.cpp.obj
 .debug_aranges
                0x000003d8       0x28 CMakeFiles/GD32F10x.elf.dir/startup/startup_gd32f10x_md.S.obj

.debug_ranges   0x00000000      0x358
 .debug_ranges  0x00000000       0x40 CMakeFiles/GD32F10x.elf.dir/Core/Src/gd32f10x_eval.c.obj
 .debug_ranges  0x00000040       0x90 CMakeFiles/GD32F10x.elf.dir/Core/Src/gd32f10x_gpio.c.obj
 .debug_ranges  0x000000d0       0x50 CMakeFiles/GD32F10x.elf.dir/Core/Src/gd32f10x_it.c.obj
 .debug_ranges  0x00000120       0x40 CMakeFiles/GD32F10x.elf.dir/Core/Src/gd32f10x_misc.c.obj
 .debug_ranges  0x00000160      0x128 CMakeFiles/GD32F10x.elf.dir/Core/Src/gd32f10x_rcu.c.obj
 .debug_ranges  0x00000288       0x20 CMakeFiles/GD32F10x.elf.dir/Core/Src/main.c.obj
 .debug_ranges  0x000002a8       0x20 CMakeFiles/GD32F10x.elf.dir/Core/Src/systick.c.obj
 .debug_ranges  0x000002c8       0x28 CMakeFiles/GD32F10x.elf.dir/Drivers/CMSIS/system_gd32f10x.c.obj
 .debug_ranges  0x000002f0       0x28 CMakeFiles/GD32F10x.elf.dir/UserApp/LEDControl/LEDCtrl.cpp.obj
 .debug_ranges  0x00000318       0x20 CMakeFiles/GD32F10x.elf.dir/UserApp/MainApp/MainApp.cpp.obj
 .debug_ranges  0x00000338       0x20 CMakeFiles/GD32F10x.elf.dir/startup/startup_gd32f10x_md.S.obj

.debug_line     0x00000000     0x2a95
 .debug_line    0x00000000      0x309 CMakeFiles/GD32F10x.elf.dir/Core/Src/gd32f10x_eval.c.obj
 .debug_line    0x00000309      0x68a CMakeFiles/GD32F10x.elf.dir/Core/Src/gd32f10x_gpio.c.obj
 .debug_line    0x00000993      0x1a7 CMakeFiles/GD32F10x.elf.dir/Core/Src/gd32f10x_it.c.obj
 .debug_line    0x00000b3a      0x2c7 CMakeFiles/GD32F10x.elf.dir/Core/Src/gd32f10x_misc.c.obj
 .debug_line    0x00000e01      0x9d7 CMakeFiles/GD32F10x.elf.dir/Core/Src/gd32f10x_rcu.c.obj
 .debug_line    0x000017d8      0x35f CMakeFiles/GD32F10x.elf.dir/Core/Src/main.c.obj
 .debug_line    0x00001b37      0x259 CMakeFiles/GD32F10x.elf.dir/Core/Src/systick.c.obj
 .debug_line    0x00001d90      0x496 CMakeFiles/GD32F10x.elf.dir/Drivers/CMSIS/system_gd32f10x.c.obj
 .debug_line    0x00002226      0x3db CMakeFiles/GD32F10x.elf.dir/UserApp/LEDControl/LEDCtrl.cpp.obj
 .debug_line    0x00002601      0x3f0 CMakeFiles/GD32F10x.elf.dir/UserApp/MainApp/MainApp.cpp.obj
 .debug_line    0x000029f1       0xa4 CMakeFiles/GD32F10x.elf.dir/startup/startup_gd32f10x_md.S.obj

.debug_str      0x00000000     0x2426
 .debug_str     0x00000000      0xb4a CMakeFiles/GD32F10x.elf.dir/Core/Src/gd32f10x_eval.c.obj
                                0xbe0 (size before relaxing)
 .debug_str     0x00000b4a      0x3c1 CMakeFiles/GD32F10x.elf.dir/Core/Src/gd32f10x_gpio.c.obj
                                0x609 (size before relaxing)
 .debug_str     0x00000f0b       0xed CMakeFiles/GD32F10x.elf.dir/Core/Src/gd32f10x_it.c.obj
                                0x290 (size before relaxing)
 .debug_str     0x00000ff8      0x22f CMakeFiles/GD32F10x.elf.dir/Core/Src/gd32f10x_misc.c.obj
                                0x40f (size before relaxing)
 .debug_str     0x00001227      0x79c CMakeFiles/GD32F10x.elf.dir/Core/Src/gd32f10x_rcu.c.obj
                                0xd44 (size before relaxing)
 .debug_str     0x000019c3      0x4e2 CMakeFiles/GD32F10x.elf.dir/Core/Src/main.c.obj
                                0x73e (size before relaxing)
 .debug_str     0x00001ea5       0x85 CMakeFiles/GD32F10x.elf.dir/Core/Src/systick.c.obj
                                0x74e (size before relaxing)
 .debug_str     0x00001f2a       0xb0 CMakeFiles/GD32F10x.elf.dir/Drivers/CMSIS/system_gd32f10x.c.obj
                                0x2f3 (size before relaxing)
 .debug_str     0x00001fda      0x34f CMakeFiles/GD32F10x.elf.dir/UserApp/LEDControl/LEDCtrl.cpp.obj
                                0x6fc (size before relaxing)
 .debug_str     0x00002329       0xa5 CMakeFiles/GD32F10x.elf.dir/UserApp/MainApp/MainApp.cpp.obj
                                0x689 (size before relaxing)
 .debug_str     0x000023ce       0x58 CMakeFiles/GD32F10x.elf.dir/startup/startup_gd32f10x_md.S.obj
                                 0xa2 (size before relaxing)

.comment        0x00000000       0x49
 .comment       0x00000000       0x49 CMakeFiles/GD32F10x.elf.dir/Core/Src/gd32f10x_eval.c.obj
                                 0x4a (size before relaxing)
 .comment       0x00000049       0x4a CMakeFiles/GD32F10x.elf.dir/Core/Src/gd32f10x_gpio.c.obj
 .comment       0x00000049       0x4a CMakeFiles/GD32F10x.elf.dir/Core/Src/gd32f10x_it.c.obj
 .comment       0x00000049       0x4a CMakeFiles/GD32F10x.elf.dir/Core/Src/gd32f10x_misc.c.obj
 .comment       0x00000049       0x4a CMakeFiles/GD32F10x.elf.dir/Core/Src/gd32f10x_rcu.c.obj
 .comment       0x00000049       0x4a CMakeFiles/GD32F10x.elf.dir/Core/Src/main.c.obj
 .comment       0x00000049       0x4a CMakeFiles/GD32F10x.elf.dir/Core/Src/systick.c.obj
 .comment       0x00000049       0x4a CMakeFiles/GD32F10x.elf.dir/Drivers/CMSIS/system_gd32f10x.c.obj
 .comment       0x00000049       0x4a CMakeFiles/GD32F10x.elf.dir/UserApp/LEDControl/LEDCtrl.cpp.obj
 .comment       0x00000049       0x4a CMakeFiles/GD32F10x.elf.dir/UserApp/MainApp/MainApp.cpp.obj

.debug_frame    0x00000000     0x21e8
 .debug_frame   0x00000000       0xb8 CMakeFiles/GD32F10x.elf.dir/Core/Src/gd32f10x_eval.c.obj
 .debug_frame   0x000000b8      0x150 CMakeFiles/GD32F10x.elf.dir/Core/Src/gd32f10x_gpio.c.obj
 .debug_frame   0x00000208       0xa8 CMakeFiles/GD32F10x.elf.dir/Core/Src/gd32f10x_it.c.obj
 .debug_frame   0x000002b0       0x8c CMakeFiles/GD32F10x.elf.dir/Core/Src/gd32f10x_misc.c.obj
 .debug_frame   0x0000033c      0x274 CMakeFiles/GD32F10x.elf.dir/Core/Src/gd32f10x_rcu.c.obj
 .debug_frame   0x000005b0       0x58 CMakeFiles/GD32F10x.elf.dir/Core/Src/main.c.obj
 .debug_frame   0x00000608       0x40 CMakeFiles/GD32F10x.elf.dir/Core/Src/systick.c.obj
 .debug_frame   0x00000648       0x70 CMakeFiles/GD32F10x.elf.dir/Drivers/CMSIS/system_gd32f10x.c.obj
 .debug_frame   0x000006b8       0x5c CMakeFiles/GD32F10x.elf.dir/UserApp/LEDControl/LEDCtrl.cpp.obj
 .debug_frame   0x00000714       0x58 CMakeFiles/GD32F10x.elf.dir/UserApp/MainApp/MainApp.cpp.obj
 .debug_frame   0x0000076c      0x2e0 d:/stmcube/gcc-arm-none-eabi/bin/../lib/gcc/arm-none-eabi/10.3.1/thumb/v7-m/nofp\libgcc.a(unwind-arm.o)
 .debug_frame   0x00000a4c       0xf4 d:/stmcube/gcc-arm-none-eabi/bin/../lib/gcc/arm-none-eabi/10.3.1/thumb/v7-m/nofp\libgcc.a(pr-support.o)
 .debug_frame   0x00000b40       0x28 d:/stmcube/gcc-arm-none-eabi/bin/../lib/gcc/arm-none-eabi/10.3.1/../../../../arm-none-eabi/lib/thumb/v7-m/nofp\libg.a(lib_a-abort.o)
 .debug_frame   0x00000b68       0x2c d:/stmcube/gcc-arm-none-eabi/bin/../lib/gcc/arm-none-eabi/10.3.1/../../../../arm-none-eabi/lib/thumb/v7-m/nofp\libg.a(lib_a-memset.o)
 .debug_frame   0x00000b94       0x74 d:/stmcube/gcc-arm-none-eabi/bin/../lib/gcc/arm-none-eabi/10.3.1/../../../../arm-none-eabi/lib/thumb/v7-m/nofp\libg.a(lib_a-printf.o)
 .debug_frame   0x00000c08      0x114 d:/stmcube/gcc-arm-none-eabi/bin/../lib/gcc/arm-none-eabi/10.3.1/../../../../arm-none-eabi/lib/thumb/v7-m/nofp\libg.a(lib_a-signal.o)
 .debug_frame   0x00000d1c       0x3c d:/stmcube/gcc-arm-none-eabi/bin/../lib/gcc/arm-none-eabi/10.3.1/../../../../arm-none-eabi/lib/thumb/v7-m/nofp\libg.a(lib_a-signalr.o)
 .debug_frame   0x00000d58       0x94 d:/stmcube/gcc-arm-none-eabi/bin/../lib/gcc/arm-none-eabi/10.3.1/../../../../arm-none-eabi/lib/thumb/v7-m/nofp\libg.a(lib_a-vfprintf.o)
 .debug_frame   0x00000dec       0x2c d:/stmcube/gcc-arm-none-eabi/bin/../lib/gcc/arm-none-eabi/10.3.1/../../../../arm-none-eabi/lib/thumb/v7-m/nofp\libg.a(lib_a-wsetup.o)
 .debug_frame   0x00000e18       0x5c d:/stmcube/gcc-arm-none-eabi/bin/../lib/gcc/arm-none-eabi/10.3.1/../../../../arm-none-eabi/lib/thumb/v7-m/nofp\libg.a(lib_a-__call_atexit.o)
 .debug_frame   0x00000e74       0x20 d:/stmcube/gcc-arm-none-eabi/bin/../lib/gcc/arm-none-eabi/10.3.1/../../../../arm-none-eabi/lib/thumb/v7-m/nofp\libg.a(lib_a-atexit.o)
 .debug_frame   0x00000e94       0x8c d:/stmcube/gcc-arm-none-eabi/bin/../lib/gcc/arm-none-eabi/10.3.1/../../../../arm-none-eabi/lib/thumb/v7-m/nofp\libg.a(lib_a-dtoa.o)
 .debug_frame   0x00000f20       0x70 d:/stmcube/gcc-arm-none-eabi/bin/../lib/gcc/arm-none-eabi/10.3.1/../../../../arm-none-eabi/lib/thumb/v7-m/nofp\libg.a(lib_a-fflush.o)
 .debug_frame   0x00000f90      0x154 d:/stmcube/gcc-arm-none-eabi/bin/../lib/gcc/arm-none-eabi/10.3.1/../../../../arm-none-eabi/lib/thumb/v7-m/nofp\libg.a(lib_a-findfp.o)
 .debug_frame   0x000010e4       0x34 d:/stmcube/gcc-arm-none-eabi/bin/../lib/gcc/arm-none-eabi/10.3.1/../../../../arm-none-eabi/lib/thumb/v7-m/nofp\libg.a(lib_a-fini.o)
 .debug_frame   0x00001118       0x8c d:/stmcube/gcc-arm-none-eabi/bin/../lib/gcc/arm-none-eabi/10.3.1/../../../../arm-none-eabi/lib/thumb/v7-m/nofp\libg.a(lib_a-freer.o)
 .debug_frame   0x000011a4       0x54 d:/stmcube/gcc-arm-none-eabi/bin/../lib/gcc/arm-none-eabi/10.3.1/../../../../arm-none-eabi/lib/thumb/v7-m/nofp\libg.a(lib_a-fwalk.o)
 .debug_frame   0x000011f8       0x40 d:/stmcube/gcc-arm-none-eabi/bin/../lib/gcc/arm-none-eabi/10.3.1/../../../../arm-none-eabi/lib/thumb/v7-m/nofp\libg.a(lib_a-localeconv.o)
 .debug_frame   0x00001238       0xb0 d:/stmcube/gcc-arm-none-eabi/bin/../lib/gcc/arm-none-eabi/10.3.1/../../../../arm-none-eabi/lib/thumb/v7-m/nofp\libg.a(lib_a-lock.o)
 .debug_frame   0x000012e8       0x70 d:/stmcube/gcc-arm-none-eabi/bin/../lib/gcc/arm-none-eabi/10.3.1/../../../../arm-none-eabi/lib/thumb/v7-m/nofp\libg.a(lib_a-makebuf.o)
 .debug_frame   0x00001358       0x4c d:/stmcube/gcc-arm-none-eabi/bin/../lib/gcc/arm-none-eabi/10.3.1/../../../../arm-none-eabi/lib/thumb/v7-m/nofp\libg.a(lib_a-mallocr.o)
 .debug_frame   0x000013a4       0x28 d:/stmcube/gcc-arm-none-eabi/bin/../lib/gcc/arm-none-eabi/10.3.1/../../../../arm-none-eabi/lib/thumb/v7-m/nofp\libg.a(lib_a-memchr-stub.o)
 .debug_frame   0x000013cc       0x30 d:/stmcube/gcc-arm-none-eabi/bin/../lib/gcc/arm-none-eabi/10.3.1/../../../../arm-none-eabi/lib/thumb/v7-m/nofp\libg.a(lib_a-mlock.o)
 .debug_frame   0x000013fc      0x260 d:/stmcube/gcc-arm-none-eabi/bin/../lib/gcc/arm-none-eabi/10.3.1/../../../../arm-none-eabi/lib/thumb/v7-m/nofp\libg.a(lib_a-mprec.o)
 .debug_frame   0x0000165c       0x64 d:/stmcube/gcc-arm-none-eabi/bin/../lib/gcc/arm-none-eabi/10.3.1/../../../../arm-none-eabi/lib/thumb/v7-m/nofp\libg.a(lib_a-reent.o)
 .debug_frame   0x000016c0       0x30 d:/stmcube/gcc-arm-none-eabi/bin/../lib/gcc/arm-none-eabi/10.3.1/../../../../arm-none-eabi/lib/thumb/v7-m/nofp\libg.a(lib_a-s_frexp.o)
 .debug_frame   0x000016f0       0x2c d:/stmcube/gcc-arm-none-eabi/bin/../lib/gcc/arm-none-eabi/10.3.1/../../../../arm-none-eabi/lib/thumb/v7-m/nofp\libg.a(lib_a-sbrkr.o)
 .debug_frame   0x0000171c       0x8c d:/stmcube/gcc-arm-none-eabi/bin/../lib/gcc/arm-none-eabi/10.3.1/../../../../arm-none-eabi/lib/thumb/v7-m/nofp\libg.a(lib_a-stdio.o)
 .debug_frame   0x000017a8       0x20 d:/stmcube/gcc-arm-none-eabi/bin/../lib/gcc/arm-none-eabi/10.3.1/../../../../arm-none-eabi/lib/thumb/v7-m/nofp\libg.a(lib_a-strlen-stub.o)
 .debug_frame   0x000017c8       0x2c d:/stmcube/gcc-arm-none-eabi/bin/../lib/gcc/arm-none-eabi/10.3.1/../../../../arm-none-eabi/lib/thumb/v7-m/nofp\libg.a(lib_a-strncpy.o)
 .debug_frame   0x000017f4       0xdc d:/stmcube/gcc-arm-none-eabi/bin/../lib/gcc/arm-none-eabi/10.3.1/../../../../arm-none-eabi/lib/thumb/v7-m/nofp\libg.a(lib_a-vfiprintf.o)
 .debug_frame   0x000018d0       0x2c d:/stmcube/gcc-arm-none-eabi/bin/../lib/gcc/arm-none-eabi/10.3.1/../../../../arm-none-eabi/lib/thumb/v7-m/nofp\libg.a(lib_a-writer.o)
 .debug_frame   0x000018fc       0x34 d:/stmcube/gcc-arm-none-eabi/bin/../lib/gcc/arm-none-eabi/10.3.1/../../../../arm-none-eabi/lib/thumb/v7-m/nofp\libg.a(lib_a-__atexit.o)
 .debug_frame   0x00001930       0x40 d:/stmcube/gcc-arm-none-eabi/bin/../lib/gcc/arm-none-eabi/10.3.1/../../../../arm-none-eabi/lib/thumb/v7-m/nofp\libg.a(lib_a-assert.o)
 .debug_frame   0x00001970       0x2c d:/stmcube/gcc-arm-none-eabi/bin/../lib/gcc/arm-none-eabi/10.3.1/../../../../arm-none-eabi/lib/thumb/v7-m/nofp\libg.a(lib_a-callocr.o)
 .debug_frame   0x0000199c       0x2c d:/stmcube/gcc-arm-none-eabi/bin/../lib/gcc/arm-none-eabi/10.3.1/../../../../arm-none-eabi/lib/thumb/v7-m/nofp\libg.a(lib_a-closer.o)
 .debug_frame   0x000019c8       0x20 d:/stmcube/gcc-arm-none-eabi/bin/../lib/gcc/arm-none-eabi/10.3.1/../../../../arm-none-eabi/lib/thumb/v7-m/nofp\libg.a(lib_a-errno.o)
 .debug_frame   0x000019e8       0x3c d:/stmcube/gcc-arm-none-eabi/bin/../lib/gcc/arm-none-eabi/10.3.1/../../../../arm-none-eabi/lib/thumb/v7-m/nofp\libg.a(lib_a-fclose.o)
 .debug_frame   0x00001a24       0x6c d:/stmcube/gcc-arm-none-eabi/bin/../lib/gcc/arm-none-eabi/10.3.1/../../../../arm-none-eabi/lib/thumb/v7-m/nofp\libg.a(lib_a-fiprintf.o)
 .debug_frame   0x00001a90       0x88 d:/stmcube/gcc-arm-none-eabi/bin/../lib/gcc/arm-none-eabi/10.3.1/../../../../arm-none-eabi/lib/thumb/v7-m/nofp\libg.a(lib_a-fputwc.o)
 .debug_frame   0x00001b18       0x2c d:/stmcube/gcc-arm-none-eabi/bin/../lib/gcc/arm-none-eabi/10.3.1/../../../../arm-none-eabi/lib/thumb/v7-m/nofp\libg.a(lib_a-fstatr.o)
 .debug_frame   0x00001b44       0x64 d:/stmcube/gcc-arm-none-eabi/bin/../lib/gcc/arm-none-eabi/10.3.1/../../../../arm-none-eabi/lib/thumb/v7-m/nofp\libg.a(lib_a-fvwrite.o)
 .debug_frame   0x00001ba8       0x2c d:/stmcube/gcc-arm-none-eabi/bin/../lib/gcc/arm-none-eabi/10.3.1/../../../../arm-none-eabi/lib/thumb/v7-m/nofp\libg.a(lib_a-isattyr.o)
 .debug_frame   0x00001bd4       0x68 d:/stmcube/gcc-arm-none-eabi/bin/../lib/gcc/arm-none-eabi/10.3.1/../../../../arm-none-eabi/lib/thumb/v7-m/nofp\libg.a(lib_a-locale.o)
 .debug_frame   0x00001c3c       0x2c d:/stmcube/gcc-arm-none-eabi/bin/../lib/gcc/arm-none-eabi/10.3.1/../../../../arm-none-eabi/lib/thumb/v7-m/nofp\libg.a(lib_a-lseekr.o)
 .debug_frame   0x00001c68       0x4c d:/stmcube/gcc-arm-none-eabi/bin/../lib/gcc/arm-none-eabi/10.3.1/../../../../arm-none-eabi/lib/thumb/v7-m/nofp\libg.a(lib_a-mbtowc_r.o)
 .debug_frame   0x00001cb4       0x40 d:/stmcube/gcc-arm-none-eabi/bin/../lib/gcc/arm-none-eabi/10.3.1/../../../../arm-none-eabi/lib/thumb/v7-m/nofp\libg.a(lib_a-memmove.o)
 .debug_frame   0x00001cf4       0x2c d:/stmcube/gcc-arm-none-eabi/bin/../lib/gcc/arm-none-eabi/10.3.1/../../../../arm-none-eabi/lib/thumb/v7-m/nofp\libg.a(lib_a-readr.o)
 .debug_frame   0x00001d20       0x48 d:/stmcube/gcc-arm-none-eabi/bin/../lib/gcc/arm-none-eabi/10.3.1/../../../../arm-none-eabi/lib/thumb/v7-m/nofp\libg.a(lib_a-reallocr.o)
 .debug_frame   0x00001d68       0x40 d:/stmcube/gcc-arm-none-eabi/bin/../lib/gcc/arm-none-eabi/10.3.1/../../../../arm-none-eabi/lib/thumb/v7-m/nofp\libg.a(lib_a-wbuf.o)
 .debug_frame   0x00001da8       0x60 d:/stmcube/gcc-arm-none-eabi/bin/../lib/gcc/arm-none-eabi/10.3.1/../../../../arm-none-eabi/lib/thumb/v7-m/nofp\libg.a(lib_a-wcrtomb.o)
 .debug_frame   0x00001e08       0x3c d:/stmcube/gcc-arm-none-eabi/bin/../lib/gcc/arm-none-eabi/10.3.1/../../../../arm-none-eabi/lib/thumb/v7-m/nofp\libg.a(lib_a-wctomb_r.o)
 .debug_frame   0x00001e44       0xac d:/stmcube/gcc-arm-none-eabi/bin/../lib/gcc/arm-none-eabi/10.3.1/thumb/v7-m/nofp\libgcc.a(_arm_addsubdf3.o)
 .debug_frame   0x00001ef0       0x50 d:/stmcube/gcc-arm-none-eabi/bin/../lib/gcc/arm-none-eabi/10.3.1/thumb/v7-m/nofp\libgcc.a(_arm_muldivdf3.o)
 .debug_frame   0x00001f40       0xc4 d:/stmcube/gcc-arm-none-eabi/bin/../lib/gcc/arm-none-eabi/10.3.1/thumb/v7-m/nofp\libgcc.a(_arm_cmpdf2.o)
 .debug_frame   0x00002004       0x20 d:/stmcube/gcc-arm-none-eabi/bin/../lib/gcc/arm-none-eabi/10.3.1/thumb/v7-m/nofp\libgcc.a(_arm_unorddf2.o)
 .debug_frame   0x00002024       0x24 d:/stmcube/gcc-arm-none-eabi/bin/../lib/gcc/arm-none-eabi/10.3.1/thumb/v7-m/nofp\libgcc.a(_arm_fixdfsi.o)
 .debug_frame   0x00002048       0x2c d:/stmcube/gcc-arm-none-eabi/bin/../lib/gcc/arm-none-eabi/10.3.1/thumb/v7-m/nofp\libgcc.a(_aeabi_uldivmod.o)
 .debug_frame   0x00002074       0x34 d:/stmcube/gcc-arm-none-eabi/bin/../lib/gcc/arm-none-eabi/10.3.1/thumb/v7-m/nofp\libgcc.a(_udivmoddi4.o)
 .debug_frame   0x000020a8       0x20 d:/stmcube/gcc-arm-none-eabi/bin/../lib/gcc/arm-none-eabi/10.3.1/../../../../arm-none-eabi/lib/thumb/v7-m/nofp\libnosys.a(close.o)
 .debug_frame   0x000020c8       0x20 d:/stmcube/gcc-arm-none-eabi/bin/../lib/gcc/arm-none-eabi/10.3.1/../../../../arm-none-eabi/lib/thumb/v7-m/nofp\libnosys.a(fstat.o)
 .debug_frame   0x000020e8       0x20 d:/stmcube/gcc-arm-none-eabi/bin/../lib/gcc/arm-none-eabi/10.3.1/../../../../arm-none-eabi/lib/thumb/v7-m/nofp\libnosys.a(getpid.o)
 .debug_frame   0x00002108       0x20 d:/stmcube/gcc-arm-none-eabi/bin/../lib/gcc/arm-none-eabi/10.3.1/../../../../arm-none-eabi/lib/thumb/v7-m/nofp\libnosys.a(isatty.o)
 .debug_frame   0x00002128       0x20 d:/stmcube/gcc-arm-none-eabi/bin/../lib/gcc/arm-none-eabi/10.3.1/../../../../arm-none-eabi/lib/thumb/v7-m/nofp\libnosys.a(kill.o)
 .debug_frame   0x00002148       0x20 d:/stmcube/gcc-arm-none-eabi/bin/../lib/gcc/arm-none-eabi/10.3.1/../../../../arm-none-eabi/lib/thumb/v7-m/nofp\libnosys.a(lseek.o)
 .debug_frame   0x00002168       0x20 d:/stmcube/gcc-arm-none-eabi/bin/../lib/gcc/arm-none-eabi/10.3.1/../../../../arm-none-eabi/lib/thumb/v7-m/nofp\libnosys.a(read.o)
 .debug_frame   0x00002188       0x20 d:/stmcube/gcc-arm-none-eabi/bin/../lib/gcc/arm-none-eabi/10.3.1/../../../../arm-none-eabi/lib/thumb/v7-m/nofp\libnosys.a(sbrk.o)
 .debug_frame   0x000021a8       0x20 d:/stmcube/gcc-arm-none-eabi/bin/../lib/gcc/arm-none-eabi/10.3.1/../../../../arm-none-eabi/lib/thumb/v7-m/nofp\libnosys.a(write.o)
 .debug_frame   0x000021c8       0x20 d:/stmcube/gcc-arm-none-eabi/bin/../lib/gcc/arm-none-eabi/10.3.1/../../../../arm-none-eabi/lib/thumb/v7-m/nofp\libnosys.a(_exit.o)

.stab           0x00000000       0xcc
 .stab          0x00000000       0x24 d:/stmcube/gcc-arm-none-eabi/bin/../lib/gcc/arm-none-eabi/10.3.1/../../../../arm-none-eabi/lib/thumb/v7-m/nofp\libnosys.a(close.o)
 .stab          0x00000024       0x18 d:/stmcube/gcc-arm-none-eabi/bin/../lib/gcc/arm-none-eabi/10.3.1/../../../../arm-none-eabi/lib/thumb/v7-m/nofp\libnosys.a(fstat.o)