Archive member included to satisfy reference by file (symbol)

d:/stmcube/gcc-arm-none-eabi/bin/../lib/gcc/arm-none-eabi/10.3.1/../../../../arm-none-eabi/lib/thumb/v7-m/nofp\libg.a(lib_a-exit.o)
                              d:/stmcube/gcc-arm-none-eabi/bin/../lib/gcc/arm-none-eabi/10.3.1/../../../../arm-none-eabi/lib/thumb/v7-m/nofp/crt0.o (exit)
d:/stmcube/gcc-arm-none-eabi/bin/../lib/gcc/arm-none-eabi/10.3.1/../../../../arm-none-eabi/lib/thumb/v7-m/nofp\libg.a(lib_a-impure.o)
                              d:/stmcube/gcc-arm-none-eabi/bin/../lib/gcc/arm-none-eabi/10.3.1/../../../../arm-none-eabi/lib/thumb/v7-m/nofp\libg.a(lib_a-exit.o) (_global_impure_ptr)
d:/stmcube/gcc-arm-none-eabi/bin/../lib/gcc/arm-none-eabi/10.3.1/../../../../arm-none-eabi/lib/thumb/v7-m/nofp\libg.a(lib_a-init.o)
                              d:/stmcube/gcc-arm-none-eabi/bin/../lib/gcc/arm-none-eabi/10.3.1/../../../../arm-none-eabi/lib/thumb/v7-m/nofp/crt0.o (__libc_init_array)
d:/stmcube/gcc-arm-none-eabi/bin/../lib/gcc/arm-none-eabi/10.3.1/../../../../arm-none-eabi/lib/thumb/v7-m/nofp\libg.a(lib_a-memset.o)
                              d:/stmcube/gcc-arm-none-eabi/bin/../lib/gcc/arm-none-eabi/10.3.1/../../../../arm-none-eabi/lib/thumb/v7-m/nofp/crt0.o (memset)
d:/stmcube/gcc-arm-none-eabi/bin/../lib/gcc/arm-none-eabi/10.3.1/../../../../arm-none-eabi/lib/thumb/v7-m/nofp\libg.a(lib_a-printf.o)
                              CMakeFiles/GD32F10x.elf.dir/UserApp/Src/main.c.obj (printf)
d:/stmcube/gcc-arm-none-eabi/bin/../lib/gcc/arm-none-eabi/10.3.1/../../../../arm-none-eabi/lib/thumb/v7-m/nofp\libg.a(lib_a-vfprintf.o)
                              d:/stmcube/gcc-arm-none-eabi/bin/../lib/gcc/arm-none-eabi/10.3.1/../../../../arm-none-eabi/lib/thumb/v7-m/nofp\libg.a(lib_a-printf.o) (_vfprintf_r)
d:/stmcube/gcc-arm-none-eabi/bin/../lib/gcc/arm-none-eabi/10.3.1/../../../../arm-none-eabi/lib/thumb/v7-m/nofp\libg.a(lib_a-wsetup.o)
                              d:/stmcube/gcc-arm-none-eabi/bin/../lib/gcc/arm-none-eabi/10.3.1/../../../../arm-none-eabi/lib/thumb/v7-m/nofp\libg.a(lib_a-vfprintf.o) (__swsetup_r)
d:/stmcube/gcc-arm-none-eabi/bin/../lib/gcc/arm-none-eabi/10.3.1/../../../../arm-none-eabi/lib/thumb/v7-m/nofp\libg.a(lib_a-__call_atexit.o)
                              d:/stmcube/gcc-arm-none-eabi/bin/../lib/gcc/arm-none-eabi/10.3.1/../../../../arm-none-eabi/lib/thumb/v7-m/nofp\libg.a(lib_a-exit.o) (__call_exitprocs)
d:/stmcube/gcc-arm-none-eabi/bin/../lib/gcc/arm-none-eabi/10.3.1/../../../../arm-none-eabi/lib/thumb/v7-m/nofp\libg.a(lib_a-atexit.o)
                              d:/stmcube/gcc-arm-none-eabi/bin/../lib/gcc/arm-none-eabi/10.3.1/../../../../arm-none-eabi/lib/thumb/v7-m/nofp\libg.a(lib_a-__call_atexit.o) (atexit)
d:/stmcube/gcc-arm-none-eabi/bin/../lib/gcc/arm-none-eabi/10.3.1/../../../../arm-none-eabi/lib/thumb/v7-m/nofp\libg.a(lib_a-dtoa.o)
                              d:/stmcube/gcc-arm-none-eabi/bin/../lib/gcc/arm-none-eabi/10.3.1/../../../../arm-none-eabi/lib/thumb/v7-m/nofp\libg.a(lib_a-vfprintf.o) (_dtoa_r)
d:/stmcube/gcc-arm-none-eabi/bin/../lib/gcc/arm-none-eabi/10.3.1/../../../../arm-none-eabi/lib/thumb/v7-m/nofp\libg.a(lib_a-fflush.o)
                              d:/stmcube/gcc-arm-none-eabi/bin/../lib/gcc/arm-none-eabi/10.3.1/../../../../arm-none-eabi/lib/thumb/v7-m/nofp\libg.a(lib_a-vfprintf.o) (_fflush_r)
d:/stmcube/gcc-arm-none-eabi/bin/../lib/gcc/arm-none-eabi/10.3.1/../../../../arm-none-eabi/lib/thumb/v7-m/nofp\libg.a(lib_a-findfp.o)
                              d:/stmcube/gcc-arm-none-eabi/bin/../lib/gcc/arm-none-eabi/10.3.1/../../../../arm-none-eabi/lib/thumb/v7-m/nofp\libg.a(lib_a-vfprintf.o) (__sinit)
d:/stmcube/gcc-arm-none-eabi/bin/../lib/gcc/arm-none-eabi/10.3.1/../../../../arm-none-eabi/lib/thumb/v7-m/nofp\libg.a(lib_a-fini.o)
                              d:/stmcube/gcc-arm-none-eabi/bin/../lib/gcc/arm-none-eabi/10.3.1/../../../../arm-none-eabi/lib/thumb/v7-m/nofp\libg.a(lib_a-__call_atexit.o) (__libc_fini_array)
d:/stmcube/gcc-arm-none-eabi/bin/../lib/gcc/arm-none-eabi/10.3.1/../../../../arm-none-eabi/lib/thumb/v7-m/nofp\libg.a(lib_a-freer.o)
                              d:/stmcube/gcc-arm-none-eabi/bin/../lib/gcc/arm-none-eabi/10.3.1/../../../../arm-none-eabi/lib/thumb/v7-m/nofp\libg.a(lib_a-vfprintf.o) (_free_r)
d:/stmcube/gcc-arm-none-eabi/bin/../lib/gcc/arm-none-eabi/10.3.1/../../../../arm-none-eabi/lib/thumb/v7-m/nofp\libg.a(lib_a-fwalk.o)
                              d:/stmcube/gcc-arm-none-eabi/bin/../lib/gcc/arm-none-eabi/10.3.1/../../../../arm-none-eabi/lib/thumb/v7-m/nofp\libg.a(lib_a-findfp.o) (_fwalk)
d:/stmcube/gcc-arm-none-eabi/bin/../lib/gcc/arm-none-eabi/10.3.1/../../../../arm-none-eabi/lib/thumb/v7-m/nofp\libg.a(lib_a-localeconv.o)
                              d:/stmcube/gcc-arm-none-eabi/bin/../lib/gcc/arm-none-eabi/10.3.1/../../../../arm-none-eabi/lib/thumb/v7-m/nofp\libg.a(lib_a-vfprintf.o) (_localeconv_r)
[...]
Memory Configuration

Name             Origin             Length             Attributes
FLASH            0x08000000         0x00040000         xr
RAM              0x20000000         0x00018000         xrw
MEMORY_B1        0x60000000         0x00000000         xr
*default*        0x00000000         0xffffffff

Linker script and memory map

LOAD d:/stmcube/gcc-arm-none-eabi/bin/../lib/gcc/arm-none-eabi/10.3.1/thumb/v7-m/nofp/crti.o
LOAD d:/stmcube/gcc-arm-none-eabi/bin/../lib/gcc/arm-none-eabi/10.3.1/thumb/v7-m/nofp/crtbegin.o
LOAD d:/stmcube/gcc-arm-none-eabi/bin/../lib/gcc/arm-none-eabi/10.3.1/../../../../arm-none-eabi/lib/thumb/v7-m/nofp/crt0.o
LOAD CMakeFiles/GD32F10x.elf.dir/Core/Src/gd32f10x_adc.c.obj
LOAD CMakeFiles/GD32F10x.elf.dir/Core/Src/gd32f10x_bkp.c.obj
LOAD CMakeFiles/GD32F10x.elf.dir/Core/Src/gd32f10x_can.c.obj
LOAD CMakeFiles/GD32F10x.elf.dir/Core/Src/gd32f10x_crc.c.obj
LOAD CMakeFiles/GD32F10x.elf.dir/Core/Src/gd32f10x_dac.c.obj
LOAD CMakeFiles/GD32F10x.elf.dir/Core/Src/gd32f10x_dbg.c.obj
LOAD CMakeFiles/GD32F10x.elf.dir/Core/Src/gd32f10x_dma.c.obj
LOAD CMakeFiles/GD32F10x.elf.dir/Core/Src/gd32f10x_enet.c.obj
LOAD CMakeFiles/GD32F10x.elf.dir/Core/Src/gd32f10x_exmc.c.obj
LOAD CMakeFiles/GD32F10x.elf.dir/Core/Src/gd32f10x_exti.c.obj
LOAD CMakeFiles/GD32F10x.elf.dir/Core/Src/gd32f10x_fmc.c.obj
LOAD CMakeFiles/GD32F10x.elf.dir/Core/Src/gd32f10x_fwdgt.c.obj
LOAD CMakeFiles/GD32F10x.elf.dir/Core/Src/gd32f10x_gpio.c.obj
LOAD CMakeFiles/GD32F10x.elf.dir/Core/Src/gd32f10x_i2c.c.obj
LOAD CMakeFiles/GD32F10x.elf.dir/Core/Src/gd32f10x_misc.c.obj
LOAD CMakeFiles/GD32F10x.elf.dir/Core/Src/gd32f10x_pmu.c.obj
LOAD CMakeFiles/GD32F10x.elf.dir/Core/Src/gd32f10x_rcu.c.obj
LOAD CMakeFiles/GD32F10x.elf.dir/Core/Src/gd32f10x_rtc.c.obj
LOAD CMakeFiles/GD32F10x.elf.dir/Core/Src/gd32f10x_sdio.c.obj
LOAD CMakeFiles/GD32F10x.elf.dir/Core/Src/gd32f10x_spi.c.obj
LOAD CMakeFiles/GD32F10x.elf.dir/Core/Src/gd32f10x_timer.c.obj
LOAD CMakeFiles/GD32F10x.elf.dir/Core/Src/gd32f10x_usart.c.obj
LOAD CMakeFiles/GD32F10x.elf.dir/Core/Src/gd32f10x_wwdgt.c.obj
LOAD CMakeFiles/GD32F10x.elf.dir/Drivers/CMSIS/system_gd32f10x.c.obj
LOAD CMakeFiles/GD32F10x.elf.dir/UserApp/Src/gd32f10x_eval.c.obj
LOAD CMakeFiles/GD32F10x.elf.dir/UserApp/Src/gd32f10x_it.c.obj
LOAD CMakeFiles/GD32F10x.elf.dir/UserApp/Src/main.c.obj
LOAD CMakeFiles/GD32F10x.elf.dir/UserApp/Src/systick.c.obj
LOAD CMakeFiles/GD32F10x.elf.dir/startup/startup_gd32f10x_md.S.obj
START GROUP
LOAD d:/stmcube/gcc-arm-none-eabi/bin/../lib/gcc/arm-none-eabi/10.3.1/thumb/v7-m/nofp\libgcc.a
LOAD d:/stmcube/gcc-arm-none-eabi/bin/../lib/gcc/arm-none-eabi/10.3.1/../../../../arm-none-eabi/lib/thumb/v7-m/nofp\libg.a
LOAD d:/stmcube/gcc-arm-none-eabi/bin/../lib/gcc/arm-none-eabi/10.3.1/../../../../arm-none-eabi/lib/thumb/v7-m/nofp\libc.a
END GROUP
START GROUP
LOAD d:/stmcube/gcc-arm-none-eabi/bin/../lib/gcc/arm-none-eabi/10.3.1/thumb/v7-m/nofp\libgcc.a
LOAD d:/stmcube/gcc-arm-none-eabi/bin/../lib/gcc/arm-none-eabi/10.3.1/../../../../arm-none-eabi/lib/thumb/v7-m/nofp\libc.a
LOAD d:/stmcube/gcc-arm-none-eabi/bin/../lib/gcc/arm-none-eabi/10.3.1/../../../../arm-none-eabi/lib/thumb/v7-m/nofp\libnosys.a
END GROUP
LOAD d:/stmcube/gcc-arm-none-eabi/bin/../lib/gcc/arm-none-eabi/10.3.1/thumb/v7-m/nofp/crtend.o
LOAD d:/stmcube/gcc-arm-none-eabi/bin/../lib/gcc/arm-none-eabi/10.3.1/thumb/v7-m/nofp/crtn.o
                0x20010000                _estack = 0x20010000
                0x00000000                _Min_Heap_Size = 0x0
                0x00000200                _Min_Stack_Size = 0x200

.isr_vector     0x08000000      0x104
                0x08000000                . = ALIGN (0x4)
 *(.isr_vector)
 .isr_vector    0x08000000      0x104 CMakeFiles/GD32F10x.elf.dir/startup/startup_gd32f10x_md.S.obj
                0x08000000                g_pfnVectors
                0x08000104                . = ALIGN (0x4)

.eh_frame       0x08000104        0x0
 .eh_frame      0x08000104        0x0 d:/stmcube/gcc-arm-none-eabi/bin/../lib/gcc/arm-none-eabi/10.3.1/thumb/v7-m/nofp/crtbegin.o

.text           0x08000108     0x7d28
                0x08000108                . = ALIGN (0x4)
 *(.text)
 .text          0x08000108       0x40 d:/stmcube/gcc-arm-none-eabi/bin/../lib/gcc/arm-none-eabi/10.3.1/thumb/v7-m/nofp/crtbegin.o
 .text          0x08000148       0xec d:/stmcube/gcc-arm-none-eabi/bin/../lib/gcc/arm-none-eabi/10.3.1/../../../../arm-none-eabi/lib/thumb/v7-m/nofp\libg.a(lib_a-memcpy.o)
                0x08000148                memcpy
 .text          0x08000234      0x378 d:/stmcube/gcc-arm-none-eabi/bin/../lib/gcc/arm-none-eabi/10.3.1/thumb/v7-m/nofp\libgcc.a(_arm_addsubdf3.o)
                0x08000234                __aeabi_drsub
                0x0800023c                __aeabi_dsub
                0x0800023c                __subdf3
                0x08000240                __aeabi_dadd
                0x08000240                __adddf3
                0x080004b8                __floatunsidf
                0x080004b8                __aeabi_ui2d
                0x080004d8                __floatsidf
                0x080004d8                __aeabi_i2d
                0x080004fc                __aeabi_f2d
                0x080004fc                __extendsfdf2
                0x08000540                __floatundidf
                0x08000540                __aeabi_ul2d
                0x08000550                __floatdidf
                0x08000550                __aeabi_l2d
 .text          0x080005ac      0x424 d:/stmcube/gcc-arm-none-eabi/bin/../lib/gcc/arm-none-eabi/10.3.1/thumb/v7-m/nofp\libgcc.a(_arm_muldivdf3.o)
                0x080005ac                __aeabi_dmul
                0x080005ac                __muldf3
                0x08000800                __divdf3
                0x08000800                __aeabi_ddiv
 .text          0x080009d0      0x110 d:/stmcube/gcc-arm-none-eabi/bin/../lib/gcc/arm-none-eabi/10.3.1/thumb/v7-m/nofp\libgcc.a(_arm_cmpdf2.o)
                0x080009d0                __gtdf2
                0x080009d0                __gedf2
                0x080009d8                __ltdf2
                0x080009d8                __ledf2
                0x080009e0                __nedf2
                0x080009e0                __eqdf2
                0x080009e0                __cmpdf2
                0x08000a5c                __aeabi_cdrcmple
                0x08000a6c                __aeabi_cdcmpeq
                0x08000a6c                __aeabi_cdcmple
                0x08000a7c                __aeabi_dcmpeq
                0x08000a90                __aeabi_dcmplt
                0x08000aa4                __aeabi_dcmple
                0x08000ab8                __aeabi_dcmpge
                0x08000acc                __aeabi_dcmpgt
 .text          0x08000ae0       0x2c d:/stmcube/gcc-arm-none-eabi/bin/../lib/gcc/arm-none-eabi/10.3.1/thumb/v7-m/nofp\libgcc.a(_arm_unorddf2.o)
                0x08000ae0                __unorddf2
                0x08000ae0                __aeabi_dcmpun
 .text          0x08000b0c       0x50 d:/stmcube/gcc-arm-none-eabi/bin/../lib/gcc/arm-none-eabi/10.3.1/thumb/v7-m/nofp\libgcc.a(_arm_fixdfsi.o)
                0x08000b0c                __aeabi_d2iz
                0x08000b0c                __fixdfsi
 .text          0x08000b5c       0x30 d:/stmcube/gcc-arm-none-eabi/bin/../lib/gcc/arm-none-eabi/10.3.1/thumb/v7-m/nofp\libgcc.a(_aeabi_uldivmod.o)
                0x08000b5c                __aeabi_uldivmod
 .text          0x08000b8c      0x2d4 d:/stmcube/gcc-arm-none-eabi/bin/../lib/gcc/arm-none-eabi/10.3.1/thumb/v7-m/nofp\libgcc.a(_udivmoddi4.o)
                0x08000b8c                __udivmoddi4
 .text          0x08000e60        0x4 d:/stmcube/gcc-arm-none-eabi/bin/../lib/gcc/arm-none-eabi/10.3.1/thumb/v7-m/nofp\libgcc.a(_dvmd_tls.o)
                0x08000e60                __aeabi_idiv0
                0x08000e60                __aeabi_ldiv0
 *(.text*)
 .text.exti_init
                0x08000e64       0xb8 CMakeFiles/GD32F10x.elf.dir/Core/Src/gd32f10x_exti.c.obj
                0x08000e64                exti_init
 .text.exti_interrupt_flag_clear
                0x08000f1c        0xc CMakeFiles/GD32F10x.elf.dir/Core/Src/gd32f10x_exti.c.obj
                0x08000f1c                exti_interrupt_flag_clear
 .text.gpio_init
                0x08000f28       0x92 CMakeFiles/GD32F10x.elf.dir/Core/Src/gd32f10x_gpio.c.obj
                0x08000f28                gpio_init
 .text.gpio_bit_write
                0x08000fba        0xa CMakeFiles/GD32F10x.elf.dir/Core/Src/gd32f10x_gpio.c.obj
                0x08000fba                gpio_bit_write
 .text.gpio_input_bit_get
                0x08000fc4        0xe CMakeFiles/GD32F10x.elf.dir/Core/Src/gd32f10x_gpio.c.obj
                0x08000fc4                gpio_input_bit_get
 *fill*         0x08000fd2        0x2 
 .text.gpio_exti_source_select
                0x08000fd4       0x78 CMakeFiles/GD32F10x.elf.dir/Core/Src/gd32f10x_gpio.c.obj
                0x08000fd4                gpio_exti_source_select
 .text.nvic_priority_group_set
                0x0800104c       0x14 CMakeFiles/GD32F10x.elf.dir/Core/Src/gd32f10x_misc.c.obj
                0x0800104c                nvic_priority_group_set
 .text.nvic_irq_enable
                0x08001060       0x94 CMakeFiles/GD32F10x.elf.dir/Core/Src/gd32f10x_misc.c.obj
                0x08001060                nvic_irq_enable
 .text.nvic_vector_table_set
                0x080010f4       0x18 CMakeFiles/GD32F10x.elf.dir/Core/Src/gd32f10x_misc.c.obj
                0x080010f4                nvic_vector_table_set
 .text.rcu_periph_clock_enable
                0x0800110c       0x1c CMakeFiles/GD32F10x.elf.dir/Core/Src/gd32f10x_rcu.c.obj
                0x0800110c                rcu_periph_clock_enable
 .text.rcu_periph_reset_enable
                0x08001128       0x1c CMakeFiles/GD32F10x.elf.dir/Core/Src/gd32f10x_rcu.c.obj
                0x08001128                rcu_periph_reset_enable
 .text.rcu_periph_reset_disable
                0x08001144       0x1e CMakeFiles/GD32F10x.elf.dir/Core/Src/gd32f10x_rcu.c.obj
                0x08001144                rcu_periph_reset_disable
 *fill*         0x08001162        0x2 
 .text.rcu_clock_freq_get
                0x08001164       0xe0 CMakeFiles/GD32F10x.elf.dir/Core/Src/gd32f10x_rcu.c.obj
                0x08001164                rcu_clock_freq_get
 .text.usart_deinit
                0x08001244       0x8c CMakeFiles/GD32F10x.elf.dir/Core/Src/gd32f10x_usart.c.obj
                0x08001244                usart_deinit
 .text.usart_baudrate_set
                0x080012d0       0x70 CMakeFiles/GD32F10x.elf.dir/Core/Src/gd32f10x_usart.c.obj
                0x080012d0                usart_baudrate_set
 .text.usart_parity_config
                0x08001340       0x10 CMakeFiles/GD32F10x.elf.dir/Core/Src/gd32f10x_usart.c.obj
                0x08001340                usart_parity_config
 .text.usart_word_length_set
                0x08001350       0x10 CMakeFiles/GD32F10x.elf.dir/Core/Src/gd32f10x_usart.c.obj
                0x08001350                usart_word_length_set
 .text.usart_stop_bit_set
                0x08001360       0x10 CMakeFiles/GD32F10x.elf.dir/Core/Src/gd32f10x_usart.c.obj
                0x08001360                usart_stop_bit_set
 .text.usart_enable
                0x08001370        0xa CMakeFiles/GD32F10x.elf.dir/Core/Src/gd32f10x_usart.c.obj
                0x08001370                usart_enable
 .text.usart_transmit_config
                0x0800137a        0xc CMakeFiles/GD32F10x.elf.dir/Core/Src/gd32f10x_usart.c.obj
                0x0800137a                usart_transmit_config
 .text.usart_receive_config
                0x08001386        0xc CMakeFiles/GD32F10x.elf.dir/Core/Src/gd32f10x_usart.c.obj
                0x08001386                usart_receive_config
 .text.usart_hardware_flow_rts_config
                0x08001392        0xc CMakeFiles/GD32F10x.elf.dir/Core/Src/gd32f10x_usart.c.obj
                0x08001392                usart_hardware_flow_rts_config
 .text.usart_hardware_flow_cts_config
                0x0800139e        0xc CMakeFiles/GD32F10x.elf.dir/Core/Src/gd32f10x_usart.c.obj
                0x0800139e                usart_hardware_flow_cts_config
 *fill*         0x080013aa        0x2 
 .text.system_clock_108m_hxtal
                0x080013ac       0x9c CMakeFiles/GD32F10x.elf.dir/Drivers/CMSIS/system_gd32f10x.c.obj
 .text.system_clock_config
                0x08001448        0x8 CMakeFiles/GD32F10x.elf.dir/Drivers/CMSIS/system_gd32f10x.c.obj
 .text.SystemInit
                0x08001450       0xbc CMakeFiles/GD32F10x.elf.dir/Drivers/CMSIS/system_gd32f10x.c.obj
                0x08001450                SystemInit
 .text.gd_eval_led_init
                0x0800150c       0x38 CMakeFiles/GD32F10x.elf.dir/UserApp/Src/gd32f10x_eval.c.obj
                0x0800150c                gd_eval_led_init
 .text.gd_eval_led_on
                0x08001544       0x18 CMakeFiles/GD32F10x.elf.dir/UserApp/Src/gd32f10x_eval.c.obj
                0x08001544                gd_eval_led_on
 .text.gd_eval_led_off
                0x0800155c       0x18 CMakeFiles/GD32F10x.elf.dir/UserApp/Src/gd32f10x_eval.c.obj
                0x0800155c                gd_eval_led_off
 .text.gd_eval_led_toggle
                0x08001574       0x30 CMakeFiles/GD32F10x.elf.dir/UserApp/Src/gd32f10x_eval.c.obj
                0x08001574                gd_eval_led_toggle
 .text.gd_eval_key_init
                0x080015a4       0x80 CMakeFiles/GD32F10x.elf.dir/UserApp/Src/gd32f10x_eval.c.obj
                0x080015a4                gd_eval_key_init
 .text.gd_eval_key_state_get
                0x08001624       0x1c CMakeFiles/GD32F10x.elf.dir/UserApp/Src/gd32f10x_eval.c.obj
                0x08001624                gd_eval_key_state_get
 .text.gd_eval_com_init
                0x08001640       0xc0 CMakeFiles/GD32F10x.elf.dir/UserApp/Src/gd32f10x_eval.c.obj
                0x08001640                gd_eval_com_init
 .text.NMI_Handler
                0x08001700        0x2 CMakeFiles/GD32F10x.elf.dir/UserApp/Src/gd32f10x_it.c.obj
                0x08001700                NMI_Handler
 .text.HardFault_Handler
                0x08001702        0x2 CMakeFiles/GD32F10x.elf.dir/UserApp/Src/gd32f10x_it.c.obj
                0x08001702                HardFault_Handler
 .text.MemManage_Handler
                0x08001704        0x2 CMakeFiles/GD32F10x.elf.dir/UserApp/Src/gd32f10x_it.c.obj
                0x08001704                MemManage_Handler
 .text.BusFault_Handler
                0x08001706        0x2 CMakeFiles/GD32F10x.elf.dir/UserApp/Src/gd32f10x_it.c.obj
                0x08001706                BusFault_Handler
 .text.UsageFault_Handler
                0x08001708        0x2 CMakeFiles/GD32F10x.elf.dir/UserApp/Src/gd32f10x_it.c.obj
                0x08001708                UsageFault_Handler
 .text.SVC_Handler
                0x0800170a        0x2 CMakeFiles/GD32F10x.elf.dir/UserApp/Src/gd32f10x_it.c.obj
                0x0800170a                SVC_Handler
 .text.DebugMon_Handler
                0x0800170c        0x2 CMakeFiles/GD32F10x.elf.dir/UserApp/Src/gd32f10x_it.c.obj
                0x0800170c                DebugMon_Handler
 .text.PendSV_Handler
                0x0800170e        0x2 CMakeFiles/GD32F10x.elf.dir/UserApp/Src/gd32f10x_it.c.obj
                0x0800170e                PendSV_Handler
 .text.SysTick_Handler
                0x08001710        0xc CMakeFiles/GD32F10x.elf.dir/UserApp/Src/gd32f10x_it.c.obj
                0x08001710                SysTick_Handler
 .text.led_spark
                0x0800171c       0x38 CMakeFiles/GD32F10x.elf.dir/UserApp/Src/main.c.obj
                0x0800171c                led_spark
 .text.main     0x08001754       0x98 CMakeFiles/GD32F10x.elf.dir/UserApp/Src/main.c.obj
                0x08001754                main
 .text.systick_config
                0x080017ec       0x40 CMakeFiles/GD32F10x.elf.dir/UserApp/Src/systick.c.obj
                0x080017ec                systick_config
 .text.delay_1ms
                0x0800182c       0x14 CMakeFiles/GD32F10x.elf.dir/UserApp/Src/systick.c.obj
                0x0800182c                delay_1ms
 .text.delay_decrement
                0x08001840       0x14 CMakeFiles/GD32F10x.elf.dir/UserApp/Src/systick.c.obj
                0x08001840                delay_decrement
 .text.Reset_Handler
                0x08001854       0x44 CMakeFiles/GD32F10x.elf.dir/startup/startup_gd32f10x_md.S.obj
                0x08001854                Reset_Handler
 .text.Default_Handler
                0x08001898        0x2 CMakeFiles/GD32F10x.elf.dir/startup/startup_gd32f10x_md.S.obj
                0x08001898                RTC_Alarm_IRQHandler
                0x08001898                EXTI2_IRQHandler
                0x08001898                TIMER2_IRQHandler
                0x08001898                LVD_IRQHandler
                0x08001898                TIMER0_BRK_IRQHandler
                0x08001898                ADC0_1_IRQHandler
                0x08001898                TIMER0_UP_IRQHandler
                0x08001898                EXTI3_IRQHandler
                0x08001898                TIMER3_IRQHandler
                0x08001898                DMA0_Channel6_IRQHandler
                0x08001898                I2C0_EV_IRQHandler
                0x08001898                EXTI0_IRQHandler
                0x08001898                SPI1_IRQHandler
                0x08001898                DMA0_Channel0_IRQHandler
                0x08001898                TAMPER_IRQHandler
                0x08001898                DMA0_Channel3_IRQHandler
                0x08001898                I2C0_ER_IRQHandler
                0x08001898                RTC_IRQHandler
                0x08001898                DMA0_Channel2_IRQHandler
                0x08001898                USART0_IRQHandler
                0x08001898                TIMER1_IRQHandler
                0x08001898                TIMER0_TRG_CMT_IRQHandler
                0x08001898                I2C1_EV_IRQHandler
                0x08001898                EXTI10_15_IRQHandler
                0x08001898                Default_Handler
                0x08001898                WWDGT_IRQHandler
                0x08001898                EXMC_IRQHandler
                0x08001898                USBD_WKUP_IRQHandler
                0x08001898                EXTI4_IRQHandler
                0x08001898                USBD_HP_CAN0_TX_IRQHandler
                0x08001898                CAN0_RX1_IRQHandler
                0x08001898                DMA0_Channel5_IRQHandler
                0x08001898                EXTI5_9_IRQHandler
                0x08001898                RCU_IRQHandler
                0x08001898                DMA0_Channel1_IRQHandler
                0x08001898                TIMER0_Channel_IRQHandler
                0x08001898                EXTI1_IRQHandler
                0x08001898                SPI0_IRQHandler
                0x08001898                USART2_IRQHandler
                0x08001898                CAN0_EWMC_IRQHandler
                0x08001898                USBD_LP_CAN0_RX0_IRQHandler
                0x08001898                USART1_IRQHandler
                0x08001898                I2C1_ER_IRQHandler
                0x08001898                FMC_IRQHandler
                0x08001898                DMA0_Channel4_IRQHandler
 *fill*         0x0800189a        0x2 
 .text.memset   0x0800189c       0xa4 d:/stmcube/gcc-arm-none-eabi/bin/../lib/gcc/arm-none-eabi/10.3.1/../../../../arm-none-eabi/lib/thumb/v7-m/nofp\libg.a(lib_a-memset.o)
                0x0800189c                memset
 .text.printf   0x08001940       0x28 d:/stmcube/gcc-arm-none-eabi/bin/../lib/gcc/arm-none-eabi/10.3.1/../../../../arm-none-eabi/lib/thumb/v7-m/nofp\libg.a(lib_a-printf.o)
                0x08001940                printf
 .text._vfprintf_r
                0x08001968     0x1b58 d:/stmcube/gcc-arm-none-eabi/bin/../lib/gcc/arm-none-eabi/10.3.1/../../../../arm-none-eabi/lib/thumb/v7-m/nofp\libg.a(lib_a-vfprintf.o)
                0x08001968                _vfprintf_r
 .text.__sbprintf
                0x080034c0       0x84 d:/stmcube/gcc-arm-none-eabi/bin/../lib/gcc/arm-none-eabi/10.3.1/../../../../arm-none-eabi/lib/thumb/v7-m/nofp\libg.a(lib_a-vfprintf.o)
 .text.__swsetup_r
                0x08003544       0xd4 d:/stmcube/gcc-arm-none-eabi/bin/../lib/gcc/arm-none-eabi/10.3.1/../../../../arm-none-eabi/lib/thumb/v7-m/nofp\libg.a(lib_a-wsetup.o)
                0x08003544                __swsetup_r
 .text.startup.register_fini
                0x08003618       0x14 d:/stmcube/gcc-arm-none-eabi/bin/../lib/gcc/arm-none-eabi/10.3.1/../../../../arm-none-eabi/lib/thumb/v7-m/nofp\libg.a(lib_a-__call_atexit.o)
 .text.atexit   0x0800362c        0xc d:/stmcube/gcc-arm-none-eabi/bin/../lib/gcc/arm-none-eabi/10.3.1/../../../../arm-none-eabi/lib/thumb/v7-m/nofp\libg.a(lib_a-atexit.o)
                0x0800362c                atexit
 .text.quorem   0x08003638      0x12c d:/stmcube/gcc-arm-none-eabi/bin/../lib/gcc/arm-none-eabi/10.3.1/../../../../arm-none-eabi/lib/thumb/v7-m/nofp\libg.a(lib_a-dtoa.o)
 *fill*         0x08003764        0x4 
 .text._dtoa_r  0x08003768      0xecc d:/stmcube/gcc-arm-none-eabi/bin/../lib/gcc/arm-none-eabi/10.3.1/../../../../arm-none-eabi/lib/thumb/v7-m/nofp\libg.a(lib_a-dtoa.o)
                0x08003768                _dtoa_r
 .text.__sflush_r
                0x08004634      0x124 d:/stmcube/gcc-arm-none-eabi/bin/../lib/gcc/arm-none-eabi/10.3.1/../../../../arm-none-eabi/lib/thumb/v7-m/nofp\libg.a(lib_a-fflush.o)
                0x08004634                __sflush_r
 .text._fflush_r
                0x08004758       0x5c d:/stmcube/gcc-arm-none-eabi/bin/../lib/gcc/arm-none-eabi/10.3.1/../../../../arm-none-eabi/lib/thumb/v7-m/nofp\libg.a(lib_a-fflush.o)
                0x08004758                _fflush_r
 .text._cleanup_r
                0x080047b4        0xc d:/stmcube/gcc-arm-none-eabi/bin/../lib/gcc/arm-none-eabi/10.3.1/../../../../arm-none-eabi/lib/thumb/v7-m/nofp\libg.a(lib_a-findfp.o)
                0x080047b4                _cleanup_r
 .text.__sinit  0x080047c0      0x10c d:/stmcube/gcc-arm-none-eabi/bin/../lib/gcc/arm-none-eabi/10.3.1/../../../../arm-none-eabi/lib/thumb/v7-m/nofp\libg.a(lib_a-findfp.o)
                0x080047c0                __sinit
 .text.__sfp_lock_acquire
                0x080048cc        0xc d:/stmcube/gcc-arm-none-eabi/bin/../lib/gcc/arm-none-eabi/10.3.1/../../../../arm-none-eabi/lib/thumb/v7-m/nofp\libg.a(lib_a-findfp.o)
                0x080048cc                __sfp_lock_acquire
 .text.__sfp_lock_release
                0x080048d8        0xc d:/stmcube/gcc-arm-none-eabi/bin/../lib/gcc/arm-none-eabi/10.3.1/../../../../arm-none-eabi/lib/thumb/v7-m/nofp\libg.a(lib_a-findfp.o)
                0x080048d8                __sfp_lock_release
 .text.__libc_fini_array
                0x080048e4       0x2c d:/stmcube/gcc-arm-none-eabi/bin/../lib/gcc/arm-none-eabi/10.3.1/../../../../arm-none-eabi/lib/thumb/v7-m/nofp\libg.a(lib_a-fini.o)
                0x080048e4                __libc_fini_array
 .text._malloc_trim_r
                0x08004910       0xa0 d:/stmcube/gcc-arm-none-eabi/bin/../lib/gcc/arm-none-eabi/10.3.1/../../../../arm-none-eabi/lib/thumb/v7-m/nofp\libg.a(lib_a-freer.o)
                0x08004910                _malloc_trim_r
 .text._free_r  0x080049b0      0x200 d:/stmcube/gcc-arm-none-eabi/bin/../lib/gcc/arm-none-eabi/10.3.1/../../../../arm-none-eabi/lib/thumb/v7-m/nofp\libg.a(lib_a-freer.o)
                0x080049b0                _free_r
 .text._fwalk_reent
                0x08004bb0       0x48 d:/stmcube/gcc-arm-none-eabi/bin/../lib/gcc/arm-none-eabi/10.3.1/../../../../arm-none-eabi/lib/thumb/v7-m/nofp\libg.a(lib_a-fwalk.o)
                0x08004bb0                _fwalk_reent
 .text._localeconv_r
                0x08004bf8        0x8 d:/stmcube/gcc-arm-none-eabi/bin/../lib/gcc/arm-none-eabi/10.3.1/../../../../arm-none-eabi/lib/thumb/v7-m/nofp\libg.a(lib_a-localeconv.o)
                0x08004bf8                _localeconv_r
 .text.__retarget_lock_init_recursive
                0x08004c00        0x4 d:/stmcube/gcc-arm-none-eabi/bin/../lib/gcc/arm-none-eabi/10.3.1/../../../../arm-none-eabi/lib/thumb/v7-m/nofp\libg.a(lib_a-lock.o)
                0x08004c00                __retarget_lock_init_recursive
 .text.__retarget_lock_close_recursive
                0x08004c04        0x4 d:/stmcube/gcc-arm-none-eabi/bin/../lib/gcc/arm-none-eabi/10.3.1/../../../../arm-none-eabi/lib/thumb/v7-m/nofp\libg.a(lib_a-lock.o)
                0x08004c04                __retarget_lock_close_recursive
 .text.__retarget_lock_acquire_recursive
                0x08004c08        0x4 d:/stmcube/gcc-arm-none-eabi/bin/../lib/gcc/arm-none-eabi/10.3.1/../../../../arm-none-eabi/lib/thumb/v7-m/nofp\libg.a(lib_a-lock.o)
                0x08004c08                __retarget_lock_acquire_recursive
 .text.__retarget_lock_release_recursive
                0x08004c0c        0x4 d:/stmcube/gcc-arm-none-eabi/bin/../lib/gcc/arm-none-eabi/10.3.1/../../../../arm-none-eabi/lib/thumb/v7-m/nofp\libg.a(lib_a-lock.o)
                0x08004c0c                __retarget_lock_release_recursive
 .text.__smakebuf_r
                0x08004c10       0xe0 d:/stmcube/gcc-arm-none-eabi/bin/../lib/gcc/arm-none-eabi/10.3.1/../../../../arm-none-eabi/lib/thumb/v7-m/nofp\libg.a(lib_a-makebuf.o)
                0x08004c10                __smakebuf_r
 .text._malloc_r
                0x08004cf0      0x558 d:/stmcube/gcc-arm-none-eabi/bin/../lib/gcc/arm-none-eabi/10.3.1/../../../../arm-none-eabi/lib/thumb/v7-m/nofp\libg.a(lib_a-mallocr.o)
                0x08004cf0                _malloc_r
 .text.memchr   0x08005248       0x90 d:/stmcube/gcc-arm-none-eabi/bin/../lib/gcc/arm-none-eabi/10.3.1/../../../../arm-none-eabi/lib/thumb/v7-m/nofp\libg.a(lib_a-memchr-stub.o)
                0x08005248                memchr
 .text.__malloc_lock
                0x080052d8        0xc d:/stmcube/gcc-arm-none-eabi/bin/../lib/gcc/arm-none-eabi/10.3.1/../../../../arm-none-eabi/lib/thumb/v7-m/nofp\libg.a(lib_a-mlock.o)
                0x080052d8                __malloc_lock
 .text.__malloc_unlock
                0x080052e4        0xc d:/stmcube/gcc-arm-none-eabi/bin/../lib/gcc/arm-none-eabi/10.3.1/../../../../arm-none-eabi/lib/thumb/v7-m/nofp\libg.a(lib_a-mlock.o)
                0x080052e4                __malloc_unlock
 .text._Balloc  0x080052f0       0x4c d:/stmcube/gcc-arm-none-eabi/bin/../lib/gcc/arm-none-eabi/10.3.1/../../../../arm-none-eabi/lib/thumb/v7-m/nofp\libg.a(lib_a-mprec.o)
                0x080052f0                _Balloc
 .text._Bfree   0x0800533c       0x14 d:/stmcube/gcc-arm-none-eabi/bin/../lib/gcc/arm-none-eabi/10.3.1/../../../../arm-none-eabi/lib/thumb/v7-m/nofp\libg.a(lib_a-mprec.o)
                0x0800533c                _Bfree
 .text.__multadd
                0x08005350       0xa4 d:/stmcube/gcc-arm-none-eabi/bin/../lib/gcc/arm-none-eabi/10.3.1/../../../../arm-none-eabi/lib/thumb/v7-m/nofp\libg.a(lib_a-mprec.o)
                0x08005350                __multadd
 .text.__hi0bits
                0x080053f4       0x40 d:/stmcube/gcc-arm-none-eabi/bin/../lib/gcc/arm-none-eabi/10.3.1/../../../../arm-none-eabi/lib/thumb/v7-m/nofp\libg.a(lib_a-mprec.o)
                0x080053f4                __hi0bits
 .text.__lo0bits
                0x08005434       0x58 d:/stmcube/gcc-arm-none-eabi/bin/../lib/gcc/arm-none-eabi/10.3.1/../../../../arm-none-eabi/lib/thumb/v7-m/nofp\libg.a(lib_a-mprec.o)
                0x08005434                __lo0bits
 .text.__i2b    0x0800548c       0x5c d:/stmcube/gcc-arm-none-eabi/bin/../lib/gcc/arm-none-eabi/10.3.1/../../../../arm-none-eabi/lib/thumb/v7-m/nofp\libg.a(lib_a-mprec.o)
                0x0800548c                __i2b
 .text.__multiply
                0x080054e8      0x15c d:/stmcube/gcc-arm-none-eabi/bin/../lib/gcc/arm-none-eabi/10.3.1/../../../../arm-none-eabi/lib/thumb/v7-m/nofp\libg.a(lib_a-mprec.o)
                0x080054e8                __multiply
 .text.__pow5mult
                0x08005644       0xb8 d:/stmcube/gcc-arm-none-eabi/bin/../lib/gcc/arm-none-eabi/10.3.1/../../../../arm-none-eabi/lib/thumb/v7-m/nofp\libg.a(lib_a-mprec.o)
                0x08005644                __pow5mult
 .text.__lshift
                0x080056fc       0xec d:/stmcube/gcc-arm-none-eabi/bin/../lib/gcc/arm-none-eabi/10.3.1/../../../../arm-none-eabi/lib/thumb/v7-m/nofp\libg.a(lib_a-mprec.o)
                0x080056fc                __lshift
 .text.__mcmp   0x080057e8       0x40 d:/stmcube/gcc-arm-none-eabi/bin/../lib/gcc/arm-none-eabi/10.3.1/../../../../arm-none-eabi/lib/thumb/v7-m/nofp\libg.a(lib_a-mprec.o)
                0x080057e8                __mcmp
 .text.__mdiff  0x08005828      0x14c d:/stmcube/gcc-arm-none-eabi/bin/../lib/gcc/arm-none-eabi/10.3.1/../../../../arm-none-eabi/lib/thumb/v7-m/nofp\libg.a(lib_a-mprec.o)
                0x08005828                __mdiff
 .text.__d2b    0x08005974       0xc4 d:/stmcube/gcc-arm-none-eabi/bin/../lib/gcc/arm-none-eabi/10.3.1/../../../../arm-none-eabi/lib/thumb/v7-m/nofp\libg.a(lib_a-mprec.o)
                0x08005974                __d2b
 .text.frexp    0x08005a38       0x70 d:/stmcube/gcc-arm-none-eabi/bin/../lib/gcc/arm-none-eabi/10.3.1/../../../../arm-none-eabi/lib/thumb/v7-m/nofp\libg.a(lib_a-s_frexp.o)
                0x08005a38                frexp
 .text._sbrk_r  0x08005aa8       0x24 d:/stmcube/gcc-arm-none-eabi/bin/../lib/gcc/arm-none-eabi/10.3.1/../../../../arm-none-eabi/lib/thumb/v7-m/nofp\libg.a(lib_a-sbrkr.o)
                0x08005aa8                _sbrk_r
 .text.__sread  0x08005acc       0x24 d:/stmcube/gcc-arm-none-eabi/bin/../lib/gcc/arm-none-eabi/10.3.1/../../../../arm-none-eabi/lib/thumb/v7-m/nofp\libg.a(lib_a-stdio.o)
                0x08005acc                __sread
 .text.__swrite
                0x08005af0       0x40 d:/stmcube/gcc-arm-none-eabi/bin/../lib/gcc/arm-none-eabi/10.3.1/../../../../arm-none-eabi/lib/thumb/v7-m/nofp\libg.a(lib_a-stdio.o)
                0x08005af0                __swrite
 .text.__sseek  0x08005b30       0x20 d:/stmcube/gcc-arm-none-eabi/bin/../lib/gcc/arm-none-eabi/10.3.1/../../../../arm-none-eabi/lib/thumb/v7-m/nofp\libg.a(lib_a-stdio.o)
                0x08005b30                __sseek
 .text.__sclose
                0x08005b50        0x8 d:/stmcube/gcc-arm-none-eabi/bin/../lib/gcc/arm-none-eabi/10.3.1/../../../../arm-none-eabi/lib/thumb/v7-m/nofp\libg.a(lib_a-stdio.o)
                0x08005b50                __sclose
 .text.strlen   0x08005b58       0x5c d:/stmcube/gcc-arm-none-eabi/bin/../lib/gcc/arm-none-eabi/10.3.1/../../../../arm-none-eabi/lib/thumb/v7-m/nofp\libg.a(lib_a-strlen-stub.o)
                0x08005b58                strlen
 .text.strncpy  0x08005bb4       0x68 d:/stmcube/gcc-arm-none-eabi/bin/../lib/gcc/arm-none-eabi/10.3.1/../../../../arm-none-eabi/lib/thumb/v7-m/nofp\libg.a(lib_a-strncpy.o)
                0x08005bb4                strncpy
 .text.__sprint_r.part.0
                0x08005c1c       0x78 d:/stmcube/gcc-arm-none-eabi/bin/../lib/gcc/arm-none-eabi/10.3.1/../../../../arm-none-eabi/lib/thumb/v7-m/nofp\libg.a(lib_a-vfiprintf.o)
 .text.__sprint_r
                0x08005c94       0x14 d:/stmcube/gcc-arm-none-eabi/bin/../lib/gcc/arm-none-eabi/10.3.1/../../../../arm-none-eabi/lib/thumb/v7-m/nofp\libg.a(lib_a-vfiprintf.o)
                0x08005c94                __sprint_r
 .text._vfiprintf_r
                0x08005ca8      0xd98 d:/stmcube/gcc-arm-none-eabi/bin/../lib/gcc/arm-none-eabi/10.3.1/../../../../arm-none-eabi/lib/thumb/v7-m/nofp\libg.a(lib_a-vfiprintf.o)
                0x08005ca8                _vfiprintf_r
 .text.__sbprintf
                0x08006a40       0x84 d:/stmcube/gcc-arm-none-eabi/bin/../lib/gcc/arm-none-eabi/10.3.1/../../../../arm-none-eabi/lib/thumb/v7-m/nofp\libg.a(lib_a-vfiprintf.o)
 .text._write_r
                0x08006ac4       0x2c d:/stmcube/gcc-arm-none-eabi/bin/../lib/gcc/arm-none-eabi/10.3.1/../../../../arm-none-eabi/lib/thumb/v7-m/nofp\libg.a(lib_a-writer.o)
                0x08006ac4                _write_r
 .text.__register_exitproc
                0x08006af0       0x8c d:/stmcube/gcc-arm-none-eabi/bin/../lib/gcc/arm-none-eabi/10.3.1/../../../../arm-none-eabi/lib/thumb/v7-m/nofp\libg.a(lib_a-__atexit.o)
                0x08006af0                __register_exitproc
 .text.__assert_func
                0x08006b7c       0x40 d:/stmcube/gcc-arm-none-eabi/bin/../lib/gcc/arm-none-eabi/10.3.1/../../../../arm-none-eabi/lib/thumb/v7-m/nofp\libg.a(lib_a-assert.o)
                0x08006b7c                __assert_func
 .text._calloc_r
                0x08006bbc       0x78 d:/stmcube/gcc-arm-none-eabi/bin/../lib/gcc/arm-none-eabi/10.3.1/../../../../arm-none-eabi/lib/thumb/v7-m/nofp\libg.a(lib_a-callocr.o)
                0x08006bbc                _calloc_r
 .text._close_r
                0x08006c34       0x24 d:/stmcube/gcc-arm-none-eabi/bin/../lib/gcc/arm-none-eabi/10.3.1/../../../../arm-none-eabi/lib/thumb/v7-m/nofp\libg.a(lib_a-closer.o)
                0x08006c34                _close_r
 .text.__errno  0x08006c58        0xc d:/stmcube/gcc-arm-none-eabi/bin/../lib/gcc/arm-none-eabi/10.3.1/../../../../arm-none-eabi/lib/thumb/v7-m/nofp\libg.a(lib_a-errno.o)
                0x08006c58                __errno
 .text._fclose_r
                0x08006c64       0xcc d:/stmcube/gcc-arm-none-eabi/bin/../lib/gcc/arm-none-eabi/10.3.1/../../../../arm-none-eabi/lib/thumb/v7-m/nofp\libg.a(lib_a-fclose.o)
                0x08006c64                _fclose_r
 .text.fiprintf
                0x08006d30       0x28 d:/stmcube/gcc-arm-none-eabi/bin/../lib/gcc/arm-none-eabi/10.3.1/../../../../arm-none-eabi/lib/thumb/v7-m/nofp\libg.a(lib_a-fiprintf.o)
                0x08006d30                fiprintf
 .text.__fputwc
                0x08006d58       0xa0 d:/stmcube/gcc-arm-none-eabi/bin/../lib/gcc/arm-none-eabi/10.3.1/../../../../arm-none-eabi/lib/thumb/v7-m/nofp\libg.a(lib_a-fputwc.o)
                0x08006d58                __fputwc
 .text._fputwc_r
                0x08006df8       0x68 d:/stmcube/gcc-arm-none-eabi/bin/../lib/gcc/arm-none-eabi/10.3.1/../../../../arm-none-eabi/lib/thumb/v7-m/nofp\libg.a(lib_a-fputwc.o)
                0x08006df8                _fputwc_r
 .text._fstat_r
                0x08006e60       0x28 d:/stmcube/gcc-arm-none-eabi/bin/../lib/gcc/arm-none-eabi/10.3.1/../../../../arm-none-eabi/lib/thumb/v7-m/nofp\libg.a(lib_a-fstatr.o)
                0x08006e60                _fstat_r
 .text.__sfvwrite_r
                0x08006e88      0x2f0 d:/stmcube/gcc-arm-none-eabi/bin/../lib/gcc/arm-none-eabi/10.3.1/../../../../arm-none-eabi/lib/thumb/v7-m/nofp\libg.a(lib_a-fvwrite.o)
                0x08006e88                __sfvwrite_r
 .text._isatty_r
                0x08007178       0x24 d:/stmcube/gcc-arm-none-eabi/bin/../lib/gcc/arm-none-eabi/10.3.1/../../../../arm-none-eabi/lib/thumb/v7-m/nofp\libg.a(lib_a-isattyr.o)
                0x08007178                _isatty_r
 .text.__locale_mb_cur_max
                0x0800719c        0xc d:/stmcube/gcc-arm-none-eabi/bin/../lib/gcc/arm-none-eabi/10.3.1/../../../../arm-none-eabi/lib/thumb/v7-m/nofp\libg.a(lib_a-locale.o)
                0x0800719c                __locale_mb_cur_max
 .text._lseek_r
                0x080071a8       0x2c d:/stmcube/gcc-arm-none-eabi/bin/../lib/gcc/arm-none-eabi/10.3.1/../../../../arm-none-eabi/lib/thumb/v7-m/nofp\libg.a(lib_a-lseekr.o)
                0x080071a8                _lseek_r
 .text.__ascii_mbtowc
                0x080071d4       0x2c d:/stmcube/gcc-arm-none-eabi/bin/../lib/gcc/arm-none-eabi/10.3.1/../../../../arm-none-eabi/lib/thumb/v7-m/nofp\libg.a(lib_a-mbtowc_r.o)
                0x080071d4                __ascii_mbtowc
 .text.memmove  0x08007200       0xf8 d:/stmcube/gcc-arm-none-eabi/bin/../lib/gcc/arm-none-eabi/10.3.1/../../../../arm-none-eabi/lib/thumb/v7-m/nofp\libg.a(lib_a-memmove.o)
                0x08007200                memmove
 .text._read_r  0x080072f8       0x2c d:/stmcube/gcc-arm-none-eabi/bin/../lib/gcc/arm-none-eabi/10.3.1/../../../../arm-none-eabi/lib/thumb/v7-m/nofp\libg.a(lib_a-readr.o)
                0x080072f8                _read_r
 .text._realloc_r
                0x08007324      0x3dc d:/stmcube/gcc-arm-none-eabi/bin/../lib/gcc/arm-none-eabi/10.3.1/../../../../arm-none-eabi/lib/thumb/v7-m/nofp\libg.a(lib_a-reallocr.o)
                0x08007324                _realloc_r
 .text.__swbuf_r
                0x08007700       0xb0 d:/stmcube/gcc-arm-none-eabi/bin/../lib/gcc/arm-none-eabi/10.3.1/../../../../arm-none-eabi/lib/thumb/v7-m/nofp\libg.a(lib_a-wbuf.o)
                0x08007700                __swbuf_r
 .text._wcrtomb_r
                0x080077b0       0x3c d:/stmcube/gcc-arm-none-eabi/bin/../lib/gcc/arm-none-eabi/10.3.1/../../../../arm-none-eabi/lib/thumb/v7-m/nofp\libg.a(lib_a-wcrtomb.o)
                0x080077b0                _wcrtomb_r
 .text.__ascii_wctomb
                0x080077ec       0x1c d:/stmcube/gcc-arm-none-eabi/bin/../lib/gcc/arm-none-eabi/10.3.1/../../../../arm-none-eabi/lib/thumb/v7-m/nofp\libg.a(lib_a-wctomb_r.o)
                0x080077ec                __ascii_wctomb
 .text.abort    0x08007808       0x10 d:/stmcube/gcc-arm-none-eabi/bin/../lib/gcc/arm-none-eabi/10.3.1/../../../../arm-none-eabi/lib/thumb/v7-m/nofp\libg.a(lib_a-abort.o)
                0x08007808                abort
 .text.raise    0x08007818       0x5c d:/stmcube/gcc-arm-none-eabi/bin/../lib/gcc/arm-none-eabi/10.3.1/../../../../arm-none-eabi/lib/thumb/v7-m/nofp\libg.a(lib_a-signal.o)
                0x08007818                raise
 .text._kill_r  0x08007874       0x28 d:/stmcube/gcc-arm-none-eabi/bin/../lib/gcc/arm-none-eabi/10.3.1/../../../../arm-none-eabi/lib/thumb/v7-m/nofp\libg.a(lib_a-signalr.o)
                0x08007874                _kill_r
 .text._getpid_r
                0x0800789c        0x4 d:/stmcube/gcc-arm-none-eabi/bin/../lib/gcc/arm-none-eabi/10.3.1/../../../../arm-none-eabi/lib/thumb/v7-m/nofp\libg.a(lib_a-signalr.o)
                0x0800789c                _getpid_r
 .text._close   0x080078a0       0x10 d:/stmcube/gcc-arm-none-eabi/bin/../lib/gcc/arm-none-eabi/10.3.1/../../../../arm-none-eabi/lib/thumb/v7-m/nofp\libnosys.a(close.o)
                0x080078a0                _close
 .text._fstat   0x080078b0       0x10 d:/stmcube/gcc-arm-none-eabi/bin/../lib/gcc/arm-none-eabi/10.3.1/../../../../arm-none-eabi/lib/thumb/v7-m/nofp\libnosys.a(fstat.o)
                0x080078b0                _fstat
 .text._getpid  0x080078c0       0x10 d:/stmcube/gcc-arm-none-eabi/bin/../lib/gcc/arm-none-eabi/10.3.1/../../../../arm-none-eabi/lib/thumb/v7-m/nofp\libnosys.a(getpid.o)
                0x080078c0                _getpid
 .text._isatty  0x080078d0       0x10 d:/stmcube/gcc-arm-none-eabi/bin/../lib/gcc/arm-none-eabi/10.3.1/../../../../arm-none-eabi/lib/thumb/v7-m/nofp\libnosys.a(isatty.o)
                0x080078d0                _isatty
 .text._kill    0x080078e0       0x10 d:/stmcube/gcc-arm-none-eabi/bin/../lib/gcc/arm-none-eabi/10.3.1/../../../../arm-none-eabi/lib/thumb/v7-m/nofp\libnosys.a(kill.o)
                0x080078e0                _kill
 .text._lseek   0x080078f0       0x10 d:/stmcube/gcc-arm-none-eabi/bin/../lib/gcc/arm-none-eabi/10.3.1/../../../../arm-none-eabi/lib/thumb/v7-m/nofp\libnosys.a(lseek.o)
                0x080078f0                _lseek
 .text._read    0x08007900       0x10 d:/stmcube/gcc-arm-none-eabi/bin/../lib/gcc/arm-none-eabi/10.3.1/../../../../arm-none-eabi/lib/thumb/v7-m/nofp\libnosys.a(read.o)
                0x08007900                _read
 .text._sbrk    0x08007910       0x1c d:/stmcube/gcc-arm-none-eabi/bin/../lib/gcc/arm-none-eabi/10.3.1/../../../../arm-none-eabi/lib/thumb/v7-m/nofp\libnosys.a(sbrk.o)
                0x08007910                _sbrk
 .text._write   0x0800792c       0x10 d:/stmcube/gcc-arm-none-eabi/bin/../lib/gcc/arm-none-eabi/10.3.1/../../../../arm-none-eabi/lib/thumb/v7-m/nofp\libnosys.a(write.o)
                0x0800792c                _write
 .text._exit    0x0800793c        0x4 d:/stmcube/gcc-arm-none-eabi/bin/../lib/gcc/arm-none-eabi/10.3.1/../../../../arm-none-eabi/lib/thumb/v7-m/nofp\libnosys.a(_exit.o)
                0x0800793c                _exit
 *(.rodata)
 .rodata        0x08007940       0x18 CMakeFiles/GD32F10x.elf.dir/Core/Src/gd32f10x_rcu.c.obj
 *(.rodata*)
 .rodata.COM_CLK
                0x08007958        0x4 CMakeFiles/GD32F10x.elf.dir/UserApp/Src/gd32f10x_eval.c.obj
 .rodata.COM_GPIO_CLK
                0x0800795c        0x4 CMakeFiles/GD32F10x.elf.dir/UserApp/Src/gd32f10x_eval.c.obj
 .rodata.COM_GPIO_PORT
                0x08007960        0x8 CMakeFiles/GD32F10x.elf.dir/UserApp/Src/gd32f10x_eval.c.obj
 .rodata.COM_RX_PIN
                0x08007968        0x8 CMakeFiles/GD32F10x.elf.dir/UserApp/Src/gd32f10x_eval.c.obj
 .rodata.COM_TX_PIN
                0x08007970        0x8 CMakeFiles/GD32F10x.elf.dir/UserApp/Src/gd32f10x_eval.c.obj
 .rodata.GPIO_CLK
                0x08007978        0x8 CMakeFiles/GD32F10x.elf.dir/UserApp/Src/gd32f10x_eval.c.obj
 .rodata.GPIO_PIN
                0x08007980       0x10 CMakeFiles/GD32F10x.elf.dir/UserApp/Src/gd32f10x_eval.c.obj
 .rodata.GPIO_PORT
                0x08007990       0x10 CMakeFiles/GD32F10x.elf.dir/UserApp/Src/gd32f10x_eval.c.obj
 .rodata.KEY_CLK
                0x080079a0        0x6 CMakeFiles/GD32F10x.elf.dir/UserApp/Src/gd32f10x_eval.c.obj
 *fill*         0x080079a6        0x2 
 .rodata.KEY_EXTI_LINE
                0x080079a8        0xc CMakeFiles/GD32F10x.elf.dir/UserApp/Src/gd32f10x_eval.c.obj
 .rodata.KEY_IRQn
                0x080079b4        0x3 CMakeFiles/GD32F10x.elf.dir/UserApp/Src/gd32f10x_eval.c.obj
 *fill*         0x080079b7        0x1 
 .rodata.KEY_PIN
                0x080079b8        0xc CMakeFiles/GD32F10x.elf.dir/UserApp/Src/gd32f10x_eval.c.obj
 .rodata.KEY_PIN_SOURCE
                0x080079c4        0x3 CMakeFiles/GD32F10x.elf.dir/UserApp/Src/gd32f10x_eval.c.obj
 *fill*         0x080079c7        0x1 
 .rodata.KEY_PORT
                0x080079c8        0xc CMakeFiles/GD32F10x.elf.dir/UserApp/Src/gd32f10x_eval.c.obj
 .rodata.KEY_PORT_SOURCE
                0x080079d4        0x3 CMakeFiles/GD32F10x.elf.dir/UserApp/Src/gd32f10x_eval.c.obj
 *fill*         0x080079d7        0x1 
 .rodata.main.str1.4
                0x080079d8       0x40 CMakeFiles/GD32F10x.elf.dir/UserApp/Src/main.c.obj
 .rodata._global_impure_ptr
                0x08007a18        0x4 d:/stmcube/gcc-arm-none-eabi/bin/../lib/gcc/arm-none-eabi/10.3.1/../../../../arm-none-eabi/lib/thumb/v7-m/nofp\libg.a(lib_a-impure.o)
                0x08007a18                _global_impure_ptr
 .rodata._vfprintf_r.str1.4
                0x08007a1c       0x42 d:/stmcube/gcc-arm-none-eabi/bin/../lib/gcc/arm-none-eabi/10.3.1/../../../../arm-none-eabi/lib/thumb/v7-m/nofp\libg.a(lib_a-vfprintf.o)
 *fill*         0x08007a5e        0x2 
 .rodata.blanks.1
                0x08007a60       0x10 d:/stmcube/gcc-arm-none-eabi/bin/../lib/gcc/arm-none-eabi/10.3.1/../../../../arm-none-eabi/lib/thumb/v7-m/nofp\libg.a(lib_a-vfprintf.o)
 .rodata.zeroes.0
                0x08007a70       0x10 d:/stmcube/gcc-arm-none-eabi/bin/../lib/gcc/arm-none-eabi/10.3.1/../../../../arm-none-eabi/lib/thumb/v7-m/nofp\libg.a(lib_a-vfprintf.o)
 .rodata._dtoa_r.str1.4
                0x08007a80       0xa2 d:/stmcube/gcc-arm-none-eabi/bin/../lib/gcc/arm-none-eabi/10.3.1/../../../../arm-none-eabi/lib/thumb/v7-m/nofp\libg.a(lib_a-dtoa.o)
                                 0xa6 (size before relaxing)
 *fill*         0x08007b22        0x2 
 .rodata.__multadd.str1.4
                0x08007b24       0x7f d:/stmcube/gcc-arm-none-eabi/bin/../lib/gcc/arm-none-eabi/10.3.1/../../../../arm-none-eabi/lib/thumb/v7-m/nofp\libg.a(lib_a-mprec.o)
                                 0x93 (size before relaxing)
 *fill*         0x08007ba3        0x5 
 .rodata.__mprec_bigtens
                0x08007ba8       0x28 d:/stmcube/gcc-arm-none-eabi/bin/../lib/gcc/arm-none-eabi/10.3.1/../../../../arm-none-eabi/lib/thumb/v7-m/nofp\libg.a(lib_a-mprec.o)
                0x08007ba8                __mprec_bigtens
 .rodata.__mprec_tens
                0x08007bd0       0xc8 d:/stmcube/gcc-arm-none-eabi/bin/../lib/gcc/arm-none-eabi/10.3.1/../../../../arm-none-eabi/lib/thumb/v7-m/nofp\libg.a(lib_a-mprec.o)
                0x08007bd0                __mprec_tens
 .rodata.p05.0  0x08007c98        0xc d:/stmcube/gcc-arm-none-eabi/bin/../lib/gcc/arm-none-eabi/10.3.1/../../../../arm-none-eabi/lib/thumb/v7-m/nofp\libg.a(lib_a-mprec.o)
 .rodata._vfiprintf_r.str1.4
                0x08007ca4       0x2f d:/stmcube/gcc-arm-none-eabi/bin/../lib/gcc/arm-none-eabi/10.3.1/../../../../arm-none-eabi/lib/thumb/v7-m/nofp\libg.a(lib_a-vfiprintf.o)
 .rodata.blanks.1
                0x08007ca4       0x10 d:/stmcube/gcc-arm-none-eabi/bin/../lib/gcc/arm-none-eabi/10.3.1/../../../../arm-none-eabi/lib/thumb/v7-m/nofp\libg.a(lib_a-vfiprintf.o)
 .rodata.zeroes.0
                0x08007cb4       0x10 d:/stmcube/gcc-arm-none-eabi/bin/../lib/gcc/arm-none-eabi/10.3.1/../../../../arm-none-eabi/lib/thumb/v7-m/nofp\libg.a(lib_a-vfiprintf.o)
 .rodata.__assert_func.str1.4
                0x08007cc4       0x3f d:/stmcube/gcc-arm-none-eabi/bin/../lib/gcc/arm-none-eabi/10.3.1/../../../../arm-none-eabi/lib/thumb/v7-m/nofp\libg.a(lib_a-assert.o)
                                 0x43 (size before relaxing)
 *fill*         0x08007d03        0x1 
 .rodata._setlocale_r.str1.4
                0x08007d04        0xa d:/stmcube/gcc-arm-none-eabi/bin/../lib/gcc/arm-none-eabi/10.3.1/../../../../arm-none-eabi/lib/thumb/v7-m/nofp\libg.a(lib_a-locale.o)
                                  0xd (size before relaxing)
 *fill*         0x08007d0e        0x2 
 .rodata.str1.4
                0x08007d10        0x2 d:/stmcube/gcc-arm-none-eabi/bin/../lib/gcc/arm-none-eabi/10.3.1/../../../../arm-none-eabi/lib/thumb/v7-m/nofp\libg.a(lib_a-locale.o)
 *fill*         0x08007d12        0x2 
 .rodata._ctype_
                0x08007d14      0x101 d:/stmcube/gcc-arm-none-eabi/bin/../lib/gcc/arm-none-eabi/10.3.1/../../../../arm-none-eabi/lib/thumb/v7-m/nofp\libg.a(lib_a-ctype_.o)
                0x08007d14                _ctype_
 *(.glue_7)
 .glue_7        0x08007e15        0x0 linker stubs
 *(.glue_7t)
 .glue_7t       0x08007e15        0x0 linker stubs
 *(.init)
 *fill*         0x08007e15        0x3 
 .init          0x08007e18        0x4 d:/stmcube/gcc-arm-none-eabi/bin/../lib/gcc/arm-none-eabi/10.3.1/thumb/v7-m/nofp/crti.o
                0x08007e18                _init
 .init          0x08007e1c        0x8 d:/stmcube/gcc-arm-none-eabi/bin/../lib/gcc/arm-none-eabi/10.3.1/thumb/v7-m/nofp/crtn.o
 *(.fini)
 .fini          0x08007e24        0x4 d:/stmcube/gcc-arm-none-eabi/bin/../lib/gcc/arm-none-eabi/10.3.1/thumb/v7-m/nofp/crti.o
                0x08007e24                _fini
 .fini          0x08007e28        0x8 d:/stmcube/gcc-arm-none-eabi/bin/../lib/gcc/arm-none-eabi/10.3.1/thumb/v7-m/nofp/crtn.o
                0x08007e30                . = ALIGN (0x4)
                0x08007e30                _etext = .

.vfp11_veneer   0x08007e30        0x0
 .vfp11_veneer  0x08007e30        0x0 linker stubs

.v4_bx          0x08007e30        0x0
 .v4_bx         0x08007e30        0x0 linker stubs

.iplt           0x08007e30        0x0
 .iplt          0x08007e30        0x0 d:/stmcube/gcc-arm-none-eabi/bin/../lib/gcc/arm-none-eabi/10.3.1/thumb/v7-m/nofp/crtbegin.o

.ARM.extab
 *(.ARM.extab* .gnu.linkonce.armextab.*)

.ARM            0x08007e30        0x8
                0x08007e30                __exidx_start = .
 *(.ARM.exidx*)
 .ARM.exidx     0x08007e30        0x8 d:/stmcube/gcc-arm-none-eabi/bin/../lib/gcc/arm-none-eabi/10.3.1/thumb/v7-m/nofp\libgcc.a(_udivmoddi4.o)
                0x08007e38                __exidx_end = .

.rel.dyn        0x08007e38        0x0
 .rel.iplt      0x08007e38        0x0 d:/stmcube/gcc-arm-none-eabi/bin/../lib/gcc/arm-none-eabi/10.3.1/thumb/v7-m/nofp/crtbegin.o

.ARM.attributes
                0x08007e38       0x29
 *(.ARM.attributes)
 .ARM.attributes
                0x08007e38       0x1d d:/stmcube/gcc-arm-none-eabi/bin/../lib/gcc/arm-none-eabi/10.3.1/thumb/v7-m/nofp/crti.o
 .ARM.attributes
                0x08007e55       0x2d d:/stmcube/gcc-arm-none-eabi/bin/../lib/gcc/arm-none-eabi/10.3.1/thumb/v7-m/nofp/crtbegin.o
 .ARM.attributes
                0x08007e82       0x2d CMakeFiles/GD32F10x.elf.dir/Core/Src/gd32f10x_exti.c.obj
 .ARM.attributes
                0x08007eaf       0x2d CMakeFiles/GD32F10x.elf.dir/Core/Src/gd32f10x_gpio.c.obj
 .ARM.attributes
                0x08007edc       0x2d CMakeFiles/GD32F10x.elf.dir/Core/Src/gd32f10x_misc.c.obj
 .ARM.attributes
                0x08007f09       0x2d CMakeFiles/GD32F10x.elf.dir/Core/Src/gd32f10x_rcu.c.obj
 .ARM.attributes
                0x08007f36       0x2d CMakeFiles/GD32F10x.elf.dir/Core/Src/gd32f10x_usart.c.obj
 .ARM.attributes
                0x08007f63       0x2d CMakeFiles/GD32F10x.elf.dir/Drivers/CMSIS/system_gd32f10x.c.obj
 .ARM.attributes
                0x08007f90       0x2d CMakeFiles/GD32F10x.elf.dir/UserApp/Src/gd32f10x_eval.c.obj
 .ARM.attributes
                0x08007fbd       0x2d CMakeFiles/GD32F10x.elf.dir/UserApp/Src/gd32f10x_it.c.obj
 .ARM.attributes
                0x08007fea       0x2d CMakeFiles/GD32F10x.elf.dir/UserApp/Src/main.c.obj
 .ARM.attributes
                0x08008017       0x2d CMakeFiles/GD32F10x.elf.dir/UserApp/Src/systick.c.obj
 .ARM.attributes
                0x08008044       0x21 CMakeFiles/GD32F10x.elf.dir/startup/startup_gd32f10x_md.S.obj
 .ARM.attributes
                0x08008065       0x2d d:/stmcube/gcc-arm-none-eabi/bin/../lib/gcc/arm-none-eabi/10.3.1/../../../../arm-none-eabi/lib/thumb/v7-m/nofp\libg.a(lib_a-impure.o)
 .ARM.attributes
                0x08008092       0x2d d:/stmcube/gcc-arm-none-eabi/bin/../lib/gcc/arm-none-eabi/10.3.1/../../../../arm-none-eabi/lib/thumb/v7-m/nofp\libg.a(lib_a-memset.o)
 .ARM.attributes
                0x080080bf       0x2d d:/stmcube/gcc-arm-none-eabi/bin/../lib/gcc/arm-none-eabi/10.3.1/../../../../arm-none-eabi/lib/thumb/v7-m/nofp\libg.a(lib_a-printf.o)
 .ARM.attributes
                0x080080ec       0x2d d:/stmcube/gcc-arm-none-eabi/bin/../lib/gcc/arm-none-eabi/10.3.1/../../../../arm-none-eabi/lib/thumb/v7-m/nofp\libg.a(lib_a-vfprintf.o)
 .ARM.attributes
                0x08008119       0x2d d:/stmcube/gcc-arm-none-eabi/bin/../lib/gcc/arm-none-eabi/10.3.1/../../../../arm-none-eabi/lib/thumb/v7-m/nofp\libg.a(lib_a-wsetup.o)
 .ARM.attributes
                0x08008146       0x2d d:/stmcube/gcc-arm-none-eabi/bin/../lib/gcc/arm-none-eabi/10.3.1/../../../../arm-none-eabi/lib/thumb/v7-m/nofp\libg.a(lib_a-__call_atexit.o)
 .ARM.attributes
                0x08008173       0x2d d:/stmcube/gcc-arm-none-eabi/bin/../lib/gcc/arm-none-eabi/10.3.1/../../../../arm-none-eabi/lib/thumb/v7-m/nofp\libg.a(lib_a-atexit.o)
 .ARM.attributes
                0x080081a0       0x2d d:/stmcube/gcc-arm-none-eabi/bin/../lib/gcc/arm-none-eabi/10.3.1/../../../../arm-none-eabi/lib/thumb/v7-m/nofp\libg.a(lib_a-dtoa.o)
 .ARM.attributes
                0x080081cd       0x2d d:/stmcube/gcc-arm-none-eabi/bin/../lib/gcc/arm-none-eabi/10.3.1/../../../../arm-none-eabi/lib/thumb/v7-m/nofp\libg.a(lib_a-fflush.o)
 .ARM.attributes
                0x080081fa       0x2d d:/stmcube/gcc-arm-none-eabi/bin/../lib/gcc/arm-none-eabi/10.3.1/../../../../arm-none-eabi/lib/thumb/v7-m/nofp\libg.a(lib_a-findfp.o)
 .ARM.attributes
                0x08008227       0x2d d:/stmcube/gcc-arm-none-eabi/bin/../lib/gcc/arm-none-eabi/10.3.1/../../../../arm-none-eabi/lib/thumb/v7-m/nofp\libg.a(lib_a-fini.o)
 .ARM.attributes
                0x08008254       0x2d d:/stmcube/gcc-arm-none-eabi/bin/../lib/gcc/arm-none-eabi/10.3.1/../../../../arm-none-eabi/lib/thumb/v7-m/nofp\libg.a(lib_a-freer.o)
 .ARM.attributes
                0x08008281       0x2d d:/stmcube/gcc-arm-none-eabi/bin/../lib/gcc/arm-none-eabi/10.3.1/../../../../arm-none-eabi/lib/thumb/v7-m/nofp\libg.a(lib_a-fwalk.o)
 .ARM.attributes
                0x080082ae       0x2d d:/stmcube/gcc-arm-none-eabi/bin/../lib/gcc/arm-none-eabi/10.3.1/../../../../arm-none-eabi/lib/thumb/v7-m/nofp\libg.a(lib_a-localeconv.o)
 .ARM.attributes
                0x080082db       0x2d d:/stmcube/gcc-arm-none-eabi/bin/../lib/gcc/arm-none-eabi/10.3.1/../../../../arm-none-eabi/lib/thumb/v7-m/nofp\libg.a(lib_a-lock.o)
 .ARM.attributes
                0x08008308       0x2d d:/stmcube/gcc-arm-none-eabi/bin/../lib/gcc/arm-none-eabi/10.3.1/../../../../arm-none-eabi/lib/thumb/v7-m/nofp\libg.a(lib_a-makebuf.o)
 .ARM.attributes
                0x08008335       0x2d d:/stmcube/gcc-arm-none-eabi/bin/../lib/gcc/arm-none-eabi/10.3.1/../../../../arm-none-eabi/lib/thumb/v7-m/nofp\libg.a(lib_a-mallocr.o)
 .ARM.attributes
                0x08008362       0x2d d:/stmcube/gcc-arm-none-eabi/bin/../lib/gcc/arm-none-eabi/10.3.1/../../../../arm-none-eabi/lib/thumb/v7-m/nofp\libg.a(lib_a-memchr-stub.o)
 .ARM.attributes
                0x0800838f       0x1b d:/stmcube/gcc-arm-none-eabi/bin/../lib/gcc/arm-none-eabi/10.3.1/../../../../arm-none-eabi/lib/thumb/v7-m/nofp\libg.a(lib_a-memcpy.o)
 .ARM.attributes
                0x080083aa       0x2d d:/stmcube/gcc-arm-none-eabi/bin/../lib/gcc/arm-none-eabi/10.3.1/../../../../arm-none-eabi/lib/thumb/v7-m/nofp\libg.a(lib_a-mlock.o)
 .ARM.attributes
                0x080083d7       0x2d d:/stmcube/gcc-arm-none-eabi/bin/../lib/gcc/arm-none-eabi/10.3.1/../../../../arm-none-eabi/lib/thumb/v7-m/nofp\libg.a(lib_a-mprec.o)
 .ARM.attributes
                0x08008404       0x2d d:/stmcube/gcc-arm-none-eabi/bin/../lib/gcc/arm-none-eabi/10.3.1/../../../../arm-none-eabi/lib/thumb/v7-m/nofp\libg.a(lib_a-s_frexp.o)
 .ARM.attributes
                0x08008431       0x2d d:/stmcube/gcc-arm-none-eabi/bin/../lib/gcc/arm-none-eabi/10.3.1/../../../../arm-none-eabi/lib/thumb/v7-m/nofp\libg.a(lib_a-sbrkr.o)
 .ARM.attributes
                0x0800845e       0x2d d:/stmcube/gcc-arm-none-eabi/bin/../lib/gcc/arm-none-eabi/10.3.1/../../../../arm-none-eabi/lib/thumb/v7-m/nofp\libg.a(lib_a-stdio.o)
 .ARM.attributes
                0x0800848b       0x2d d:/stmcube/gcc-arm-none-eabi/bin/../lib/gcc/arm-none-eabi/10.3.1/../../../../arm-none-eabi/lib/thumb/v7-m/nofp\libg.a(lib_a-strlen-stub.o)
 .ARM.attributes
                0x080084b8       0x2d d:/stmcube/gcc-arm-none-eabi/bin/../lib/gcc/arm-none-eabi/10.3.1/../../../../arm-none-eabi/lib/thumb/v7-m/nofp\libg.a(lib_a-strncpy.o)
 .ARM.attributes
                0x080084e5       0x2d d:/stmcube/gcc-arm-none-eabi/bin/../lib/gcc/arm-none-eabi/10.3.1/../../../../arm-none-eabi/lib/thumb/v7-m/nofp\libg.a(lib_a-vfiprintf.o)
 .ARM.attributes
                0x08008512       0x2d d:/stmcube/gcc-arm-none-eabi/bin/../lib/gcc/arm-none-eabi/10.3.1/../../../../arm-none-eabi/lib/thumb/v7-m/nofp\libg.a(lib_a-writer.o)
 .ARM.attributes
                0x0800853f       0x2d d:/stmcube/gcc-arm-none-eabi/bin/../lib/gcc/arm-none-eabi/10.3.1/../../../../arm-none-eabi/lib/thumb/v7-m/nofp\libg.a(lib_a-__atexit.o)
 .ARM.attributes
                0x0800856c       0x2d d:/stmcube/gcc-arm-none-eabi/bin/../lib/gcc/arm-none-eabi/10.3.1/../../../../arm-none-eabi/lib/thumb/v7-m/nofp\libg.a(lib_a-assert.o)
 .ARM.attributes
                0x08008599       0x2d d:/stmcube/gcc-arm-none-eabi/bin/../lib/gcc/arm-none-eabi/10.3.1/../../../../arm-none-eabi/lib/thumb/v7-m/nofp\libg.a(lib_a-callocr.o)
 .ARM.attributes
                0x080085c6       0x2d d:/stmcube/gcc-arm-none-eabi/bin/../lib/gcc/arm-none-eabi/10.3.1/../../../../arm-none-eabi/lib/thumb/v7-m/nofp\libg.a(lib_a-closer.o)
 .ARM.attributes
                0x080085f3       0x2d d:/stmcube/gcc-arm-none-eabi/bin/../lib/gcc/arm-none-eabi/10.3.1/../../../../arm-none-eabi/lib/thumb/v7-m/nofp\libg.a(lib_a-errno.o)
 .ARM.attributes
                0x08008620       0x2d d:/stmcube/gcc-arm-none-eabi/bin/../lib/gcc/arm-none-eabi/10.3.1/../../../../arm-none-eabi/lib/thumb/v7-m/nofp\libg.a(lib_a-fclose.o)
 .ARM.attributes
                0x0800864d       0x2d d:/stmcube/gcc-arm-none-eabi/bin/../lib/gcc/arm-none-eabi/10.3.1/../../../../arm-none-eabi/lib/thumb/v7-m/nofp\libg.a(lib_a-fiprintf.o)
 .ARM.attributes
                0x0800867a       0x2d d:/stmcube/gcc-arm-none-eabi/bin/../lib/gcc/arm-none-eabi/10.3.1/../../../../arm-none-eabi/lib/thumb/v7-m/nofp\libg.a(lib_a-fputwc.o)
 .ARM.attributes
                0x080086a7       0x2d d:/stmcube/gcc-arm-none-eabi/bin/../lib/gcc/arm-none-eabi/10.3.1/../../../../arm-none-eabi/lib/thumb/v7-m/nofp\libg.a(lib_a-fstatr.o)
 .ARM.attributes
                0x080086d4       0x2d d:/stmcube/gcc-arm-none-eabi/bin/../lib/gcc/arm-none-eabi/10.3.1/../../../../arm-none-eabi/lib/thumb/v7-m/nofp\libg.a(lib_a-fvwrite.o)
 .ARM.attributes
                0x08008701       0x2d d:/stmcube/gcc-arm-none-eabi/bin/../lib/gcc/arm-none-eabi/10.3.1/../../../../arm-none-eabi/lib/thumb/v7-m/nofp\libg.a(lib_a-isattyr.o)
 .ARM.attributes
                0x0800872e       0x2d d:/stmcube/gcc-arm-none-eabi/bin/../lib/gcc/arm-none-eabi/10.3.1/../../../../arm-none-eabi/lib/thumb/v7-m/nofp\libg.a(lib_a-locale.o)
 .ARM.attributes
                0x0800875b       0x2d d:/stmcube/gcc-arm-none-eabi/bin/../lib/gcc/arm-none-eabi/10.3.1/../../../../arm-none-eabi/lib/thumb/v7-m/nofp\libg.a(lib_a-lseekr.o)
 .ARM.attributes
                0x08008788       0x2d d:/stmcube/gcc-arm-none-eabi/bin/../lib/gcc/arm-none-eabi/10.3.1/../../../../arm-none-eabi/lib/thumb/v7-m/nofp\libg.a(lib_a-mbtowc_r.o)
 .ARM.attributes
                0x080087b5       0x2d d:/stmcube/gcc-arm-none-eabi/bin/../lib/gcc/arm-none-eabi/10.3.1/../../../../arm-none-eabi/lib/thumb/v7-m/nofp\libg.a(lib_a-memmove.o)
 .ARM.attributes
                0x080087e2       0x2d d:/stmcube/gcc-arm-none-eabi/bin/../lib/gcc/arm-none-eabi/10.3.1/../../../../arm-none-eabi/lib/thumb/v7-m/nofp\libg.a(lib_a-readr.o)
 .ARM.attributes
                0x0800880f       0x2d d:/stmcube/gcc-arm-none-eabi/bin/../lib/gcc/arm-none-eabi/10.3.1/../../../../arm-none-eabi/lib/thumb/v7-m/nofp\libg.a(lib_a-reallocr.o)
 .ARM.attributes
                0x0800883c       0x2d d:/stmcube/gcc-arm-none-eabi/bin/../lib/gcc/arm-none-eabi/10.3.1/../../../../arm-none-eabi/lib/thumb/v7-m/nofp\libg.a(lib_a-reent.o)
 .ARM.attributes
                0x08008869       0x2d d:/stmcube/gcc-arm-none-eabi/bin/../lib/gcc/arm-none-eabi/10.3.1/../../../../arm-none-eabi/lib/thumb/v7-m/nofp\libg.a(lib_a-wbuf.o)
 .ARM.attributes
                0x08008896       0x2d d:/stmcube/gcc-arm-none-eabi/bin/../lib/gcc/arm-none-eabi/10.3.1/../../../../arm-none-eabi/lib/thumb/v7-m/nofp\libg.a(lib_a-wcrtomb.o)
 .ARM.attributes
                0x080088c3       0x2d d:/stmcube/gcc-arm-none-eabi/bin/../lib/gcc/arm-none-eabi/10.3.1/../../../../arm-none-eabi/lib/thumb/v7-m/nofp\libg.a(lib_a-wctomb_r.o)
 .ARM.attributes
                0x080088f0       0x2d d:/stmcube/gcc-arm-none-eabi/bin/../lib/gcc/arm-none-eabi/10.3.1/../../../../arm-none-eabi/lib/thumb/v7-m/nofp\libg.a(lib_a-abort.o)
 .ARM.attributes
                0x0800891d       0x2d d:/stmcube/gcc-arm-none-eabi/bin/../lib/gcc/arm-none-eabi/10.3.1/../../../../arm-none-eabi/lib/thumb/v7-m/nofp\libg.a(lib_a-ctype_.o)
 .ARM.attributes
                0x0800894a       0x2d d:/stmcube/gcc-arm-none-eabi/bin/../lib/gcc/arm-none-eabi/10.3.1/../../../../arm-none-eabi/lib/thumb/v7-m/nofp\libg.a(lib_a-signal.o)
 .ARM.attributes
                0x08008977       0x2d d:/stmcube/gcc-arm-none-eabi/bin/../lib/gcc/arm-none-eabi/10.3.1/../../../../arm-none-eabi/lib/thumb/v7-m/nofp\libg.a(lib_a-signalr.o)
 .ARM.attributes
                0x080089a4       0x1d d:/stmcube/gcc-arm-none-eabi/bin/../lib/gcc/arm-none-eabi/10.3.1/thumb/v7-m/nofp\libgcc.a(_arm_addsubdf3.o)
 .ARM.attributes
                0x080089c1       0x1d d:/stmcube/gcc-arm-none-eabi/bin/../lib/gcc/arm-none-eabi/10.3.1/thumb/v7-m/nofp\libgcc.a(_arm_muldivdf3.o)
 .ARM.attributes
                0x080089de       0x1d d:/stmcube/gcc-arm-none-eabi/bin/../lib/gcc/arm-none-eabi/10.3.1/thumb/v7-m/nofp\libgcc.a(_arm_cmpdf2.o)
 .ARM.attributes
                0x080089fb       0x1d d:/stmcube/gcc-arm-none-eabi/bin/../lib/gcc/arm-none-eabi/10.3.1/thumb/v7-m/nofp\libgcc.a(_arm_unorddf2.o)
 .ARM.attributes
                0x08008a18       0x1d d:/stmcube/gcc-arm-none-eabi/bin/../lib/gcc/arm-none-eabi/10.3.1/thumb/v7-m/nofp\libgcc.a(_arm_fixdfsi.o)
 .ARM.attributes
                0x08008a35       0x1d d:/stmcube/gcc-arm-none-eabi/bin/../lib/gcc/arm-none-eabi/10.3.1/thumb/v7-m/nofp\libgcc.a(_aeabi_uldivmod.o)
 .ARM.attributes
                0x08008a52       0x2d d:/stmcube/gcc-arm-none-eabi/bin/../lib/gcc/arm-none-eabi/10.3.1/thumb/v7-m/nofp\libgcc.a(_udivmoddi4.o)
 .ARM.attributes
                0x08008a7f       0x1d d:/stmcube/gcc-arm-none-eabi/bin/../lib/gcc/arm-none-eabi/10.3.1/thumb/v7-m/nofp\libgcc.a(_dvmd_tls.o)
 .ARM.attributes
                0x08008a9c       0x2d d:/stmcube/gcc-arm-none-eabi/bin/../lib/gcc/arm-none-eabi/10.3.1/../../../../arm-none-eabi/lib/thumb/v7-m/nofp\libnosys.a(close.o)
 .ARM.attributes
                0x08008ac9       0x2d d:/stmcube/gcc-arm-none-eabi/bin/../lib/gcc/arm-none-eabi/10.3.1/../../../../arm-none-eabi/lib/thumb/v7-m/nofp\libnosys.a(fstat.o)
 .ARM.attributes
                0x08008af6       0x2d d:/stmcube/gcc-arm-none-eabi/bin/../lib/gcc/arm-none-eabi/10.3.1/../../../../arm-none-eabi/lib/thumb/v7-m/nofp\libnosys.a(getpid.o)
 .ARM.attributes
                0x08008b23       0x2d d:/stmcube/gcc-arm-none-eabi/bin/../lib/gcc/arm-none-eabi/10.3.1/../../../../arm-none-eabi/lib/thumb/v7-m/nofp\libnosys.a(isatty.o)
 .ARM.attributes
                0x08008b50       0x2d d:/stmcube/gcc-arm-none-eabi/bin/../lib/gcc/arm-none-eabi/10.3.1/../../../../arm-none-eabi/lib/thumb/v7-m/nofp\libnosys.a(kill.o)
 .ARM.attributes
                0x08008b7d       0x2d d:/stmcube/gcc-arm-none-eabi/bin/../lib/gcc/arm-none-eabi/10.3.1/../../../../arm-none-eabi/lib/thumb/v7-m/nofp\libnosys.a(lseek.o)
 .ARM.attributes
                0x08008baa       0x2d d:/stmcube/gcc-arm-none-eabi/bin/../lib/gcc/arm-none-eabi/10.3.1/../../../../arm-none-eabi/lib/thumb/v7-m/nofp\libnosys.a(read.o)
 .ARM.attributes
                0x08008bd7       0x2d d:/stmcube/gcc-arm-none-eabi/bin/../lib/gcc/arm-none-eabi/10.3.1/../../../../arm-none-eabi/lib/thumb/v7-m/nofp\libnosys.a(sbrk.o)
 .ARM.attributes
                0x08008c04       0x2d d:/stmcube/gcc-arm-none-eabi/bin/../lib/gcc/arm-none-eabi/10.3.1/../../../../arm-none-eabi/lib/thumb/v7-m/nofp\libnosys.a(write.o)
 .ARM.attributes
                0x08008c31       0x2d d:/stmcube/gcc-arm-none-eabi/bin/../lib/gcc/arm-none-eabi/10.3.1/../../../../arm-none-eabi/lib/thumb/v7-m/nofp\libnosys.a(_exit.o)
 .ARM.attributes
                0x08008c5e       0x1d d:/stmcube/gcc-arm-none-eabi/bin/../lib/gcc/arm-none-eabi/10.3.1/thumb/v7-m/nofp/crtn.o

.preinit_array  0x08007e38        0x0
                0x08007e38                PROVIDE (__preinit_array_start = .)
 *(.preinit_array*)
                0x08007e38                PROVIDE (__preinit_array_end = .)

.init_array     0x08007e38        0x8
                0x08007e38                PROVIDE (__init_array_start = .)
 *(SORT_BY_NAME(.init_array.*))
 .init_array.00000
                0x08007e38        0x4 d:/stmcube/gcc-arm-none-eabi/bin/../lib/gcc/arm-none-eabi/10.3.1/../../../../arm-none-eabi/lib/thumb/v7-m/nofp\libg.a(lib_a-__call_atexit.o)
 *(.init_array*)
 .init_array    0x08007e3c        0x4 d:/stmcube/gcc-arm-none-eabi/bin/../lib/gcc/arm-none-eabi/10.3.1/thumb/v7-m/nofp/crtbegin.o
                0x08007e40                PROVIDE (__init_array_end = .)

.fini_array     0x08007e40        0x4
                0x08007e40                PROVIDE (__fini_array_start = .)
 *(.fini_array*)
 .fini_array    0x08007e40        0x4 d:/stmcube/gcc-arm-none-eabi/bin/../lib/gcc/arm-none-eabi/10.3.1/thumb/v7-m/nofp/crtbegin.o
 *(SORT_BY_NAME(.fini_array.*))
                0x08007e44                PROVIDE (__fini_array_end = .)
                0x08007e44                _sidata = .

.data           0x20000000      0x9b0 load address 0x08007e44
                0x20000000                . = ALIGN (0x4)
                0x20000000                _sdata = .
 *(.data)
 *(.data*)
 .data.SystemCoreClock
                0x20000000        0x4 CMakeFiles/GD32F10x.elf.dir/Drivers/CMSIS/system_gd32f10x.c.obj
                0x20000000                SystemCoreClock
 .data._impure_ptr
                0x20000004        0x4 d:/stmcube/gcc-arm-none-eabi/bin/../lib/gcc/arm-none-eabi/10.3.1/../../../../arm-none-eabi/lib/thumb/v7-m/nofp\libg.a(lib_a-impure.o)
                0x20000004                _impure_ptr
 .data.impure_data
                0x20000008      0x428 d:/stmcube/gcc-arm-none-eabi/bin/../lib/gcc/arm-none-eabi/10.3.1/../../../../arm-none-eabi/lib/thumb/v7-m/nofp\libg.a(lib_a-impure.o)
 .data.__atexit_recursive_mutex
                0x20000430        0x4 d:/stmcube/gcc-arm-none-eabi/bin/../lib/gcc/arm-none-eabi/10.3.1/../../../../arm-none-eabi/lib/thumb/v7-m/nofp\libg.a(lib_a-__call_atexit.o)
                0x20000430                __atexit_recursive_mutex
 .data.__malloc_av_
                0x20000434      0x408 d:/stmcube/gcc-arm-none-eabi/bin/../lib/gcc/arm-none-eabi/10.3.1/../../../../arm-none-eabi/lib/thumb/v7-m/nofp\libg.a(lib_a-mallocr.o)
                0x20000434                __malloc_av_
 .data.__malloc_sbrk_base
                0x2000083c        0x4 d:/stmcube/gcc-arm-none-eabi/bin/../lib/gcc/arm-none-eabi/10.3.1/../../../../arm-none-eabi/lib/thumb/v7-m/nofp\libg.a(lib_a-mallocr.o)
                0x2000083c                __malloc_sbrk_base
 .data.__malloc_trim_threshold
                0x20000840        0x4 d:/stmcube/gcc-arm-none-eabi/bin/../lib/gcc/arm-none-eabi/10.3.1/../../../../arm-none-eabi/lib/thumb/v7-m/nofp\libg.a(lib_a-mallocr.o)
                0x20000840                __malloc_trim_threshold
 .data.__global_locale
                0x20000844      0x16c d:/stmcube/gcc-arm-none-eabi/bin/../lib/gcc/arm-none-eabi/10.3.1/../../../../arm-none-eabi/lib/thumb/v7-m/nofp\libg.a(lib_a-locale.o)
                0x20000844                __global_locale
                0x200009b0                . = ALIGN (0x4)
                0x200009b0                _edata = .

.igot.plt       0x200009b0        0x0 load address 0x080087f4
 .igot.plt      0x200009b0        0x0 d:/stmcube/gcc-arm-none-eabi/bin/../lib/gcc/arm-none-eabi/10.3.1/thumb/v7-m/nofp/crtbegin.o
                0x200009b0                . = ALIGN (0x4)

.bss            0x200009b0       0x70 load address 0x080087f4
                0x200009b0                _sbss = .
                0x200009b0                __bss_start__ = _sbss
 *(.bss)
 .bss           0x200009b0       0x1c d:/stmcube/gcc-arm-none-eabi/bin/../lib/gcc/arm-none-eabi/10.3.1/thumb/v7-m/nofp/crtbegin.o
 *(.bss*)
 .bss.timingdelaylocal.0
                0x200009cc        0x4 CMakeFiles/GD32F10x.elf.dir/UserApp/Src/main.c.obj
 .bss.delay     0x200009d0        0x4 CMakeFiles/GD32F10x.elf.dir/UserApp/Src/systick.c.obj
 .bss.__lock___atexit_recursive_mutex
                0x200009d4        0x1 d:/stmcube/gcc-arm-none-eabi/bin/../lib/gcc/arm-none-eabi/10.3.1/../../../../arm-none-eabi/lib/thumb/v7-m/nofp\libg.a(lib_a-lock.o)
                0x200009d4                __lock___atexit_recursive_mutex
 *fill*         0x200009d5        0x3 
 .bss.__lock___malloc_recursive_mutex
                0x200009d8        0x1 d:/stmcube/gcc-arm-none-eabi/bin/../lib/gcc/arm-none-eabi/10.3.1/../../../../arm-none-eabi/lib/thumb/v7-m/nofp\libg.a(lib_a-lock.o)
                0x200009d8                __lock___malloc_recursive_mutex
 *fill*         0x200009d9        0x3 
 .bss.__lock___sfp_recursive_mutex
                0x200009dc        0x1 d:/stmcube/gcc-arm-none-eabi/bin/../lib/gcc/arm-none-eabi/10.3.1/../../../../arm-none-eabi/lib/thumb/v7-m/nofp\libg.a(lib_a-lock.o)
                0x200009dc                __lock___sfp_recursive_mutex
 *fill*         0x200009dd        0x3 
 .bss.__lock___sinit_recursive_mutex
                0x200009e0        0x1 d:/stmcube/gcc-arm-none-eabi/bin/../lib/gcc/arm-none-eabi/10.3.1/../../../../arm-none-eabi/lib/thumb/v7-m/nofp\libg.a(lib_a-lock.o)
                0x200009e0                __lock___sinit_recursive_mutex
 *fill*         0x200009e1        0x3 
 .bss.__malloc_current_mallinfo
                0x200009e4       0x28 d:/stmcube/gcc-arm-none-eabi/bin/../lib/gcc/arm-none-eabi/10.3.1/../../../../arm-none-eabi/lib/thumb/v7-m/nofp\libg.a(lib_a-mallocr.o)
                0x200009e4                __malloc_current_mallinfo
 .bss.__malloc_max_sbrked_mem
                0x20000a0c        0x4 d:/stmcube/gcc-arm-none-eabi/bin/../lib/gcc/arm-none-eabi/10.3.1/../../../../arm-none-eabi/lib/thumb/v7-m/nofp\libg.a(lib_a-mallocr.o)
                0x20000a0c                __malloc_max_sbrked_mem
 .bss.__malloc_max_total_mem
                0x20000a10        0x4 d:/stmcube/gcc-arm-none-eabi/bin/../lib/gcc/arm-none-eabi/10.3.1/../../../../arm-none-eabi/lib/thumb/v7-m/nofp\libg.a(lib_a-mallocr.o)
                0x20000a10                __malloc_max_total_mem
 .bss.__malloc_top_pad
                0x20000a14        0x4 d:/stmcube/gcc-arm-none-eabi/bin/../lib/gcc/arm-none-eabi/10.3.1/../../../../arm-none-eabi/lib/thumb/v7-m/nofp\libg.a(lib_a-mallocr.o)
                0x20000a14                __malloc_top_pad
 .bss.errno     0x20000a18        0x4 d:/stmcube/gcc-arm-none-eabi/bin/../lib/gcc/arm-none-eabi/10.3.1/../../../../arm-none-eabi/lib/thumb/v7-m/nofp\libg.a(lib_a-reent.o)
                0x20000a18                errno
 .bss.heap_end.0
                0x20000a1c        0x4 d:/stmcube/gcc-arm-none-eabi/bin/../lib/gcc/arm-none-eabi/10.3.1/../../../../arm-none-eabi/lib/thumb/v7-m/nofp\libnosys.a(sbrk.o)
 *(COMMON)
                0x20000a20                . = ALIGN (0x4)
                0x20000a20                _ebss = .
                0x20000a20                __bss_end__ = _ebss
                0x20000a20                PROVIDE (end = _ebss)
                [!provide]                PROVIDE (_end = _ebss)

._user_heap_stack
                0x20000a20      0x200 load address 0x08008864
                0x20000a20                . = ALIGN (0x4)
                0x20000a20                . = (. + _Min_Heap_Size)
                0x20000c20                . = (. + _Min_Stack_Size)
 *fill*         0x20000a20      0x200 
                0x20000c20                . = ALIGN (0x4)

.memory_b1_text
 *(.mb1text)
 *(.mb1text*)
 *(.mb1rodata)
 *(.mb1rodata*)

/DISCARD/
 libc.a(*)
 libm.a(*)
 libgcc.a(*)
OUTPUT(GD32F10x.elf elf32-littlearm)
LOAD linker stubs
LOAD d:/stmcube/gcc-arm-none-eabi/bin/../lib/gcc/arm-none-eabi/10.3.1/../../../../arm-none-eabi/lib/thumb/v7-m/nofp\libc.a
LOAD d:/stmcube/gcc-arm-none-eabi/bin/../lib/gcc/arm-none-eabi/10.3.1/../../../../arm-none-eabi/lib/thumb/v7-m/nofp\libm.a
LOAD d:/stmcube/gcc-arm-none-eabi/bin/../lib/gcc/arm-none-eabi/10.3.1/thumb/v7-m/nofp\libgcc.a

.debug_info     0x00000000     0x5060
 .debug_info    0x00000000      0x3a7 CMakeFiles/GD32F10x.elf.dir/Core/Src/gd32f10x_exti.c.obj
 .debug_info    0x000003a7      0x7af CMakeFiles/GD32F10x.elf.dir/Core/Src/gd32f10x_gpio.c.obj
 .debug_info    0x00000b56      0x5a9 CMakeFiles/GD32F10x.elf.dir/Core/Src/gd32f10x_misc.c.obj
 .debug_info    0x000010ff      0xe19 CMakeFiles/GD32F10x.elf.dir/Core/Src/gd32f10x_rcu.c.obj
 .debug_info    0x00001f18      0xd4c CMakeFiles/GD32F10x.elf.dir/Core/Src/gd32f10x_usart.c.obj
 .debug_info    0x00002c64      0x284 CMakeFiles/GD32F10x.elf.dir/Drivers/CMSIS/system_gd32f10x.c.obj
 .debug_info    0x00002ee8      0xbf4 CMakeFiles/GD32F10x.elf.dir/UserApp/Src/gd32f10x_eval.c.obj
 .debug_info    0x00003adc      0x14b CMakeFiles/GD32F10x.elf.dir/UserApp/Src/gd32f10x_it.c.obj
 .debug_info    0x00003c27      0xd22 CMakeFiles/GD32F10x.elf.dir/UserApp/Src/main.c.obj
 .debug_info    0x00004949      0x6f5 CMakeFiles/GD32F10x.elf.dir/UserApp/Src/systick.c.obj
 .debug_info    0x0000503e       0x22 CMakeFiles/GD32F10x.elf.dir/startup/startup_gd32f10x_md.S.obj

.debug_abbrev   0x00000000     0x1000
 .debug_abbrev  0x00000000      0x10b CMakeFiles/GD32F10x.elf.dir/Core/Src/gd32f10x_exti.c.obj
 .debug_abbrev  0x0000010b      0x1d9 CMakeFiles/GD32F10x.elf.dir/Core/Src/gd32f10x_gpio.c.obj
 .debug_abbrev  0x000002e4      0x166 CMakeFiles/GD32F10x.elf.dir/Core/Src/gd32f10x_misc.c.obj
 .debug_abbrev  0x0000044a      0x1de CMakeFiles/GD32F10x.elf.dir/Core/Src/gd32f10x_rcu.c.obj
 .debug_abbrev  0x00000628      0x1c4 CMakeFiles/GD32F10x.elf.dir/Core/Src/gd32f10x_usart.c.obj
 .debug_abbrev  0x000007ec      0x169 CMakeFiles/GD32F10x.elf.dir/Drivers/CMSIS/system_gd32f10x.c.obj
 .debug_abbrev  0x00000955      0x1af CMakeFiles/GD32F10x.elf.dir/UserApp/Src/gd32f10x_eval.c.obj
 .debug_abbrev  0x00000b04       0x7e CMakeFiles/GD32F10x.elf.dir/UserApp/Src/gd32f10x_it.c.obj
 .debug_abbrev  0x00000b82      0x282 CMakeFiles/GD32F10x.elf.dir/UserApp/Src/main.c.obj
 .debug_abbrev  0x00000e04      0x1ea CMakeFiles/GD32F10x.elf.dir/UserApp/Src/systick.c.obj
 .debug_abbrev  0x00000fee       0x12 CMakeFiles/GD32F10x.elf.dir/startup/startup_gd32f10x_md.S.obj

.debug_loc      0x00000000     0x1dd0
 .debug_loc     0x00000000      0x1db CMakeFiles/GD32F10x.elf.dir/Core/Src/gd32f10x_exti.c.obj
 .debug_loc     0x000001db      0x518 CMakeFiles/GD32F10x.elf.dir/Core/Src/gd32f10x_gpio.c.obj
 .debug_loc     0x000006f3      0x29b CMakeFiles/GD32F10x.elf.dir/Core/Src/gd32f10x_misc.c.obj
 .debug_loc     0x0000098e      0x915 CMakeFiles/GD32F10x.elf.dir/Core/Src/gd32f10x_rcu.c.obj
 .debug_loc     0x000012a3      0x7ab CMakeFiles/GD32F10x.elf.dir/Core/Src/gd32f10x_usart.c.obj
 .debug_loc     0x00001a4e      0x185 CMakeFiles/GD32F10x.elf.dir/Drivers/CMSIS/system_gd32f10x.c.obj
 .debug_loc     0x00001bd3      0x119 CMakeFiles/GD32F10x.elf.dir/UserApp/Src/gd32f10x_eval.c.obj
 .debug_loc     0x00001cec       0x54 CMakeFiles/GD32F10x.elf.dir/UserApp/Src/main.c.obj
 .debug_loc     0x00001d40       0x90 CMakeFiles/GD32F10x.elf.dir/UserApp/Src/systick.c.obj

.debug_aranges  0x00000000      0x580
 .debug_aranges
                0x00000000       0x78 CMakeFiles/GD32F10x.elf.dir/Core/Src/gd32f10x_exti.c.obj
 .debug_aranges
                0x00000078       0xa0 CMakeFiles/GD32F10x.elf.dir/Core/Src/gd32f10x_gpio.c.obj
 .debug_aranges
                0x00000118       0x50 CMakeFiles/GD32F10x.elf.dir/Core/Src/gd32f10x_misc.c.obj
 .debug_aranges
                0x00000168      0x138 CMakeFiles/GD32F10x.elf.dir/Core/Src/gd32f10x_rcu.c.obj
 .debug_aranges
                0x000002a0      0x170 CMakeFiles/GD32F10x.elf.dir/Core/Src/gd32f10x_usart.c.obj
 .debug_aranges
                0x00000410       0x38 CMakeFiles/GD32F10x.elf.dir/Drivers/CMSIS/system_gd32f10x.c.obj
 .debug_aranges
                0x00000448       0x50 CMakeFiles/GD32F10x.elf.dir/UserApp/Src/gd32f10x_eval.c.obj
 .debug_aranges
                0x00000498       0x60 CMakeFiles/GD32F10x.elf.dir/UserApp/Src/gd32f10x_it.c.obj
 .debug_aranges
                0x000004f8       0x30 CMakeFiles/GD32F10x.elf.dir/UserApp/Src/main.c.obj
 .debug_aranges
                0x00000528       0x30 CMakeFiles/GD32F10x.elf.dir/UserApp/Src/systick.c.obj
 .debug_aranges
                0x00000558       0x28 CMakeFiles/GD32F10x.elf.dir/startup/startup_gd32f10x_md.S.obj

.debug_ranges   0x00000000      0x4d8
 .debug_ranges  0x00000000       0x68 CMakeFiles/GD32F10x.elf.dir/Core/Src/gd32f10x_exti.c.obj
 .debug_ranges  0x00000068       0x90 CMakeFiles/GD32F10x.elf.dir/Core/Src/gd32f10x_gpio.c.obj
 .debug_ranges  0x000000f8       0x40 CMakeFiles/GD32F10x.elf.dir/Core/Src/gd32f10x_misc.c.obj
 .debug_ranges  0x00000138      0x128 CMakeFiles/GD32F10x.elf.dir/Core/Src/gd32f10x_rcu.c.obj
 .debug_ranges  0x00000260      0x160 CMakeFiles/GD32F10x.elf.dir/Core/Src/gd32f10x_usart.c.obj
 .debug_ranges  0x000003c0       0x28 CMakeFiles/GD32F10x.elf.dir/Drivers/CMSIS/system_gd32f10x.c.obj
 .debug_ranges  0x000003e8       0x40 CMakeFiles/GD32F10x.elf.dir/UserApp/Src/gd32f10x_eval.c.obj
 .debug_ranges  0x00000428       0x50 CMakeFiles/GD32F10x.elf.dir/UserApp/Src/gd32f10x_it.c.obj
 .debug_ranges  0x00000478       0x20 CMakeFiles/GD32F10x.elf.dir/UserApp/Src/main.c.obj
 .debug_ranges  0x00000498       0x20 CMakeFiles/GD32F10x.elf.dir/UserApp/Src/systick.c.obj
 .debug_ranges  0x000004b8       0x20 CMakeFiles/GD32F10x.elf.dir/startup/startup_gd32f10x_md.S.obj

.debug_line     0x00000000     0x2ef2
 .debug_line    0x00000000      0x388 CMakeFiles/GD32F10x.elf.dir/Core/Src/gd32f10x_exti.c.obj
 .debug_line    0x00000388      0x68a CMakeFiles/GD32F10x.elf.dir/Core/Src/gd32f10x_gpio.c.obj
 .debug_line    0x00000a12      0x2c7 CMakeFiles/GD32F10x.elf.dir/Core/Src/gd32f10x_misc.c.obj
 .debug_line    0x00000cd9      0x9d7 CMakeFiles/GD32F10x.elf.dir/Core/Src/gd32f10x_rcu.c.obj
 .debug_line    0x000016b0      0x869 CMakeFiles/GD32F10x.elf.dir/Core/Src/gd32f10x_usart.c.obj
 .debug_line    0x00001f19      0x496 CMakeFiles/GD32F10x.elf.dir/Drivers/CMSIS/system_gd32f10x.c.obj
 .debug_line    0x000023af      0x344 CMakeFiles/GD32F10x.elf.dir/UserApp/Src/gd32f10x_eval.c.obj
 .debug_line    0x000026f3      0x1ad CMakeFiles/GD32F10x.elf.dir/UserApp/Src/gd32f10x_it.c.obj
 .debug_line    0x000028a0      0x352 CMakeFiles/GD32F10x.elf.dir/UserApp/Src/main.c.obj
 .debug_line    0x00002bf2      0x25c CMakeFiles/GD32F10x.elf.dir/UserApp/Src/systick.c.obj
 .debug_line    0x00002e4e       0xa4 CMakeFiles/GD32F10x.elf.dir/startup/startup_gd32f10x_md.S.obj

.debug_str      0x00000000     0x25cb
 .debug_str     0x00000000      0x3f5 CMakeFiles/GD32F10x.elf.dir/Core/Src/gd32f10x_exti.c.obj
                                0x43c (size before relaxing)
 .debug_str     0x000003f5      0x41a CMakeFiles/GD32F10x.elf.dir/Core/Src/gd32f10x_gpio.c.obj
                                0x609 (size before relaxing)
 .debug_str     0x0000080f      0x23f CMakeFiles/GD32F10x.elf.dir/Core/Src/gd32f10x_misc.c.obj
                                0x40f (size before relaxing)
 .debug_str     0x00000a4e      0x959 CMakeFiles/GD32F10x.elf.dir/Core/Src/gd32f10x_rcu.c.obj
                                0xd44 (size before relaxing)
 .debug_str     0x000013a7      0x5a6 CMakeFiles/GD32F10x.elf.dir/Core/Src/gd32f10x_usart.c.obj
                                0x9c9 (size before relaxing)
 .debug_str     0x0000194d       0xca CMakeFiles/GD32F10x.elf.dir/Drivers/CMSIS/system_gd32f10x.c.obj
                                0x2f3 (size before relaxing)
 .debug_str     0x00001a17      0x5d6 CMakeFiles/GD32F10x.elf.dir/UserApp/Src/gd32f10x_eval.c.obj
                                0xbe3 (size before relaxing)
 .debug_str     0x00001fed       0xf0 CMakeFiles/GD32F10x.elf.dir/UserApp/Src/gd32f10x_it.c.obj
                                0x293 (size before relaxing)
 .debug_str     0x000020dd      0x41e CMakeFiles/GD32F10x.elf.dir/UserApp/Src/main.c.obj
                                0x7d3 (size before relaxing)
 .debug_str     0x000024fb       0x78 CMakeFiles/GD32F10x.elf.dir/UserApp/Src/systick.c.obj
                                0x751 (size before relaxing)
 .debug_str     0x00002573       0x58 CMakeFiles/GD32F10x.elf.dir/startup/startup_gd32f10x_md.S.obj
                                 0xa2 (size before relaxing)

.comment        0x00000000       0x49
 .comment       0x00000000       0x49 CMakeFiles/GD32F10x.elf.dir/Core/Src/gd32f10x_exti.c.obj
                                 0x4a (size before relaxing)
 .comment       0x00000049       0x4a CMakeFiles/GD32F10x.elf.dir/Core/Src/gd32f10x_gpio.c.obj
 .comment       0x00000049       0x4a CMakeFiles/GD32F10x.elf.dir/Core/Src/gd32f10x_misc.c.obj
 .comment       0x00000049       0x4a CMakeFiles/GD32F10x.elf.dir/Core/Src/gd32f10x_rcu.c.obj
 .comment       0x00000049       0x4a CMakeFiles/GD32F10x.elf.dir/Core/Src/gd32f10x_usart.c.obj
 .comment       0x00000049       0x4a CMakeFiles/GD32F10x.elf.dir/Drivers/CMSIS/system_gd32f10x.c.obj
 .comment       0x00000049       0x4a CMakeFiles/GD32F10x.elf.dir/UserApp/Src/gd32f10x_eval.c.obj
 .comment       0x00000049       0x4a CMakeFiles/GD32F10x.elf.dir/UserApp/Src/gd32f10x_it.c.obj
 .comment       0x00000049       0x4a CMakeFiles/GD32F10x.elf.dir/UserApp/Src/main.c.obj
 .comment       0x00000049       0x4a CMakeFiles/GD32F10x.elf.dir/UserApp/Src/systick.c.obj

.debug_frame    0x00000000     0x2128
 .debug_frame   0x00000000       0xdc CMakeFiles/GD32F10x.elf.dir/Core/Src/gd32f10x_exti.c.obj
 .debug_frame   0x000000dc      0x150 CMakeFiles/GD32F10x.elf.dir/Core/Src/gd32f10x_gpio.c.obj
 .debug_frame   0x0000022c       0x8c CMakeFiles/GD32F10x.elf.dir/Core/Src/gd32f10x_misc.c.obj
 .debug_frame   0x000002b8      0x274 CMakeFiles/GD32F10x.elf.dir/Core/Src/gd32f10x_rcu.c.obj
 .debug_frame   0x0000052c      0x2ec CMakeFiles/GD32F10x.elf.dir/Core/Src/gd32f10x_usart.c.obj
 .debug_frame   0x00000818       0x70 CMakeFiles/GD32F10x.elf.dir/Drivers/CMSIS/system_gd32f10x.c.obj
 .debug_frame   0x00000888       0xb8 CMakeFiles/GD32F10x.elf.dir/UserApp/Src/gd32f10x_eval.c.obj
 .debug_frame   0x00000940       0xa8 CMakeFiles/GD32F10x.elf.dir/UserApp/Src/gd32f10x_it.c.obj
 .debug_frame   0x000009e8       0x58 CMakeFiles/GD32F10x.elf.dir/UserApp/Src/main.c.obj
 .debug_frame   0x00000a40       0x40 CMakeFiles/GD32F10x.elf.dir/UserApp/Src/systick.c.obj
 .debug_frame   0x00000a80       0x2c d:/stmcube/gcc-arm-none-eabi/bin/../lib/gcc/arm-none-eabi/10.3.1/../../../../arm-none-eabi/lib/thumb/v7-m/nofp\libg.a(lib_a-memset.o)
 .debug_frame   0x00000aac       0x74 d:/stmcube/gcc-arm-none-eabi/bin/../lib/gcc/arm-none-eabi/10.3.1/../../../../arm-none-eabi/lib/thumb/v7-m/nofp\libg.a(lib_a-printf.o)
 .debug_frame   0x00000b20       0x94 d:/stmcube/gcc-arm-none-eabi/bin/../lib/gcc/arm-none-eabi/10.3.1/../../../../arm-none-eabi/lib/thumb/v7-m/nofp\libg.a(lib_a-vfprintf.o)
 .debug_frame   0x00000bb4       0x2c d:/stmcube/gcc-arm-none-eabi/bin/../lib/gcc/arm-none-eabi/10.3.1/../../../../arm-none-eabi/lib/thumb/v7-m/nofp\libg.a(lib_a-wsetup.o)
 .debug_frame   0x00000be0       0x5c d:/stmcube/gcc-arm-none-eabi/bin/../lib/gcc/arm-none-eabi/10.3.1/../../../../arm-none-eabi/lib/thumb/v7-m/nofp\libg.a(lib_a-__call_atexit.o)
 .debug_frame   0x00000c3c       0x20 d:/stmcube/gcc-arm-none-eabi/bin/../lib/gcc/arm-none-eabi/10.3.1/../../../../arm-none-eabi/lib/thumb/v7-m/nofp\libg.a(lib_a-atexit.o)
 .debug_frame   0x00000c5c       0x8c d:/stmcube/gcc-arm-none-eabi/bin/../lib/gcc/arm-none-eabi/10.3.1/../../../../arm-none-eabi/lib/thumb/v7-m/nofp\libg.a(lib_a-dtoa.o)
 .debug_frame   0x00000ce8       0x70 d:/stmcube/gcc-arm-none-eabi/bin/../lib/gcc/arm-none-eabi/10.3.1/../../../../arm-none-eabi/lib/thumb/v7-m/nofp\libg.a(lib_a-fflush.o)
 .debug_frame   0x00000d58      0x154 d:/stmcube/gcc-arm-none-eabi/bin/../lib/gcc/arm-none-eabi/10.3.1/../../../../arm-none-eabi/lib/thumb/v7-m/nofp\libg.a(lib_a-findfp.o)
 .debug_frame   0x00000eac       0x34 d:/stmcube/gcc-arm-none-eabi/bin/../lib/gcc/arm-none-eabi/10.3.1/../../../../arm-none-eabi/lib/thumb/v7-m/nofp\libg.a(lib_a-fini.o)
 .debug_frame   0x00000ee0       0x8c d:/stmcube/gcc-arm-none-eabi/bin/../lib/gcc/arm-none-eabi/10.3.1/../../../../arm-none-eabi/lib/thumb/v7-m/nofp\libg.a(lib_a-freer.o)
 .debug_frame   0x00000f6c       0x54 d:/stmcube/gcc-arm-none-eabi/bin/../lib/gcc/arm-none-eabi/10.3.1/../../../../arm-none-eabi/lib/thumb/v7-m/nofp\libg.a(lib_a-fwalk.o)
 .debug_frame   0x00000fc0       0x40 d:/stmcube/gcc-arm-none-eabi/bin/../lib/gcc/arm-none-eabi/10.3.1/../../../../arm-none-eabi/lib/thumb/v7-m/nofp\libg.a(lib_a-localeconv.o)
 .debug_frame   0x00001000       0xb0 d:/stmcube/gcc-arm-none-eabi/bin/../lib/gcc/arm-none-eabi/10.3.1/../../../../arm-none-eabi/lib/thumb/v7-m/nofp\libg.a(lib_a-lock.o)
 .debug_frame   0x000010b0       0x70 d:/stmcube/gcc-arm-none-eabi/bin/../lib/gcc/arm-none-eabi/10.3.1/../../../../arm-none-eabi/lib/thumb/v7-m/nofp\libg.a(lib_a-makebuf.o)
 .debug_frame   0x00001120       0x4c d:/stmcube/gcc-arm-none-eabi/bin/../lib/gcc/arm-none-eabi/10.3.1/../../../../arm-none-eabi/lib/thumb/v7-m/nofp\libg.a(lib_a-mallocr.o)
 .debug_frame   0x0000116c       0x28 d:/stmcube/gcc-arm-none-eabi/bin/../lib/gcc/arm-none-eabi/10.3.1/../../../../arm-none-eabi/lib/thumb/v7-m/nofp\libg.a(lib_a-memchr-stub.o)
 .debug_frame   0x00001194       0x30 d:/stmcube/gcc-arm-none-eabi/bin/../lib/gcc/arm-none-eabi/10.3.1/../../../../arm-none-eabi/lib/thumb/v7-m/nofp\libg.a(lib_a-mlock.o)
 .debug_frame   0x000011c4      0x260 d:/stmcube/gcc-arm-none-eabi/bin/../lib/gcc/arm-none-eabi/10.3.1/../../../../arm-none-eabi/lib/thumb/v7-m/nofp\libg.a(lib_a-mprec.o)
 .debug_frame   0x00001424       0x30 d:/stmcube/gcc-arm-none-eabi/bin/../lib/gcc/arm-none-eabi/10.3.1/../../../../arm-none-eabi/lib/thumb/v7-m/nofp\libg.a(lib_a-s_frexp.o)
 .debug_frame   0x00001454       0x2c d:/stmcube/gcc-arm-none-eabi/bin/../lib/gcc/arm-none-eabi/10.3.1/../../../../arm-none-eabi/lib/thumb/v7-m/nofp\libg.a(lib_a-sbrkr.o)
 .debug_frame   0x00001480       0x8c d:/stmcube/gcc-arm-none-eabi/bin/../lib/gcc/arm-none-eabi/10.3.1/../../../../arm-none-eabi/lib/thumb/v7-m/nofp\libg.a(lib_a-stdio.o)
 .debug_frame   0x0000150c       0x20 d:/stmcube/gcc-arm-none-eabi/bin/../lib/gcc/arm-none-eabi/10.3.1/../../../../arm-none-eabi/lib/thumb/v7-m/nofp\libg.a(lib_a-strlen-stub.o)
 .debug_frame   0x0000152c       0x2c d:/stmcube/gcc-arm-none-eabi/bin/../lib/gcc/arm-none-eabi/10.3.1/../../../../arm-none-eabi/lib/thumb/v7-m/nofp\libg.a(lib_a-strncpy.o)
 .debug_frame   0x00001558       0xdc d:/stmcube/gcc-arm-none-eabi/bin/../lib/gcc/arm-none-eabi/10.3.1/../../../../arm-none-eabi/lib/thumb/v7-m/nofp\libg.a(lib_a-vfiprintf.o)
 .debug_frame   0x00001634       0x2c d:/stmcube/gcc-arm-none-eabi/bin/../lib/gcc/arm-none-eabi/10.3.1/../../../../arm-none-eabi/lib/thumb/v7-m/nofp\libg.a(lib_a-writer.o)
 .debug_frame   0x00001660       0x34 d:/stmcube/gcc-arm-none-eabi/bin/../lib/gcc/arm-none-eabi/10.3.1/../../../../arm-none-eabi/lib/thumb/v7-m/nofp\libg.a(lib_a-__atexit.o)
 .debug_frame   0x00001694       0x40 d:/stmcube/gcc-arm-none-eabi/bin/../lib/gcc/arm-none-eabi/10.3.1/../../../../arm-none-eabi/lib/thumb/v7-m/nofp\libg.a(lib_a-assert.o)
 .debug_frame   0x000016d4       0x2c d:/stmcube/gcc-arm-none-eabi/bin/../lib/gcc/arm-none-eabi/10.3.1/../../../../arm-none-eabi/lib/thumb/v7-m/nofp\libg.a(lib_a-callocr.o)
 .debug_frame   0x00001700       0x2c d:/stmcube/gcc-arm-none-eabi/bin/../lib/gcc/arm-none-eabi/10.3.1/../../../../arm-none-eabi/lib/thumb/v7-m/nofp\libg.a(lib_a-closer.o)
 .debug_frame   0x0000172c       0x20 d:/stmcube/gcc-arm-none-eabi/bin/../lib/gcc/arm-none-eabi/10.3.1/../../../../arm-none-eabi/lib/thumb/v7-m/nofp\libg.a(lib_a-errno.o)
 .debug_frame   0x0000174c       0x3c d:/stmcube/gcc-arm-none-eabi/bin/../lib/gcc/arm-none-eabi/10.3.1/../../../../arm-none-eabi/lib/thumb/v7-m/nofp\libg.a(lib_a-fclose.o)
 .debug_frame   0x00001788       0x6c d:/stmcube/gcc-arm-none-eabi/bin/../lib/gcc/arm-none-eabi/10.3.1/../../../../arm-none-eabi/lib/thumb/v7-m/nofp\libg.a(lib_a-fiprintf.o)
 .debug_frame   0x000017f4       0x88 d:/stmcube/gcc-arm-none-eabi/bin/../lib/gcc/arm-none-eabi/10.3.1/../../../../arm-none-eabi/lib/thumb/v7-m/nofp\libg.a(lib_a-fputwc.o)
 .debug_frame   0x0000187c       0x2c d:/stmcube/gcc-arm-none-eabi/bin/../lib/gcc/arm-none-eabi/10.3.1/../../../../arm-none-eabi/lib/thumb/v7-m/nofp\libg.a(lib_a-fstatr.o)
 .debug_frame   0x000018a8       0x64 d:/stmcube/gcc-arm-none-eabi/bin/../lib/gcc/arm-none-eabi/10.3.1/../../../../arm-none-eabi/lib/thumb/v7-m/nofp\libg.a(lib_a-fvwrite.o)
 .debug_frame   0x0000190c       0x2c d:/stmcube/gcc-arm-none-eabi/bin/../lib/gcc/arm-none-eabi/10.3.1/../../../../arm-none-eabi/lib/thumb/v7-m/nofp\libg.a(lib_a-isattyr.o)
 .debug_frame   0x00001938       0x68 d:/stmcube/gcc-arm-none-eabi/bin/../lib/gcc/arm-none-eabi/10.3.1/../../../../arm-none-eabi/lib/thumb/v7-m/nofp\libg.a(lib_a-locale.o)
 .debug_frame   0x000019a0       0x2c d:/stmcube/gcc-arm-none-eabi/bin/../lib/gcc/arm-none-eabi/10.3.1/../../../../arm-none-eabi/lib/thumb/v7-m/nofp\libg.a(lib_a-lseekr.o)
 .debug_frame   0x000019cc       0x4c d:/stmcube/gcc-arm-none-eabi/bin/../lib/gcc/arm-none-eabi/10.3.1/../../../../arm-none-eabi/lib/thumb/v7-m/nofp\libg.a(lib_a-mbtowc_r.o)
 .debug_frame   0x00001a18       0x40 d:/stmcube/gcc-arm-none-eabi/bin/../lib/gcc/arm-none-eabi/10.3.1/../../../../arm-none-eabi/lib/thumb/v7-m/nofp\libg.a(lib_a-memmove.o)
 .debug_frame   0x00001a58       0x2c d:/stmcube/gcc-arm-none-eabi/bin/../lib/gcc/arm-none-eabi/10.3.1/../../../../arm-none-eabi/lib/thumb/v7-m/nofp\libg.a(lib_a-readr.o)
 .debug_frame   0x00001a84       0x48 d:/stmcube/gcc-arm-none-eabi/bin/../lib/gcc/arm-none-eabi/10.3.1/../../../../arm-none-eabi/lib/thumb/v7-m/nofp\libg.a(lib_a-reallocr.o)
 .debug_frame   0x00001acc       0x64 d:/stmcube/gcc-arm-none-eabi/bin/../lib/gcc/arm-none-eabi/10.3.1/../../../../arm-none-eabi/lib/thumb/v7-m/nofp\libg.a(lib_a-reent.o)
 .debug_frame   0x00001b30       0x40 d:/stmcube/gcc-arm-none-eabi/bin/../lib/gcc/arm-none-eabi/10.3.1/../../../../arm-none-eabi/lib/thumb/v7-m/nofp\libg.a(lib_a-wbuf.o)
 .debug_frame   0x00001b70       0x60 d:/stmcube/gcc-arm-none-eabi/bin/../lib/gcc/arm-none-eabi/10.3.1/../../../../arm-none-eabi/lib/thumb/v7-m/nofp\libg.a(lib_a-wcrtomb.o)
 .debug_frame   0x00001bd0       0x3c d:/stmcube/gcc-arm-none-eabi/bin/../lib/gcc/arm-none-eabi/10.3.1/../../../../arm-none-eabi/lib/thumb/v7-m/nofp\libg.a(lib_a-wctomb_r.o)
 .debug_frame   0x00001c0c       0x28 d:/stmcube/gcc-arm-none-eabi/bin/../lib/gcc/arm-none-eabi/10.3.1/../../../../arm-none-eabi/lib/thumb/v7-m/nofp\libg.a(lib_a-abort.o)
 .debug_frame   0x00001c34      0x114 d:/stmcube/gcc-arm-none-eabi/bin/../lib/gcc/arm-none-eabi/10.3.1/../../../../arm-none-eabi/lib/thumb/v7-m/nofp\libg.a(lib_a-signal.o)
 .debug_frame   0x00001d48       0x3c d:/stmcube/gcc-arm-none-eabi/bin/../lib/gcc/arm-none-eabi/10.3.1/../../../../arm-none-eabi/lib/thumb/v7-m/nofp\libg.a(lib_a-signalr.o)
 .debug_frame   0x00001d84       0xac d:/stmcube/gcc-arm-none-eabi/bin/../lib/gcc/arm-none-eabi/10.3.1/thumb/v7-m/nofp\libgcc.a(_arm_addsubdf3.o)
 .debug_frame   0x00001e30       0x50 d:/stmcube/gcc-arm-none-eabi/bin/../lib/gcc/arm-none-eabi/10.3.1/thumb/v7-m/nofp\libgcc.a(_arm_muldivdf3.o)
 .debug_frame   0x00001e80       0xc4 d:/stmcube/gcc-arm-none-eabi/bin/../lib/gcc/arm-none-eabi/10.3.1/thumb/v7-m/nofp\libgcc.a(_arm_cmpdf2.o)
 .debug_frame   0x00001f44       0x20 d:/stmcube/gcc-arm-none-eabi/bin/../lib/gcc/arm-none-eabi/10.3.1/thumb/v7-m/nofp\libgcc.a(_arm_unorddf2.o)
 .debug_frame   0x00001f64       0x24 d:/stmcube/gcc-arm-none-eabi/bin/../lib/gcc/arm-none-eabi/10.3.1/thumb/v7-m/nofp\libgcc.a(_arm_fixdfsi.o)
 .debug_frame   0x00001f88       0x2c d:/stmcube/gcc-arm-none-eabi/bin/../lib/gcc/arm-none-eabi/10.3.1/thumb/v7-m/nofp\libgcc.a(_aeabi_uldivmod.o)
 .debug_frame   0x00001fb4       0x34 d:/stmcube/gcc-arm-none-eabi/bin/../lib/gcc/arm-none-eabi/10.3.1/thumb/v7-m/nofp\libgcc.a(_udivmoddi4.o)
 .debug_frame   0x00001fe8       0x20 d:/stmcube/gcc-arm-none-eabi/bin/../lib/gcc/arm-none-eabi/10.3.1/../../../../arm-none-eabi/lib/thumb/v7-m/nofp\libnosys.a(close.o)
 .debug_frame   0x00002008       0x20 d:/stmcube/gcc-arm-none-eabi/bin/../lib/gcc/arm-none-eabi/10.3.1/../../../../arm-none-eabi/lib/thumb/v7-m/nofp\libnosys.a(fstat.o)
 .debug_frame   0x00002028       0x20 d:/stmcube/gcc-arm-none-eabi/bin/../lib/gcc/arm-none-eabi/10.3.1/../../../../arm-none-eabi/lib/thumb/v7-m/nofp\libnosys.a(getpid.o)
 .debug_frame   0x00002048       0x20 d:/stmcube/gcc-arm-none-eabi/bin/../lib/gcc/arm-none-eabi/10.3.1/../../../../arm-none-eabi/lib/thumb/v7-m/nofp\libnosys.a(isatty.o)
 .debug_frame   0x00002068       0x20 d:/stmcube/gcc-arm-none-eabi/bin/../lib/gcc/arm-none-eabi/10.3.1/../../../../arm-none-eabi/lib/thumb/v7-m/nofp\libnosys.a(kill.o)
 .debug_frame   0x00002088       0x20 d:/stmcube/gcc-arm-none-eabi/bin/../lib/gcc/arm-none-eabi/10.3.1/../../../../arm-none-eabi/lib/thumb/v7-m/nofp\libnosys.a(lseek.o)
 .debug_frame   0x000020a8       0x20 d:/stmcube/gcc-arm-none-eabi/bin/../lib/gcc/arm-none-eabi/10.3.1/../../../../arm-none-eabi/lib/thumb/v7-m/nofp\libnosys.a(read.o)
 .debug_frame   0x000020c8       0x20 d:/stmcube/gcc-arm-none-eabi/bin/../lib/gcc/arm-none-eabi/10.3.1/../../../../arm-none-eabi/lib/thumb/v7-m/nofp\libnosys.a(sbrk.o)
 .debug_frame   0x000020e8       0x20 d:/stmcube/gcc-arm-none-eabi/bin/../lib/gcc/arm-none-eabi/10.3.1/../../../../arm-none-eabi/lib/thumb/v7-m/nofp\libnosys.a(write.o)
 .debug_frame   0x00002108       0x20 d:/stmcube/gcc-arm-none-eabi/bin/../lib/gcc/arm-none-eabi/10.3.1/../../../../arm-none-eabi/lib/thumb/v7-m/nofp\libnosys.a(_exit.o)

.stab           0x00000000       0xcc
 .stab          0x00000000       0x24 d:/stmcube/gcc-arm-none-eabi/bin/../lib/gcc/arm-none-eabi/10.3.1/../../../../arm-none-eabi/lib/thumb/v7-m/nofp\libnosys.a(close.o)
 .stab          0x00000024       0x18 d:/stmcube/gcc-arm-none-eabi/bin/../lib/gcc/arm-none-eabi/10.3.1/../../../../arm-none-eabi/lib/thumb/v7-m/nofp\libnosys.a(fstat.o)
                                 0x24 (size before relaxing)
 .stab          0x0000003c       0x18 d:/stmcube/gcc-arm-none-eabi/bin/../lib/gcc/arm-none-eabi/10.3.1/../../../../arm-none-eabi/lib/thumb/v7-m/nofp\libnosys.a(getpid.o)
                                 0x24 (size before relaxing)
 .stab          0x00000054       0x18 d:/stmcube/gcc-arm-none-eabi/bin/../lib/gcc/arm-none-eabi/10.3.1/../../../../arm-none-eabi/lib/thumb/v7-m/nofp\libnosys.a(isatty.o)
                                 0x24 (size before relaxing)
 .stab          0x0000006c       0x18 d:/stmcube/gcc-arm-none-eabi/bin/../lib/gcc/arm-none-eabi/10.3.1/../../../../arm-none-eabi/lib/thumb/v7-m/nofp\libnosys.a(kill.o)
                                 0x24 (size before relaxing)
 .stab          0x00000084       0x18 d:/stmcube/gcc-arm-none-eabi/bin/../lib/gcc/arm-none-eabi/10.3.1/../../../../arm-none-eabi/lib/thumb/v7-m/nofp\libnosys.a(lseek.o)
                                 0x24 (size before relaxing)
 .stab          0x0000009c       0x18 d:/stmcube/gcc-arm-none-eabi/bin/../lib/gcc/arm-none-eabi/10.3.1/../../../../arm-none-eabi/lib/thumb/v7-m/nofp\libnosys.a(read.o)
                                 0x24 (size before relaxing)
 .stab          0x000000b4       0x18 d:/stmcube/gcc-arm-none-eabi/bin/../lib/gcc/arm-none-eabi/10.3.1/../../../../arm-none-eabi/lib/thumb/v7-m/nofp\libnosys.a(write.o)
                                 0x24 (size before relaxing)

.stabstr        0x00000000      0x1b9
 .stabstr       0x00000000      0x1b9 d:/stmcube/gcc-arm-none-eabi/bin/../lib/gcc/arm-none-eabi/10.3.1/../../../../arm-none-eabi/lib/thumb/v7-m/nofp\libnosys.a(close.o)